--------- beginning of kernel
08-23 08:42:21.346     0     0 I         : Booting Linux on physical CPU 0x0000000000 [0x610f0000]
08-23 08:42:21.346     0     0 I         : Linux version 5.15.137-00002-g1cf30744b9be (nobody@android-build) (Android (8490178, based on r450784d) clang version 14.0.6 (https://android.googlesource.com/toolchain/llvm-project 4c603efb0cca074e9238af8b4106c30add4418f6), LLD 14.0.6) #1 SMP PREEMPT Tue Aug 12 03:21:53 IST 2025
08-23 08:42:21.346     0     0 I random  : crng init done
08-23 08:42:21.346     0     0 I Machine model: linux,dummy-virt
08-23 08:42:21.346     0     0 I         : Stack Depot is disabled
08-23 08:42:21.346     0     0 W         : KVM is not available. Ignoring kvm-arm.mode
08-23 08:42:21.346     0     0 I printk  : debug: skip boot console de-registration.
08-23 08:42:21.346     0     0 I efi     : UEFI not found.
08-23 08:42:21.346     0     0 I Zone ranges:  
08-23 08:42:21.346     0     0 I         : DMA32    [mem 0x0000000500000000-0x00000005ffffffff]
08-23 08:42:21.346     0     0 I         : Normal   empty
08-23 08:42:21.346     0     0 I         : Movable zone start for each node
08-23 08:42:21.346     0     0 I         : Early memory node ranges
08-23 08:42:21.346     0     0 I node   0: [mem 0x0000000500000000-0x00000005ffffffff]
08-23 08:42:21.346     0     0 I         : Initmem setup node 0 [mem 0x0000000500000000-0x00000005ffffffff]
08-23 08:42:21.346     0     0 I cma     : Reserved 16 MiB at 0x0000000502000000
08-23 08:42:21.346     0     0 I psci    : probing for conduit method from DT.
08-23 08:42:21.346     0     0 I psci    : PSCIv1.1 detected in firmware.
08-23 08:42:21.346     0     0 I psci    : Using standard PSCI v0.2 function IDs
08-23 08:42:21.346     0     0 I psci    : Trusted OS migration not required
08-23 08:42:21.346     0     0 I psci    : SMC Calling Convention v1.0
08-23 08:42:21.346     0     0 I percpu  : Embedded 29 pages/cpu s80408 r8192 d30184 u118784
08-23 08:42:21.346     0     0 D pcpu-alloc: s80408 r8192 d30184 u118784 alloc=29*4096
08-23 08:42:21.346     0     0 D pcpu-alloc: [0] 0 [0] 1 [0] 2 [0] 3
08-23 08:42:21.346     0     0 I         : Detected PIPT I-cache on CPU0
08-23 08:42:21.346     0     0 W CPU features: SYS_ID_AA64MMFR1_EL1[11:8]: already set to 0
08-23 08:42:21.346     0     0 I CPU features: detected: Address authentication (IMP DEF algorithm)
08-23 08:42:21.346     0     0 I CPU features: detected: Spectre-v4
08-23 08:42:21.346     0     0 I alternatives: patching kernel code
08-23 08:42:21.346     0     0 I         : Built 1 zonelists, mobility grouping on.  Total pages: 1032192
08-23 08:42:21.346     0     0 I         : Kernel command line: stack_depot_disable=on kasan.stacktrace=off kvm-arm.mode=protected cgroup_disable=pressure no_timer_check console=ttyAMA0,38400 keep_bootcon earlyprintk=ttyAMA0 idle=nomwait printk.devkmsg=on
08-23 08:42:21.346     0     0 I cgroup  : Disabling pressure control group feature
08-23 08:42:21.346     0     0 I         : Unknown kernel command line parameters "no_timer_check earlyprintk=ttyAMA0 idle=nomwait", will be passed to user space.
08-23 08:42:21.346     0     0 I         : Dentry cache hash table entries: 524288 (order: 10, 4194304 bytes, linear)
08-23 08:42:21.346     0     0 I         : Inode-cache hash table entries: 262144 (order: 9, 2097152 bytes, linear)
08-23 08:42:21.346     0     0 I mem auto-init: stack:all(zero), heap alloc:on, heap free:off
08-23 08:42:21.346     0     0 I Memory  : 4067448K/4194304K available (14784K kernel code, 1814K rwdata, 8980K rodata, 896K init, 609K bss, 110472K reserved, 16384K cma-reserved)
08-23 08:42:21.346     0     0 I SLUB    : HWalign=64, Order=0-3, MinObjects=0, CPUs=4, Nodes=1
08-23 08:42:21.346     0     0 I         : trace event string verifier disabled
08-23 08:42:21.346     0     0 I rcu     : Preemptible hierarchical RCU implementation.
08-23 08:42:21.346     0     0 I rcu     : RCU event tracing is enabled.
08-23 08:42:21.346     0     0 I rcu     : RCU dyntick-idle grace-period acceleration is enabled.
08-23 08:42:21.346     0     0 I rcu     : RCU restricting CPUs from NR_CPUS=32 to nr_cpu_ids=4.
08-23 08:42:21.346     0     0 I rcu     : RCU priority boosting: priority 1 delay 500 ms.
08-23 08:42:21.346     0     0 I         : Trampoline variant of Tasks RCU enabled.
08-23 08:42:21.346     0     0 I         : Tracing variant of Tasks RCU enabled.
08-23 08:42:21.346     0     0 I rcu     : RCU calculated value of scheduler-enlistment delay is 25 jiffies.
08-23 08:42:21.346     0     0 I rcu     : Adjusting geometry for rcu_fanout_leaf=16, nr_cpu_ids=4
08-23 08:42:21.346     0     0 I NR_IRQS : 64, nr_irqs: 64, preallocated irqs: 0
08-23 08:42:21.346     0     0 I GICv3   : 256 SPIs implemented
08-23 08:42:21.346     0     0 I GICv3   : 0 Extended SPIs implemented
08-23 08:42:21.346     0     0 I GICv3   : Distributor has no Range Selector support
08-23 08:42:21.346     0     0 I         : Root IRQ handler: gic_handle_irq
08-23 08:42:21.346     0     0 I GICv3   : 16 PPIs implemented
08-23 08:42:21.346     0     0 I GICv3   : CPU0: found redistributor 0 region 0:0x00000000080a0000
08-23 08:42:21.346     0     0 I         : ITS [mem 0x08080000-0x0809ffff]
08-23 08:42:21.346     0     0 I ITS@0x0000000008080000: allocated 8192 Devices @5030d0000 (indirect, esz 8, psz 64K, shr 1)
08-23 08:42:21.346     0     0 I ITS@0x0000000008080000: allocated 8192 Interrupt Collections @5030e0000 (flat, esz 8, psz 64K, shr 1)
08-23 08:42:21.346     0     0 I GICv3   : using LPI property table @0x00000005030f0000
08-23 08:42:21.346     0     0 I GICv3   : CPU0: using allocated LPI pending table @0x0000000503100000
08-23 08:42:21.346     0     0 I rcu     : Offload RCU callbacks from CPUs: (none).
08-23 08:42:21.346     0     0 I kfence  : initialized - using 524288 bytes for 63 objects at 0x(____ptrval____)-0x(____ptrval____)
08-23 08:42:21.346     0     0 I arch_timer: cp15 timer(s) running at 24.00MHz (virt).
08-23 08:42:21.346     0     0 I clocksource: arch_sys_counter: mask: 0xffffffffffffff max_cycles: 0x588fe9dc0, max_idle_ns: 440795202592 ns
08-23 08:42:21.346     0     0 I sched_clock: 56 bits at 24MHz, resolution 41ns, wraps every 4398046511097ns
08-23 08:42:21.346     0     0 I         : Calibrating delay loop (skipped), value calculated using timer frequency.. 48.00 BogoMIPS (lpj=96000)
08-23 08:42:21.346     0     0 I pid_max : default: 32768 minimum: 301
08-23 08:42:21.346     0     0 I LSM     : Security Framework initializing
08-23 08:42:21.346     0     0 I SELinux : Initializing.
08-23 08:42:21.346     0     0 I         : Mount-cache hash table entries: 8192 (order: 4, 65536 bytes, linear)
08-23 08:42:21.346     0     0 I         : Mountpoint-cache hash table entries: 8192 (order: 4, 65536 bytes, linear)
08-23 08:42:21.346     1     1 W /cpus/cpu-map: empty cluster
08-23 08:42:21.347     1     1 I rcu     : Hierarchical SRCU implementation.
08-23 08:42:21.347     1     1 I dyndbg  : Ignore empty _ddebug table in a CONFIG_DYNAMIC_DEBUG_CORE build
08-23 08:42:21.347     1     1 I Platform MSI: its@8080000 domain created
08-23 08:42:21.347     1     1 I PCI/MSI : /intc@8000000/its@8080000 domain created
08-23 08:42:21.347     1     1 I         : EFI services will not be available.
08-23 08:42:21.347     1     1 I smp     : Bringing up secondary CPUs ...
08-23 08:42:21.347     0     0 I         : Detected PIPT I-cache on CPU1
08-23 08:42:21.347     0     0 I GICv3   : CPU1: found redistributor 1 region 0:0x00000000080c0000
08-23 08:42:21.347     0     0 I GICv3   : CPU1: using allocated LPI pending table @0x0000000503110000
08-23 08:42:21.347     0     0 I CPU1    : Booted secondary processor 0x0000000001 [0x610f0000]
08-23 08:42:21.347     0     0 I         : Detected PIPT I-cache on CPU2
08-23 08:42:21.347     0     0 I GICv3   : CPU2: found redistributor 2 region 0:0x00000000080e0000
08-23 08:42:21.348     0     0 I GICv3   : CPU2: using allocated LPI pending table @0x0000000503120000
08-23 08:42:21.348     0     0 I CPU2    : Booted secondary processor 0x0000000002 [0x610f0000]
08-23 08:42:21.348     0     0 I         : Detected PIPT I-cache on CPU3
08-23 08:42:21.348     0     0 I GICv3   : CPU3: found redistributor 3 region 0:0x0000000008100000
08-23 08:42:21.348     0     0 I GICv3   : CPU3: using allocated LPI pending table @0x0000000503130000
08-23 08:42:21.348     0     0 I CPU3    : Booted secondary processor 0x0000000003 [0x610f0000]
08-23 08:42:21.349     1     1 I smp     : Brought up 1 node, 4 CPUs
08-23 08:42:21.349     1     1 I SMP     : Total of 4 processors activated.
08-23 08:42:21.349     1     1 I CPU features: detected: ARMv8.4 Translation Table Level
08-23 08:42:21.349     1     1 I CPU features: detected: Data cache clean to the PoU not required for I/D coherence
08-23 08:42:21.349     1     1 I CPU features: detected: Common not Private translations
08-23 08:42:21.349     1     1 I CPU features: detected: CRC32 instructions
08-23 08:42:21.349     1     1 I CPU features: detected: E0PD
08-23 08:42:21.349     1     1 I CPU features: detected: Generic authentication (IMP DEF algorithm)
08-23 08:42:21.349     1     1 I CPU features: detected: RCpc load-acquire (LDAPR)
08-23 08:42:21.349     1     1 I CPU features: detected: LSE atomic instructions
08-23 08:42:21.349     1     1 I CPU features: detected: Privileged Access Never
08-23 08:42:21.349     1     1 I CPU features: detected: RAS Extension Support
08-23 08:42:21.349     1     1 I CPU features: detected: Speculation barrier (SB)
08-23 08:42:21.349     1     1 I CPU features: detected: TLB range maintenance instructions
08-23 08:42:21.396     1     1 I         : CPU: All CPU(s) started at EL1
08-23 08:42:21.396     1     1 I         : setend instruction emulation is not supported on this system
08-23 08:42:21.396     1     1 I         : KASLR enabled
08-23 08:42:21.396     1     1 I clocksource: jiffies: mask: 0xffffffff max_cycles: 0xffffffff, max_idle_ns: 7645041785100000 ns
08-23 08:42:21.396     1     1 I         : futex hash table entries: 1024 (order: 4, 65536 bytes, linear)
08-23 08:42:21.396     1     1 I pinctrl core: initialized pinctrl subsystem
08-23 08:42:21.397     1     1 I NET     : Registered PF_NETLINK/PF_ROUTE protocol family
08-23 08:42:21.398     1     1 I DMA     : preallocated 512 KiB GFP_KERNEL pool for atomic allocations
08-23 08:42:21.398     1     1 I DMA     : preallocated 512 KiB GFP_KERNEL|GFP_DMA32 pool for atomic allocations
08-23 08:42:21.398     1     1 I audit   : initializing netlink subsys (disabled)
08-23 08:42:21.398     1     1 I thermal_sys: Registered thermal governor 'step_wise'
08-23 08:42:21.398     1     1 I thermal_sys: Registered thermal governor 'user_space'
08-23 08:42:21.398     1     1 I thermal_sys: Registered thermal governor 'power_allocator'
08-23 08:42:21.398     1     1 I hw-breakpoint: found 6 breakpoint and 4 watchpoint registers.
08-23 08:42:21.398     1     1 I         : ASID allocator initialised with 256 entries
08-23 08:42:21.398     1     1 I Serial  : AMBA PL011 UART driver
08-23 08:42:21.399     1     1 I 9000000.pl011: ttyAMA0 at MMIO 0x9000000 (irq = 47, base_baud = 0) is a PL011 rev1
08-23 08:42:21.431     1     1 I printk  : console [ttyAMA0] enabled
08-23 08:42:21.433     1     1 I iommu   : Default domain type: Translated
08-23 08:42:21.433     1     1 I iommu   : DMA domain TLB invalidation policy: strict mode
08-23 08:42:21.433     1     1 I         : SCSI subsystem initialized
08-23 08:42:21.434     1     1 I mc      : Linux media interface: v0.10
08-23 08:42:21.434     1     1 I videodev: Linux video capture interface: v2.00
08-23 08:42:21.434     1     1 I pps_core: LinuxPPS API ver. 1 registered
08-23 08:42:21.434     1     1 I pps_core: Software ver. 5.3.6 - Copyright 2005-2007 Rodolfo Giometti <giometti@linux.it>
08-23 08:42:21.435     1     1 I         : PTP clock support registered
08-23 08:42:21.435     1     1 I EDAC MC : Ver: 3.0.0
08-23 08:42:21.435     1     1 I         : Advanced Linux Sound Architecture Driver Initialized.
08-23 08:42:21.436     1     1 I Bluetooth: Core ver 2.22
08-23 08:42:21.436     1     1 I NET     : Registered PF_BLUETOOTH protocol family
08-23 08:42:21.436     1     1 I Bluetooth: HCI device and connection manager initialized
08-23 08:42:21.436     1     1 I Bluetooth: HCI socket layer initialized
08-23 08:42:21.437     1     1 I Bluetooth: L2CAP socket layer initialized
08-23 08:42:21.437     1     1 I Bluetooth: SCO socket layer initialized
08-23 08:42:21.437     1     1 I clocksource: Switched to clocksource arch_sys_counter
08-23 08:42:21.442     1     1 I VFS     : Disk quotas dquot_6.6.0
08-23 08:42:21.443     1     1 I VFS     : Dquot-cache hash table entries: 512 (order 0, 4096 bytes)
08-23 08:42:21.443     1     1 I NET     : Registered PF_INET protocol family
08-23 08:42:21.444     1     1 I         : IP idents hash table entries: 65536 (order: 7, 524288 bytes, linear)
08-23 08:42:21.445     1     1 I         : tcp_listen_portaddr_hash hash table entries: 2048 (order: 3, 32768 bytes, linear)
08-23 08:42:21.445     1     1 I         : Table-perturb hash table entries: 65536 (order: 6, 262144 bytes, linear)
08-23 08:42:21.446     1     1 I         : TCP established hash table entries: 32768 (order: 6, 262144 bytes, linear)
08-23 08:42:21.446     1     1 I         : TCP bind hash table entries: 32768 (order: 7, 524288 bytes, linear)
08-23 08:42:21.446     1     1 I TCP     : Hash tables configured (established 32768 bind 32768)
08-23 08:42:21.447     1     1 I         : UDP hash table entries: 2048 (order: 4, 65536 bytes, linear)
08-23 08:42:21.447     1     1 I         : UDP-Lite hash table entries: 2048 (order: 4, 65536 bytes, linear)
08-23 08:42:21.447     1     1 I NET     : Registered PF_UNIX/PF_LOCAL protocol family
08-23 08:42:21.448     1     1 I NET     : Registered PF_XDP protocol family
08-23 08:42:21.448     1     1 I PCI     : CLS 0 bytes, default 64
08-23 08:42:21.448     8     8 I         : Trying to unpack rootfs image as initramfs...
08-23 08:42:21.449     1     1 E armv8-pmu pmu: hw perfevents: failed to probe PMU!
08-23 08:42:21.449     1     1 I kvm [1] : HYP mode not available
08-23 08:42:21.449     1     1 I         : Initialise system trusted keyrings
08-23 08:42:21.450     1     1 I workingset: timestamp_bits=46 max_order=20 bucket_order=0
08-23 08:42:21.451     1     1 I fuse    : init (API version 7.36)
08-23 08:42:21.451     1     1 I         : 9p: Installing v9fs 9p2000 file system support
08-23 08:42:21.459     8     8 I         : Freeing initrd memory: 1216K
08-23 08:42:21.461     1     1 I         : Key type asymmetric registered
08-23 08:42:21.462     1     1 I         : Asymmetric key parser 'x509' registered
08-23 08:42:21.462     1     1 I         : Block layer SCSI generic (bsg) driver version 0.4 loaded (major 239)
08-23 08:42:21.462     1     1 I         : io scheduler mq-deadline registered
08-23 08:42:21.462     1     1 I         : io scheduler kyber registered
08-23 08:42:21.463     1     1 I         : io scheduler bfq registered
08-23 08:42:21.463     1     1 I pl061_gpio 9030000.pl061: PL061 GPIO chip registered
08-23 08:42:21.463     1     1 I pci-host-generic 4ff000000.pcie: host bridge /pcie@10000000 ranges:
08-23 08:42:21.464     1     1 I pci-host-generic 4ff000000.pcie: IO 0x04feff0000..0x04feffffff -> 0x0000000000
08-23 08:42:21.464     1     1 I pci-host-generic 4ff000000.pcie: MEM 0x0010000000..0x043efeffff -> 0x0010000000
08-23 08:42:21.464     1     1 W pci-host-generic 4ff000000.pcie: Memory resource size exceeds max for 32 bits
08-23 08:42:21.465     1     1 I pci-host-generic 4ff000000.pcie: ECAM at [mem 0x4ff000000-0x4ffffffff] for [bus 00-0f]
08-23 08:42:21.465     1     1 I pci-host-generic 4ff000000.pcie: PCI host bridge to bus 0000:00
08-23 08:42:21.465     1     1 I pci_bus 0000: 00: root bus resource [bus 00-0f]
08-23 08:42:21.466     1     1 I pci_bus 0000: 00: root bus resource [io  0x0000-0xffff]
08-23 08:42:21.466     1     1 I pci_bus 0000: 00: root bus resource [mem 0x10000000-0x43efeffff]
08-23 08:42:21.466     1     1 I pci 0000: 00:00.0: [1b36:0008] type 00 class 0x060000
08-23 08:42:21.467     1     1 I pci 0000: 00:01.0: [b574:1004] type 00 class 0x00ff00
08-23 08:42:21.467     1     1 I pci 0000: 00:01.0: reg 0x10: [mem 0x00000000-0x00000fff]
08-23 08:42:21.467     1     1 I pci 0000: 00:01.0: reg 0x14: [mem 0x00000000-0x00000fff pref]
08-23 08:42:21.468     1     1 I pci 0000: 00:01.0: reg 0x18: [mem 0x00000000-0x1ffffffff 64bit]
08-23 08:42:21.468     1     1 I pci 0000: 00:02.0: [1af4:1009] type 00 class 0x000200
08-23 08:42:21.468     1     1 I pci 0000: 00:02.0: reg 0x10: [io  0x0000-0x001f]
08-23 08:42:21.468     1     1 I pci 0000: 00:02.0: reg 0x14: [mem 0x00000000-0x00000fff]
08-23 08:42:21.469     1     1 I pci 0000: 00:02.0: reg 0x20: [mem 0x00000000-0x00003fff 64bit pref]
08-23 08:42:21.469     1     1 I pci 0000: 00:03.0: [1af4:1009] type 00 class 0x000200
08-23 08:42:21.470     1     1 I pci 0000: 00:03.0: reg 0x10: [io  0x0000-0x001f]
08-23 08:42:21.470     1     1 I pci 0000: 00:03.0: reg 0x14: [mem 0x00000000-0x00000fff]
08-23 08:42:21.470     1     1 I pci 0000: 00:03.0: reg 0x20: [mem 0x00000000-0x00003fff 64bit pref]
08-23 08:42:21.470     1     1 I pci 0000: 00:04.0: [1af4:1009] type 00 class 0x000200
08-23 08:42:21.471     1     1 I pci 0000: 00:04.0: reg 0x10: [io  0x0000-0x001f]
08-23 08:42:21.471     1     1 I pci 0000: 00:04.0: reg 0x14: [mem 0x00000000-0x00000fff]
08-23 08:42:21.471     1     1 I pci 0000: 00:04.0: reg 0x20: [mem 0x00000000-0x00003fff 64bit pref]
08-23 08:42:21.472     1     1 I pci 0000: 00:05.0: [1af4:1009] type 00 class 0x000200
08-23 08:42:21.472     1     1 I pci 0000: 00:05.0: reg 0x10: [io  0x0000-0x001f]
08-23 08:42:21.472     1     1 I pci 0000: 00:05.0: reg 0x14: [mem 0x00000000-0x00000fff]
08-23 08:42:21.472     1     1 I pci 0000: 00:05.0: reg 0x20: [mem 0x00000000-0x00003fff 64bit pref]
08-23 08:42:21.473     1     1 I pci 0000: 00:06.0: [b574:1002] type 00 class 0x00ff00
08-23 08:42:21.473     1     1 I pci 0000: 00:06.0: reg 0x10: [mem 0x00000000-0x0000003f]
08-23 08:42:21.473     1     1 I pci 0000: 00:06.0: reg 0x14: [mem 0x00000000-0x00000fff pref]
08-23 08:42:21.474     1     1 I pci 0000: 00:06.0: reg 0x18: [mem 0x00000000-0x003fffff pref]
08-23 08:42:21.474     1     1 I pci 0000: 00:07.0: [b574:100d] type 00 class 0x00ff00
08-23 08:42:21.474     1     1 I pci 0000: 00:07.0: reg 0x10: [mem 0x00000000-0x0000003f]
08-23 08:42:21.475     1     1 I pci 0000: 00:07.0: reg 0x14: [mem 0x00000000-0x0007ffff pref]
08-23 08:42:21.475     1     1 I pci 0000: 00:08.0: [1af4:10f0] type 00 class 0x00ff00
08-23 08:42:21.475     1     1 I pci 0000: 00:08.0: reg 0x10: [mem 0x00000000-0x0000003f]
08-23 08:42:21.475     1     1 I pci 0000: 00:08.0: reg 0x14: [mem 0x00000000-0x01ffffff pref]
08-23 08:42:21.476     1     1 I pci 0000: 00:08.0: reg 0x18: [mem 0x00000000-0x01ffffff pref]
08-23 08:42:21.476     1     1 I pci 0000: 00:09.0: [b574:1000] type 00 class 0x00ff00
08-23 08:42:21.476     1     1 I pci 0000: 00:09.0: reg 0x10: [mem 0x00000000-0x0000003f]
08-23 08:42:21.477     1     1 I pci 0000: 00:09.0: reg 0x14: [mem 0x00000000-0x0001ffff pref]
08-23 08:42:21.477     1     1 I pci 0000: 00:0a.0: [1af4:1001] type 00 class 0x010000
08-23 08:42:21.477     1     1 I pci 0000: 00:0a.0: reg 0x10: [io  0x0000-0x007f]
08-23 08:42:21.478     1     1 I pci 0000: 00:0a.0: reg 0x14: [mem 0x00000000-0x00000fff]
08-23 08:42:21.478     1     1 I pci 0000: 00:0a.0: reg 0x20: [mem 0x00000000-0x00003fff 64bit pref]
08-23 08:42:21.478     1     1 I pci 0000: 00:0b.0: [1af4:1001] type 00 class 0x010000
08-23 08:42:21.478     1     1 I pci 0000: 00:0b.0: reg 0x10: [io  0x0000-0x007f]
08-23 08:42:21.479     1     1 I pci 0000: 00:0b.0: reg 0x14: [mem 0x00000000-0x00000fff]
08-23 08:42:21.479     1     1 I pci 0000: 00:0b.0: reg 0x20: [mem 0x00000000-0x00003fff 64bit pref]
08-23 08:42:21.479     1     1 I pci 0000: 00:01.0: BAR 2: assigned [mem 0x200000000-0x3ffffffff 64bit]
08-23 08:42:21.480     1     1 I pci 0000: 00:08.0: BAR 1: assigned [mem 0x10000000-0x11ffffff pref]
08-23 08:42:21.480     1     1 I pci 0000: 00:08.0: BAR 2: assigned [mem 0x12000000-0x13ffffff pref]
08-23 08:42:21.480     1     1 I pci 0000: 00:06.0: BAR 2: assigned [mem 0x14000000-0x143fffff pref]
08-23 08:42:21.481     1     1 I pci 0000: 00:07.0: BAR 1: assigned [mem 0x14400000-0x1447ffff pref]
08-23 08:42:21.481     1     1 I pci 0000: 00:09.0: BAR 1: assigned [mem 0x14480000-0x1449ffff pref]
08-23 08:42:21.481     1     1 I pci 0000: 00:02.0: BAR 4: assigned [mem 0x100000000-0x100003fff 64bit pref]
08-23 08:42:21.482     1     1 I pci 0000: 00:03.0: BAR 4: assigned [mem 0x100004000-0x100007fff 64bit pref]
08-23 08:42:21.482     1     1 I pci 0000: 00:04.0: BAR 4: assigned [mem 0x100008000-0x10000bfff 64bit pref]
08-23 08:42:21.482     1     1 I pci 0000: 00:05.0: BAR 4: assigned [mem 0x10000c000-0x10000ffff 64bit pref]
08-23 08:42:21.483     1     1 I pci 0000: 00:0a.0: BAR 4: assigned [mem 0x100010000-0x100013fff 64bit pref]
08-23 08:42:21.483     1     1 I pci 0000: 00:0b.0: BAR 4: assigned [mem 0x100014000-0x100017fff 64bit pref]
08-23 08:42:21.483     1     1 I pci 0000: 00:01.0: BAR 0: assigned [mem 0x144a0000-0x144a0fff]
08-23 08:42:21.484     1     1 I pci 0000: 00:01.0: BAR 1: assigned [mem 0x144a1000-0x144a1fff pref]
08-23 08:42:21.484     1     1 I pci 0000: 00:02.0: BAR 1: assigned [mem 0x144a2000-0x144a2fff]
08-23 08:42:21.484     1     1 I pci 0000: 00:03.0: BAR 1: assigned [mem 0x144a3000-0x144a3fff]
08-23 08:42:21.485     1     1 I pci 0000: 00:04.0: BAR 1: assigned [mem 0x144a4000-0x144a4fff]
08-23 08:42:21.485     1     1 I pci 0000: 00:05.0: BAR 1: assigned [mem 0x144a5000-0x144a5fff]
08-23 08:42:21.485     1     1 I pci 0000: 00:06.0: BAR 1: assigned [mem 0x144a6000-0x144a6fff pref]
08-23 08:42:21.485     1     1 I pci 0000: 00:0a.0: BAR 1: assigned [mem 0x144a7000-0x144a7fff]
08-23 08:42:21.486     1     1 I pci 0000: 00:0b.0: BAR 1: assigned [mem 0x144a8000-0x144a8fff]
08-23 08:42:21.486     1     1 I pci 0000: 00:0a.0: BAR 0: assigned [io  0x1000-0x107f]
08-23 08:42:21.486     1     1 I pci 0000: 00:0b.0: BAR 0: assigned [io  0x1080-0x10ff]
08-23 08:42:21.487     1     1 I pci 0000: 00:06.0: BAR 0: assigned [mem 0x144a9000-0x144a903f]
08-23 08:42:21.487     1     1 I pci 0000: 00:07.0: BAR 0: assigned [mem 0x144a9040-0x144a907f]
08-23 08:42:21.487     1     1 I pci 0000: 00:08.0: BAR 0: assigned [mem 0x144a9080-0x144a90bf]
08-23 08:42:21.487     1     1 I pci 0000: 00:09.0: BAR 0: assigned [mem 0x144a90c0-0x144a90ff]
08-23 08:42:21.488     1     1 I pci 0000: 00:02.0: BAR 0: assigned [io  0x1100-0x111f]
08-23 08:42:21.488     1     1 I pci 0000: 00:03.0: BAR 0: assigned [io  0x1120-0x113f]
08-23 08:42:21.488     1     1 I pci 0000: 00:04.0: BAR 0: assigned [io  0x1140-0x115f]
08-23 08:42:21.489     1     1 I pci 0000: 00:05.0: BAR 0: assigned [io  0x1160-0x117f]
08-23 08:42:21.489     1     1 I virtio-pci 0000: 00:02.0: enabling device (0000 -> 0003)
08-23 08:42:21.490     1     1 I virtio-pci 0000: 00:03.0: enabling device (0000 -> 0003)
08-23 08:42:21.490     1     1 I virtio-pci 0000: 00:04.0: enabling device (0000 -> 0003)
08-23 08:42:21.491     1     1 I virtio-pci 0000: 00:05.0: enabling device (0000 -> 0003)
08-23 08:42:21.492     1     1 I virtio-pci 0000: 00:08.0: enabling device (0000 -> 0002)
08-23 08:42:21.492     1     1 I virtio-pci 0000: 00:0a.0: enabling device (0000 -> 0003)
08-23 08:42:21.493     1     1 I virtio-pci 0000: 00:0b.0: enabling device (0000 -> 0003)
08-23 08:42:21.494    21    21 W cacheinfo: Unable to detect cache hierarchy for CPU 0
08-23 08:42:21.495     1     1 I brd     : module loaded
08-23 08:42:21.496     1     1 I loop    : module loaded
08-23 08:42:21.497     1     1 I virtio_blk virtio5: [vda] 20971520 512-byte logical blocks (10.7 GB/10.0 GiB)
08-23 08:42:21.498     1     1 I vda     : vda1
08-23 08:42:21.499     1     1 I virtio_blk virtio6: [vdb] 268435456 512-byte logical blocks (137 GB/128 GiB)
08-23 08:42:21.499     1     1 I vdb     : vdb1
08-23 08:42:21.500     1     1 I wireguard: WireGuard 1.0.0 loaded. See www.wireguard.com for information.
08-23 08:42:21.500     1     1 I wireguard: Copyright (C) 2015-2019 Jason A. Donenfeld <Jason@zx2c4.com>. All Rights Reserved.
08-23 08:42:21.501     1     1 I         : MACsec IEEE 802.1AE
08-23 08:42:21.501     1     1 I tun     : Universal TUN/TAP device driver, 1.6
08-23 08:42:21.501     1     1 I         : PPP generic driver version 2.4.2
08-23 08:42:21.501     1     1 I         : PPP BSD Compression module registered
08-23 08:42:21.502     1     1 I         : PPP Deflate Compression module registered
08-23 08:42:21.502     1     1 I         : PPP MPPE Compression module registered
08-23 08:42:21.502     1     1 I NET     : Registered PF_PPPOX protocol family
08-23 08:42:21.503     1     1 I rtc-pl031 9010000.pl031: registered as rtc0
08-23 08:42:21.503     1     1 I rtc-pl031 9010000.pl031: setting system clock to 2025-08-23T12:42:21 UTC (1755952941)
08-23 08:42:21.503     1     1 I device-mapper: uevent: version 1.0.3
08-23 08:42:21.503     1     1 I device-mapper: ioctl: 4.45.0-ioctl (2021-03-22) initialised: dm-devel@redhat.com
08-23 08:42:21.504     1     1 I Bluetooth: HCI UART driver ver 2.3
08-23 08:42:21.504     1     1 I Bluetooth: HCI UART protocol H4 registered
08-23 08:42:21.504     1     1 I Bluetooth: HCI UART protocol LL registered
08-23 08:42:21.505     1     1 I Bluetooth: HCI UART protocol Broadcom registered
08-23 08:42:21.505     1     1 I Bluetooth: HCI UART protocol QCA registered
08-23 08:42:21.505     1     1 I sdhci   : Secure Digital Host Controller Interface driver
08-23 08:42:21.505     1     1 I sdhci   : Copyright(c) Pierre Ossman
08-23 08:42:21.506     1     1 I sdhci-pltfm: SDHCI platform and OF driver helper
08-23 08:42:21.506     1     1 I hid     : raw HID events driver (C) Jiri Kosina
08-23 08:42:21.506     1     1 I ashmem  : initialized
08-23 08:42:21.506     1     1 I gnss    : GNSS driver registered with major 511
08-23 08:42:21.507     1     1 I         : GACT probability NOT on
08-23 08:42:21.507     1     1 I         : Mirror/redirect action on
08-23 08:42:21.507     1     1 I netem   : version 1.3
08-23 08:42:21.507     1     1 I         : u32 classifier
08-23 08:42:21.507     1     1 I         : input device check on
08-23 08:42:21.507     1     1 I         : Actions configured
08-23 08:42:21.508     1     1 I xt_time : kernel timezone is -0000
08-23 08:42:21.508     1     1 I ipip    : IPv4 and MPLS over IPv4 tunneling driver
08-23 08:42:21.508     1     1 I         : IPv4 over IPsec tunneling driver
08-23 08:42:21.509     1     1 I         : Initializing XFRM netlink socket
08-23 08:42:21.509     1     1 I         : IPsec XFRM device driver
08-23 08:42:21.509     1     1 I NET     : Registered PF_INET6 protocol family
08-23 08:42:21.509     1     1 I         : Segment Routing with IPv6
08-23 08:42:21.510     1     1 I         : In-situ OAM (IOAM) with IPv6
08-23 08:42:21.510     1     1 I mip6    : Mobile IPv6
08-23 08:42:21.510     1     1 I sit     : IPv6, IPv4 and MPLS over IPv4 tunneling driver
08-23 08:42:21.510     1     1 I NET     : Registered PF_PACKET protocol family
08-23 08:42:21.511     1     1 I NET     : Registered PF_KEY protocol family
08-23 08:42:21.511     1     1 I Bluetooth: RFCOMM TTY layer initialized
08-23 08:42:21.511     1     1 I Bluetooth: RFCOMM socket layer initialized
08-23 08:42:21.511     1     1 I Bluetooth: RFCOMM ver 1.11
08-23 08:42:21.512     1     1 I Bluetooth: HIDP (Human Interface Emulation) ver 1.2
08-23 08:42:21.512     1     1 I Bluetooth: HIDP socket layer initialized
08-23 08:42:21.512     1     1 I l2tp_core: L2TP core driver, V2.0
08-23 08:42:21.512     1     1 I l2tp_ppp: PPPoL2TP kernel driver, V2.0
08-23 08:42:21.513     1     1 I 8021q   : 802.1Q VLAN Support v1.8
08-23 08:42:21.513     1     1 I tipc    : Activated (version 2.0.0)
08-23 08:42:21.513     1     1 I NET     : Registered PF_TIPC protocol family
08-23 08:42:21.513     1     1 I tipc    : Started in single node mode
08-23 08:42:21.513     1     1 I 9pnet   : Installing 9P2000 support
08-23 08:42:21.515     1     1 I NET     : Registered PF_VSOCK protocol family
08-23 08:42:21.515     1     1 I         : registered taskstats version 1
08-23 08:42:21.515     1     1 I         : Loading compiled-in X.509 certificates
08-23 08:42:21.516     1     1 I         : page_owner is disabled
08-23 08:42:21.516     1     1 I         : Key type .fscrypt registered
08-23 08:42:21.516     1     1 I         : Key type fscrypt-provisioning registered
08-23 08:42:21.517     1     1 I input   : gpio-keys as /devices/platform/gpio-keys/input/input0
08-23 08:42:21.518     1     1 I         : ALSA device list:
08-23 08:42:21.518     1     1 I         : No soundcards found.
08-23 08:42:21.518     1     1 I uart-pl011 9000000.pl011: no DMA platform data
08-23 08:42:21.519     1     1 I         : Freeing unused kernel memory: 896K
08-23 08:42:21.532     1     1 I         : Run /boot/init as init process
08-23 08:42:21.532     1     1 D with arguments:  
08-23 08:42:21.532     1     1 D         : /boot/init
08-23 08:42:21.532     1     1 D         : no_timer_check
08-23 08:42:21.532     1     1 D with environment:  
08-23 08:42:21.532     1     1 D         : HOME=/
08-23 08:42:21.532     1     1 D         : TERM=linux
08-23 08:42:21.532     1     1 D         : earlyprintk=ttyAMA0
08-23 08:42:21.532     1     1 D         : idle=nomwait
08-23 08:42:21.533    68    68 I         : busybox (68) used greatest stack depth: 13184 bytes left
08-23 08:42:21.533     1     1 W         : Starting BlueStacks Userland
08-23 08:42:21.540    74    74 I         : mdev (74) used greatest stack depth: 13024 bytes left
08-23 08:42:21.540     1     1 W WindowsGateway: 10.0.2.2
08-23 08:42:21.541     1     1 W         : Loading module /boot/bstmods/bstpgaipc.ko
08-23 08:42:21.541    76    76 W bstpgaipc: loading out-of-tree module taints kernel.
08-23 08:42:21.542    76    76 W bstpgaipc: Region 0: PA 144a9080, len 64: mapped to KVA 00000000f7612e1c
08-23 08:42:21.542    76    76 W bstpgaipc: Region 1: PA 10000000, len 33554432: mapped to KVA 0000000023d0436b
08-23 08:42:21.542    76    76 W bstpgaipc: Region 2: PA 12000000, len 33554432
08-23 08:42:21.543    76    76 W bstpgaipc: Using IRQ 52
08-23 08:42:21.543    76    76 I         : insmod (76) used greatest stack depth: 12864 bytes left
08-23 08:42:21.543     1     1 W         : Loading module /boot/bstmods/bstgmd.ko
08-23 08:42:21.544    79    79 I bstgmd 0000: 00:01.0: enabling device (0000 -> 0002)
08-23 08:42:21.545    79    79 I         : insmod (79) used greatest stack depth: 12448 bytes left
08-23 08:42:21.545     1     1 W         : Loading module /boot/bstmods/bstvmsg.ko
08-23 08:42:21.546    80    80 I [1] bstvmsg: vmsgDrvInit()
08-23 08:42:21.546    80    80 I [1] bstvmsg: vmsgPciProbe()
08-23 08:42:21.546    80    80 I bstvmsg 0000: 00:09.0: enabling device (0000 -> 0002)
08-23 08:42:21.547    80    80 I [1] bstvmsg: region0 base Addr 0000000019600676 length 64
08-23 08:42:21.547    80    80 I [1] bstvmsg: Using IRQ 49
08-23 08:42:21.547    80    80 I [1] bstvmsg: vmsgPciProbe:186 maxConnections 4
08-23 08:42:21.548    80    80 I         : insmod (80) used greatest stack depth: 12304 bytes left
08-23 08:42:21.548     1     1 W         : Loading module /boot/bstmods/bstinput.ko
08-23 08:42:21.549    67    67 I input   : AT Translated Set 2 keyboard as /devices/serio0/input/input1
08-23 08:42:21.549    82    82 I input   : BlueStacks Virtual Touch as /devices/virtual/input/input2
08-23 08:42:21.549    82    82 W bstinput: inpControlInit()
08-23 08:42:21.550     1     1 W         : Loading module /boot/bstmods/bstaudio.ko
08-23 08:42:21.550    83    83 I bstaudio 0000: 00:07.0: enabling device (0000 -> 0002)
08-23 08:42:21.551    83    83 I bstaudio: Using IRQ 51
08-23 08:42:21.551    83    83 I bstaudio: PCM device created and ready
08-23 08:42:21.551    83    83 I         : insmod (83) used greatest stack depth: 12224 bytes left
08-23 08:42:21.551     1     1 W         : Loading module /boot/bstmods/videobuf-core.ko
08-23 08:42:21.552     1     1 W         : Loading module /boot/bstmods/bstcamera.ko
08-23 08:42:21.553    85    85 I bstcamera 0000: 00:06.0: enabling device (0000 -> 0002)
08-23 08:42:21.554    85    85 W bstcamera: Using IRQ 50
08-23 08:42:21.557     1     1 W         : Mounting Android root file system /dev/vda1
08-23 08:42:21.560    90    90 I EXT4-fs (vda1): mounted filesystem with ordered data mode. Opts: (null). Quota mode: none.
08-23 08:42:21.561     1     1 W         : Reading cmdline
08-23 08:42:21.561     1     1 W         : stack_depot_disable=on kasan.stacktrace=off kvm-arm.mode=protected cgroup_disable=pressure no_timer_check console=ttyAMA0,38400 keep_bootcon earlyprintk=ttyAMA0 idle=nomwait printk.devkmsg=on
08-23 08:42:21.562     1     1 W         : Setting cmdline as env
08-23 08:42:21.562     1     1 W         : setting env stack_depot_disable=on
08-23 08:42:21.562     1     1 W         : not setting kasan.stacktrace=off as this contains '.' in name
08-23 08:42:21.563     1     1 W         : not setting kvm-arm.mode=protected as this contains '.' in name
08-23 08:42:21.563     1     1 W         : setting env cgroup_disable=pressure
08-23 08:42:21.563     1     1 W         : setting env no_timer_check
08-23 08:42:21.563     1     1 W         : setting env console=ttyAMA0,38400
08-23 08:42:21.564     1     1 W         : setting env keep_bootcon
08-23 08:42:21.564     1     1 W         : setting env earlyprintk=ttyAMA0
08-23 08:42:21.564     1     1 W         : setting env idle=nomwait
08-23 08:42:21.564     1     1 W         : not setting printk.devkmsg=on as this contains '.' in name
08-23 08:42:21.565     1     1 W         : Extracting ramdisk.img
08-23 08:42:21.572    95    95 I         : zcat (95) used greatest stack depth: 11568 bytes left
08-23 08:42:21.572    96    96 W         : 1241 blocks
08-23 08:42:21.572     1     1 W         : Mounting system directory
08-23 08:42:21.573    98    98 W mkdir   : can't create directory '/system': File exists
08-23 08:42:21.573     1     1 W         : Mount /data
08-23 08:42:21.678   101   101 I EXT4-fs (vdb1): 11 orphan inodes deleted
08-23 08:42:21.678   101   101 I EXT4-fs (vdb1): recovery complete
08-23 08:42:21.680   101   101 I EXT4-fs (vdb1): mounted filesystem with ordered data mode. Opts: (null). Quota mode: none.
08-23 08:42:21.681   101   101 I         : mount (101) used greatest stack depth: 11328 bytes left
08-23 08:42:21.681     1     1 W         : Checking for debug shell
08-23 08:42:21.682     1     1 W         : Running bstsetconf script
08-23 08:42:21.682   109   109 W alias   : awk not found
08-23 08:42:21.682     1     1 W         : Running bstconf binary, awk:
08-23 08:42:21.690   111   111 W linker  : Warning: failed to find generated linker configuration from "/linkerconfig/ld.config.txt"
08-23 08:42:21.690   112   112 W linker  : Warning: failed to find generated linker configuration from "/linkerconfig/ld.config.txt"
08-23 08:42:21.691   111   111 W         : WARNING: linker:
08-23 08:42:21.691   111   111 W         : Warning: failed to find generated linker configuration from "
08-23 08:42:21.691   112   112 W         : WARNING: linker:
08-23 08:42:21.691   112   112 W         : Warning: failed to find generated linker configuration from "
08-23 08:42:21.691   111   111 W         : /linkerconfig/ld.config.txt
08-23 08:42:21.692   112   112 W         : /linkerconfig/ld.config.txt
08-23 08:42:21.692   111   111 W         : "
08-23 08:42:21.692   112   112 W         : "
08-23 08:42:21.707   111   111 W         : Change log levels with: *:D XMEM:D
08-23 08:42:21.710   111   111 W         : xlog lib init done:.
08-23 08:42:21.710   111   111 W connect : 28 called for
08-23 08:42:21.710   111   111 W connect : 55 mMaxHostBoundSize 16384, mMaxGuestBoundSize 16384 service hcal
08-23 08:42:21.710   111   111 W         : hcallGetPropsRpc(, 15872, 0x7fef7ad4c0)
08-23 08:42:21.711   111   111 W getHostBoundBuffer: 94 called for hcal
08-23 08:42:21.711   111   111 W processRequest: 104 req:0x7f843de000 called for hcal
08-23 08:42:21.713   111   111 W bsconf  : 1702243956 returning
08-23 08:42:21.713   111   111 W disconnect: 84 called for hcal
08-23 08:42:21.713   111   111 I [1] bstvmsg: vmsgIoctlDisconnect: freeing cid 1
08-23 08:42:21.714   112   112 I         : tee (112) used greatest stack depth: 11168 bytes left
08-23 08:42:21.714   113   113 W linker  : Warning: failed to find generated linker configuration from "/linkerconfig/ld.config.txt"
08-23 08:42:21.715   113   113 W         : WARNING: linker:
08-23 08:42:21.715   113   113 W         : Warning: failed to find generated linker configuration from "
08-23 08:42:21.715   113   113 W         : /linkerconfig/ld.config.txt
08-23 08:42:21.715   113   113 W         : "
08-23 08:42:21.717   114   114 W linker  : Warning: failed to find generated linker configuration from "/linkerconfig/ld.config.txt"
08-23 08:42:21.718   114   114 W         : WARNING: linker:
08-23 08:42:21.718   114   114 W         : Warning: failed to find generated linker configuration from "
08-23 08:42:21.718   114   114 W         : /linkerconfig/ld.config.txt
08-23 08:42:21.718   114   114 W         : "
08-23 08:42:21.721   117   117 W linker  : Warning: failed to find generated linker configuration from "/linkerconfig/ld.config.txt"
08-23 08:42:21.721   117   117 W         : WARNING: linker:
08-23 08:42:21.721   117   117 W         : Warning: failed to find generated linker configuration from "
08-23 08:42:21.721   117   117 W         : /linkerconfig/ld.config.txt
08-23 08:42:21.722   117   117 W         : "
08-23 08:42:21.724   118   118 W linker  : Warning: failed to find generated linker configuration from "/linkerconfig/ld.config.txt"
08-23 08:42:21.724   118   118 W         : WARNING: linker:
08-23 08:42:21.724   118   118 W         : Warning: failed to find generated linker configuration from "
08-23 08:42:21.724   118   118 W         : /linkerconfig/ld.config.txt
08-23 08:42:21.724   118   118 W         : "
08-23 08:42:21.726   118   118 W         : invalid prop_value for BST_BLUESTACKS_ACCOUNT_ID is unset
08-23 08:42:21.727   119   119 W linker  : Warning: failed to find generated linker configuration from "/linkerconfig/ld.config.txt"
08-23 08:42:21.727   119   119 W         : WARNING: linker:
08-23 08:42:21.727   119   119 W         : Warning: failed to find generated linker configuration from "
08-23 08:42:21.728   119   119 W         : /linkerconfig/ld.config.txt
08-23 08:42:21.728   119   119 W         : "
08-23 08:42:21.729   119   119 W         : invalid prop_value for BST_IMAGE_DUMP_PKG is unset
08-23 08:42:21.729   120   120 W linker  : Warning: failed to find generated linker configuration from "/linkerconfig/ld.config.txt"
08-23 08:42:21.730   120   120 W         : WARNING: linker:
08-23 08:42:21.730   120   120 W         : Warning: failed to find generated linker configuration from "
08-23 08:42:21.730   120   120 W         : /linkerconfig/ld.config.txt
08-23 08:42:21.730   120   120 W         : "
08-23 08:42:21.731   120   120 W         : invalid prop_value for BST_ADS_DISPLAY_TIME is unset
08-23 08:42:21.732   121   121 W linker  : Warning: failed to find generated linker configuration from "/linkerconfig/ld.config.txt"
08-23 08:42:21.732   121   121 W         : WARNING: linker:
08-23 08:42:21.732   121   121 W         : Warning: failed to find generated linker configuration from "
08-23 08:42:21.733   121   121 W         : /linkerconfig/ld.config.txt
08-23 08:42:21.733   121   121 W         : "
08-23 08:42:21.734   121   121 W         : invalid prop_value for BST_DEVICE_CUSTOM_BRAND is unset
08-23 08:42:21.735   122   122 W linker  : Warning: failed to find generated linker configuration from "/linkerconfig/ld.config.txt"
08-23 08:42:21.735   122   122 W         : WARNING: linker:
08-23 08:42:21.735   122   122 W         : Warning: failed to find generated linker configuration from "
08-23 08:42:21.735   122   122 W         : /linkerconfig/ld.config.txt
08-23 08:42:21.735   122   122 W         : "
08-23 08:42:21.736   122   122 W         : invalid prop_value for BST_DEVICE_CUSTOM_MANUFACTURER is unset
08-23 08:42:21.737   123   123 W linker  : Warning: failed to find generated linker configuration from "/linkerconfig/ld.config.txt"
08-23 08:42:21.738   123   123 W         : WARNING: linker:
08-23 08:42:21.738   123   123 W         : Warning: failed to find generated linker configuration from "
08-23 08:42:21.738   123   123 W         : /linkerconfig/ld.config.txt
08-23 08:42:21.738   123   123 W         : "
08-23 08:42:21.739   123   123 W         : invalid prop_value for BST_DEVICE_CUSTOM_MODEL is unset
08-23 08:42:21.740   124   124 W linker  : Warning: failed to find generated linker configuration from "/linkerconfig/ld.config.txt"
08-23 08:42:21.740   124   124 W         : WARNING: linker:
08-23 08:42:21.740   124   124 W         : Warning: failed to find generated linker configuration from "
08-23 08:42:21.740   124   124 W         : /linkerconfig/ld.config.txt
08-23 08:42:21.741   124   124 W         : "
08-23 08:42:21.742   124   124 W         : invalid prop_value for BST_GL_WIN_SCREEN is unset
08-23 08:42:21.742   125   125 W linker  : Warning: failed to find generated linker configuration from "/linkerconfig/ld.config.txt"
08-23 08:42:21.743   125   125 W         : WARNING: linker:
08-23 08:42:21.743   125   125 W         : Warning: failed to find generated linker configuration from "
08-23 08:42:21.743   125   125 W         : /linkerconfig/ld.config.txt
08-23 08:42:21.743   125   125 W         : "
08-23 08:42:21.744   125   125 W         : invalid prop_value for BST_LAUNCH_DATE is unset
08-23 08:42:21.745   126   126 W linker  : Warning: failed to find generated linker configuration from "/linkerconfig/ld.config.txt"
08-23 08:42:21.745   126   126 W         : WARNING: linker:
08-23 08:42:21.745   126   126 W         : Warning: failed to find generated linker configuration from "
08-23 08:42:21.745   126   126 W         : /linkerconfig/ld.config.txt
08-23 08:42:21.746   126   126 W         : "
08-23 08:42:21.747   126   126 W         : invalid prop_value for BST_LIBC_MEM_ALLOCATOR is unset
08-23 08:42:21.748   127   127 W linker  : Warning: failed to find generated linker configuration from "/linkerconfig/ld.config.txt"
08-23 08:42:21.748   127   127 W         : WARNING: linker:
08-23 08:42:21.748   127   127 W         : Warning: failed to find generated linker configuration from "
08-23 08:42:21.748   127   127 W         : /linkerconfig/ld.config.txt
08-23 08:42:21.748   127   127 W         : "
08-23 08:42:21.749   127   127 W         : invalid prop_value for BST_LAUNCHER_GUID is unset
08-23 08:42:21.750   128   128 W linker  : Warning: failed to find generated linker configuration from "/linkerconfig/ld.config.txt"
08-23 08:42:21.751   128   128 W         : WARNING: linker:
08-23 08:42:21.751   128   128 W         : Warning: failed to find generated linker configuration from "
08-23 08:42:21.751   128   128 W         : /linkerconfig/ld.config.txt
08-23 08:42:21.751   128   128 W         : "
08-23 08:42:21.752   128   128 W         : invalid prop_value for BST_MEM_PCR_ENABLED_CURRENT is unset
08-23 08:42:21.753   129   129 W linker  : Warning: failed to find generated linker configuration from "/linkerconfig/ld.config.txt"
08-23 08:42:21.753   129   129 W         : WARNING: linker:
08-23 08:42:21.753   129   129 W         : Warning: failed to find generated linker configuration from "
08-23 08:42:21.753   129   129 W         : /linkerconfig/ld.config.txt
08-23 08:42:21.754   129   129 W         : "
08-23 08:42:21.754   129   129 W         : invalid prop_value for BST_MIM_WIN_SCREEN is unset
08-23 08:42:21.755   130   130 W linker  : Warning: failed to find generated linker configuration from "/linkerconfig/ld.config.txt"
08-23 08:42:21.756   130   130 W         : WARNING: linker:
08-23 08:42:21.756   130   130 W         : Warning: failed to find generated linker configuration from "
08-23 08:42:21.756   130   130 W         : /linkerconfig/ld.config.txt
08-23 08:42:21.756   130   130 W         : "
08-23 08:42:21.757   130   130 W         : invalid prop_value for BST_STARTUP_MACRO is unset
08-23 08:42:21.758   131   131 W linker  : Warning: failed to find generated linker configuration from "/linkerconfig/ld.config.txt"
08-23 08:42:21.758   131   131 W         : WARNING: linker:
08-23 08:42:21.758   131   131 W         : Warning: failed to find generated linker configuration from "
08-23 08:42:21.758   131   131 W         : /linkerconfig/ld.config.txt
08-23 08:42:21.758   131   131 W         : "
08-23 08:42:21.759   131   131 W         : invalid prop_value for BST_STATUS_IMAP_SCHEMA_VERSION is unset
08-23 08:42:21.761   134   134 W linker  : Warning: failed to find generated linker configuration from "/linkerconfig/ld.config.txt"
08-23 08:42:21.761   135   135 W linker  : Warning: failed to find generated linker configuration from "/linkerconfig/ld.config.txt"
08-23 08:42:21.761   136   136 W linker  : Warning: failed to find generated linker configuration from "/linkerconfig/ld.config.txt"
08-23 08:42:21.761   136   136 W         : WARNING: linker:
08-23 08:42:21.761   136   136 W         : Warning: failed to find generated linker configuration from "
08-23 08:42:21.761   136   136 W         : /linkerconfig/ld.config.txt
08-23 08:42:21.761   136   136 W         : "
08-23 08:42:21.761   134   134 W         : WARNING: linker:
08-23 08:42:21.762   135   135 W         : WARNING: linker:
08-23 08:42:21.762   135   135 W         : Warning: failed to find generated linker configuration from "
08-23 08:42:21.762   135   135 W         : /linkerconfig/ld.config.txt
08-23 08:42:21.762   135   135 W         : "
08-23 08:42:21.764   134   134 W         : Warning: failed to find generated linker configuration from "
08-23 08:42:21.764   134   134 W         : /linkerconfig/ld.config.txt
08-23 08:42:21.764   134   134 W         : "
08-23 08:42:21.766   139   139 W linker  : Warning: failed to find generated linker configuration from "/linkerconfig/ld.config.txt"
08-23 08:42:21.766   140   140 W linker  : Warning: failed to find generated linker configuration from "/linkerconfig/ld.config.txt"
08-23 08:42:21.767   139   139 W         : WARNING: linker:
08-23 08:42:21.767   139   139 W         : Warning: failed to find generated linker configuration from "
08-23 08:42:21.767   140   140 W         : WARNING: linker:
08-23 08:42:21.767   139   139 W         : /linkerconfig/ld.config.txt
08-23 08:42:21.768   140   140 W         : Warning: failed to find generated linker configuration from "
08-23 08:42:21.768   139   139 W         : "
08-23 08:42:21.768   140   140 W         : /linkerconfig/ld.config.txt
08-23 08:42:21.768   140   140 W         : "
08-23 08:42:21.770     1     1 W         : serialno= 2998c142c6ga, BST_ANDROID_ID = 2998b142b6f0bb7b
08-23 08:42:21.770     1     1 W Serialno: 2998c142c6ga
08-23 08:42:21.771   141   141 W linker  : Warning: failed to find generated linker configuration from "/linkerconfig/ld.config.txt"
08-23 08:42:21.771   141   141 W         : WARNING: linker:
08-23 08:42:21.771   141   141 W         : Warning: failed to find generated linker configuration from "
08-23 08:42:21.771   141   141 W         : /linkerconfig/ld.config.txt
08-23 08:42:21.772   141   141 W         : "
08-23 08:42:21.780   176   176 W linker  : Warning: failed to find generated linker configuration from "/linkerconfig/ld.config.txt"
08-23 08:42:21.780   176   176 W         : WARNING: linker:
08-23 08:42:21.780   176   176 W         : Warning: failed to find generated linker configuration from "
08-23 08:42:21.780   176   176 W         : /linkerconfig/ld.config.txt
08-23 08:42:21.780   176   176 W         : "
08-23 08:42:21.782     1     1 W Hash value: 31363333376430633262326130346139, imei_id: 941150890807827
08-23 08:42:21.783   177   177 W linker  : Warning: failed to find generated linker configuration from "/linkerconfig/ld.config.txt"
08-23 08:42:21.783   177   177 W         : WARNING: linker:
08-23 08:42:21.783   177   177 W         : Warning: failed to find generated linker configuration from "
08-23 08:42:21.783   177   177 W         : /linkerconfig/ld.config.txt
08-23 08:42:21.784   177   177 W         : "
08-23 08:42:21.787     1     1 W IssuerId: 422, sim_suffix: 488486961
08-23 08:42:21.788   193   193 W linker  : Warning: failed to find generated linker configuration from "/linkerconfig/ld.config.txt"
08-23 08:42:21.788   193   193 W         : WARNING: linker:
08-23 08:42:21.788   193   193 W         : Warning: failed to find generated linker configuration from "
08-23 08:42:21.788   193   193 W         : /linkerconfig/ld.config.txt
08-23 08:42:21.789   193   193 W         : "
08-23 08:42:21.790     1     1 W SubscriberId: 208204884869610
08-23 08:42:21.791   195   195 W linker  : Warning: failed to find generated linker configuration from "/linkerconfig/ld.config.txt"
08-23 08:42:21.791   195   195 W         : WARNING: linker:
08-23 08:42:21.791   195   195 W         : Warning: failed to find generated linker configuration from "
08-23 08:42:21.791   195   195 W         : /linkerconfig/ld.config.txt
08-23 08:42:21.792   195   195 W         : "
08-23 08:42:21.793     1     1 W WifiMacAddr: 63:37:40:32:22:10
08-23 08:42:21.794   197   197 W linker  : Warning: failed to find generated linker configuration from "/linkerconfig/ld.config.txt"
08-23 08:42:21.794   197   197 W         : WARNING: linker:
