08-23 08:42:25.571   518   518 D SystemServerTiming: OnBootPhase_480_com.android.server.rollback.RollbackManagerService
08-23 08:42:25.571   518   518 D SystemServerTiming: OnBootPhase_480_com.android.server.os.NativeTombstoneManagerService
08-23 08:42:25.571   518   518 D SystemServerTiming: OnBootPhase_480_com.android.server.os.BugreportManagerService
08-23 08:42:25.571   518   518 D SystemServerTiming: OnBootPhase_480_com.android.server.gpu.GpuService
08-23 08:42:25.571   518   518 D SystemServerTiming: OnBootPhase_480_com.android.server.security.KeyChainSystemService
08-23 08:42:25.571   518   518 D SystemServerTiming: OnBootPhase_480_com.android.server.BinaryTransparencyService
08-23 08:42:25.571   518   518 D SystemServerTiming: OnBootPhase_480_com.android.server.telecom.TelecomLoaderService
08-23 08:42:25.571   518   518 D SystemServerTiming: OnBootPhase_480_com.android.server.accounts.AccountManagerService$Lifecycle
08-23 08:42:25.571   518   518 D SystemServerTiming: OnBootPhase_480_com.android.server.content.ContentService$Lifecycle
08-23 08:42:25.571   518   518 D SystemServerTiming: OnBootPhase_480_com.android.server.DropBoxManagerService
08-23 08:42:25.571   518   518 D SystemServerTiming: OnBootPhase_480_com.android.role.RoleService
08-23 08:42:25.571   518   518 D SystemServerTiming: OnBootPhase_480_com.android.server.vibrator.VibratorManagerService$Lifecycle
08-23 08:42:25.571   518   518 D SystemServerTiming: OnBootPhase_480_com.android.server.tare.InternalResourceService
08-23 08:42:25.571   518   518 D SystemServerTiming: OnBootPhase_480_com.android.server.alarm.AlarmManagerService
08-23 08:42:25.571   518   518 D SystemServerTiming: OnBootPhase_480_com.android.server.devicestate.DeviceStateManagerService
08-23 08:42:25.571   518   518 D SystemServerTiming: OnBootPhase_480_com.android.server.camera.CameraServiceProxy
08-23 08:42:25.571   518   518 D SystemServerTiming: OnBootPhase_480_com.android.server.bluetooth.BluetoothService
08-23 08:42:25.571   518   518 D SystemServerTiming: OnBootPhase_480_com.android.server.connectivity.IpConnectivityMetrics
08-23 08:42:25.572   518   518 D SystemServerTiming: OnBootPhase_480_com.android.server.net.watchlist.NetworkWatchlistService$Lifecycle
08-23 08:42:25.572   518   518 D SystemServerTiming: OnBootPhase_480_com.android.server.PinnerService
08-23 08:42:25.572   518   518 D SystemServerTiming: OnBootPhase_480_com.android.server.integrity.AppIntegrityManagerService
08-23 08:42:25.572   518   518 D SystemServerTiming: OnBootPhase_480_com.android.server.logcat.LogcatManagerService
08-23 08:42:25.572   518   518 D SystemServerTiming: OnBootPhase_480_com.android.server.inputmethod.InputMethodManagerService$Lifecycle
08-23 08:42:25.572   518   518 D SystemServerTiming: OnBootPhase_480_com.android.server.accessibility.AccessibilityManagerService$Lifecycle
08-23 08:42:25.572   518   518 D SystemServerTiming: OnBootPhase_480_com.android.server.StorageManagerService$Lifecycle
08-23 08:42:25.572   518   518 D SystemServerTiming: OnBootPhase_480_com.android.server.usage.StorageStatsService$Lifecycle
08-23 08:42:25.572   518   518 D SystemServerTiming: OnBootPhase_480_com.android.server.UiModeManagerService
08-23 08:42:25.572   518   518 D SystemServerTiming: OnBootPhase_480_com.android.server.locales.LocaleManagerService
08-23 08:42:25.572   518   518 D SystemServerTiming: OnBootPhase_480_com.android.server.locksettings.LockSettingsService$Lifecycle
08-23 08:42:25.572   518   518 D SystemServerTiming: OnBootPhase_480_com.android.server.testharness.TestHarnessModeService
08-23 08:42:25.572   518   518 D SystemServerTiming: OnBootPhase_480_com.android.server.DeviceIdleController
08-23 08:42:25.572   518   518 D SystemServerTiming: OnBootPhase_480_com.android.server.devicepolicy.DevicePolicyManagerService$Lifecycle
08-23 08:42:25.574   518   518 I UsbPortManager: USB HAL HIDL version: 10
08-23 08:42:25.574   518   518 D SystemServerTiming: OnBootPhase_480_com.android.server.texttospeech.TextToSpeechManagerService
08-23 08:42:25.574   518   518 D SystemServerTiming: OnBootPhase_480_com.android.server.ambientcontext.AmbientContextManagerService
08-23 08:42:25.574   518   518 D SystemServerTiming: OnBootPhase_480_com.android.server.speech.SpeechRecognitionManagerService
08-23 08:42:25.574   518   518 D SystemServerTiming: OnBootPhase_480_com.android.server.searchui.SearchUiManagerService
08-23 08:42:25.574   518   518 D SystemServerTiming: OnBootPhase_480_com.android.server.smartspace.SmartspaceManagerService
08-23 08:42:25.574   518   518 D SystemServerTiming: OnBootPhase_480_com.android.server.graphics.fonts.FontManagerService$Lifecycle
08-23 08:42:25.574   518   518 D SystemServerTiming: OnBootPhase_480_com.android.server.textservices.TextServicesManagerService$Lifecycle
08-23 08:42:25.574   518   518 D SystemServerTiming: OnBootPhase_480_com.android.server.textclassifier.TextClassificationManagerService$Lifecycle
08-23 08:42:25.574   518   518 D SystemServerTiming: OnBootPhase_480_com.android.server.NetworkScoreService$Lifecycle
08-23 08:42:25.574   518   518 D SystemServerTiming: OnBootPhase_480_com.android.server.NetworkStatsServiceInitializer
08-23 08:42:25.574   518   518 D SystemServerTiming: OnBootPhase_480_com.android.server.wifi.WifiService
08-23 08:42:25.574   518   518 D SystemServerTiming: OnBootPhase_480_com.android.server.wifi.scanner.WifiScanningService
08-23 08:42:25.574   518   518 D SystemServerTiming: OnBootPhase_480_com.android.server.wifi.p2p.WifiP2pService
08-23 08:42:25.574   518   518 D SystemServerTiming: OnBootPhase_480_com.android.server.ConnectivityServiceInitializer
08-23 08:42:25.574   518   518 D SystemServerTiming: OnBootPhase_480_com.android.server.notification.NotificationManagerService
08-23 08:42:25.574   518   518 D SystemServerTiming: OnBootPhase_480_com.android.server.storage.DeviceStorageMonitorService
08-23 08:42:25.574   518   518 D SystemServerTiming: OnBootPhase_480_com.android.server.location.LocationManagerService$Lifecycle
08-23 08:42:25.574   518   518 D SystemServerTiming: OnBootPhase_480_com.android.server.timedetector.TimeDetectorService$Lifecycle
08-23 08:42:25.574   518   518 D SystemServerTiming: OnBootPhase_480_com.android.server.timezonedetector.TimeZoneDetectorService$Lifecycle
08-23 08:42:25.574   518   518 D SystemServerTiming: OnBootPhase_480_com.android.server.timezonedetector.location.LocationTimeZoneManagerService$Lifecycle
08-23 08:42:25.574   518   575 D SystemServerTimingAsync: InitThreadPoolExec:DevicePolicyManager
08-23 08:42:25.574   518   575 D SystemServerInitThreadPool: Started executing DevicePolicyManager
08-23 08:42:25.574   518   575 D SystemServerInitThreadPool: Finished executing DevicePolicyManager
08-23 08:42:25.574   518   518 D SystemServerTiming: OnBootPhase_480_com.android.server.search.SearchManagerService$Lifecycle
08-23 08:42:25.574   518   518 D SystemServerTiming: OnBootPhase_480_com.android.server.wallpaper.WallpaperManagerService$Lifecycle
08-23 08:42:25.575   518   518 D SystemServerTiming: OnBootPhase_480_com.android.server.wallpapereffectsgeneration.WallpaperEffectsGenerationManagerService
08-23 08:42:25.575   518   518 D SystemServerTiming: OnBootPhase_480_com.android.server.audio.AudioService$Lifecycle
08-23 08:42:25.575   518   518 D SystemServerTiming: OnBootPhase_480_com.android.server.soundtrigger_middleware.SoundTriggerMiddlewareService$Lifecycle
08-23 08:42:25.575   518   518 D SystemServerTiming: OnBootPhase_480_com.android.server.DockObserver
08-23 08:42:25.575   518   518 D SystemServerTiming: OnBootPhase_480_com.android.server.midi.MidiService$Lifecycle
08-23 08:42:25.575   518   518 D SystemServerTiming: OnBootPhase_480_com.android.server.adb.AdbService$Lifecycle
08-23 08:42:25.575   518   518 D SystemServerTiming: OnBootPhase_480_com.android.server.usb.UsbService$Lifecycle
08-23 08:42:25.575   518   518 D SystemServerTiming: OnBootPhase_480_com.android.server.twilight.TwilightService
08-23 08:42:25.575   518   518 D SystemServerTiming: OnBootPhase_480_com.android.server.display.color.ColorDisplayService
08-23 08:42:25.575   518   518 D SystemServerTiming: OnBootPhase_480_com.android.server.job.JobSchedulerService
08-23 08:42:25.575   518   518 D SystemServerTiming: OnBootPhase_480_com.android.server.soundtrigger.SoundTriggerService
08-23 08:42:25.575   518   518 D SoundTriggerService: onBootPhase: 480 : false
08-23 08:42:25.575   518   518 D SystemServerTiming: OnBootPhase_480_com.android.server.trust.TrustManagerService
08-23 08:42:25.575   518   518 D SystemServerTiming: OnBootPhase_480_com.android.server.backup.BackupManagerService$Lifecycle
08-23 08:42:25.575   518   518 D SystemServerTiming: OnBootPhase_480_com.android.server.appwidget.AppWidgetService
08-23 08:42:25.575   518   518 D SystemServerTiming: OnBootPhase_480_com.android.server.voiceinteraction.VoiceInteractionManagerService
08-23 08:42:25.575   518   518 D SystemServerTiming: OnBootPhase_480_com.android.server.apphibernation.AppHibernationService
08-23 08:42:25.575   518   518 D SystemServerTiming: OnBootPhase_480_com.android.server.GestureLauncherService
08-23 08:42:25.575   518   518 D SystemServerTiming: OnBootPhase_480_com.android.server.SensorNotificationService
08-23 08:42:25.575   518   518 D SystemServerTiming: OnBootPhase_480_com.android.server.emergency.EmergencyAffordanceService
08-23 08:42:25.575   518   518 D SystemServerTiming: OnBootPhase_480_com.android.server.blob.BlobStoreManagerService
08-23 08:42:25.575   518   518 D SystemServerTiming: OnBootPhase_480_com.android.server.dreams.DreamManagerService
08-23 08:42:25.575   518   518 D SystemServerTiming: OnBootPhase_480_com.android.server.print.PrintManagerService
08-23 08:42:25.575   518   518 D SystemServerTiming: OnBootPhase_480_com.android.server.security.AttestationVerificationManagerService
08-23 08:42:25.575   518   518 D SystemServerTiming: OnBootPhase_480_com.android.server.companion.CompanionDeviceManagerService
08-23 08:42:25.575   518   518 D SystemServerTiming: OnBootPhase_480_com.android.server.companion.virtual.VirtualDeviceManagerService
08-23 08:42:25.575   518   518 D SystemServerTiming: OnBootPhase_480_com.android.server.restrictions.RestrictionsManagerService
08-23 08:42:25.575   518   518 D SystemServerTiming: OnBootPhase_480_com.android.server.media.MediaSessionService
08-23 08:42:25.575   518   518 D SystemServerTiming: OnBootPhase_480_com.android.server.media.MediaResourceMonitorService
08-23 08:42:25.575   518   518 D SystemServerTiming: OnBootPhase_480_com.android.server.biometrics.BiometricService
08-23 08:42:25.575   518   518 D SystemServerTiming: OnBootPhase_480_com.android.server.biometrics.AuthService
08-23 08:42:25.575   518   518 D SystemServerTiming: OnBootPhase_480_com.android.server.pm.ShortcutService$Lifecycle
08-23 08:42:25.575   518   518 D SystemServerTiming: OnBootPhase_480_com.android.server.pm.LauncherAppsService
08-23 08:42:25.575   518   518 D SystemServerTiming: OnBootPhase_480_com.android.server.pm.CrossProfileAppsService
08-23 08:42:25.575   518   518 D SystemServerTiming: OnBootPhase_480_com.android.server.people.PeopleService
08-23 08:42:25.575   518   518 D SystemServerTiming: OnBootPhase_480_com.android.server.media.metrics.MediaMetricsManagerService
08-23 08:42:25.575   518   518 D SystemServerTiming: OnBootPhase_480_com.android.server.media.projection.MediaProjectionManagerService
08-23 08:42:25.575   518   518 D SystemServerTiming: OnBootPhase_480_com.android.server.slice.SliceManagerService$Lifecycle
08-23 08:42:25.576   518   518 D SystemServerTiming: OnBootPhase_480_com.android.server.stats.StatsCompanion$Lifecycle
08-23 08:42:25.576   518   518 D SystemServerTiming: OnBootPhase_480_com.android.server.scheduling.RebootReadinessManagerService$Lifecycle
08-23 08:42:25.576   518   518 D SystemServerTiming: OnBootPhase_480_com.android.server.stats.pull.StatsPullAtomService
08-23 08:42:25.576   518   518 D SystemServerTiming: OnBootPhase_480_com.android.server.stats.bootstrap.StatsBootstrapAtomService$Lifecycle
08-23 08:42:25.576   518   518 D SystemServerTiming: OnBootPhase_480_com.android.server.incident.IncidentCompanionService
08-23 08:42:25.576   518   518 D SystemServerTiming: OnBootPhase_480_com.android.server.sdksandbox.SdkSandboxManagerService$Lifecycle
08-23 08:42:25.576   518   518 D SystemServerTiming: OnBootPhase_480_com.android.server.adservices.AdServicesManagerService$Lifecycle
08-23 08:42:25.576   518   518 D SystemServerTiming: OnBootPhase_480_com.android.server.MmsServiceBroker
08-23 08:42:25.576   518   518 D SystemServerTiming: OnBootPhase_480_com.android.server.autofill.AutofillManagerService
08-23 08:42:25.576   518   518 D SystemServerTiming: OnBootPhase_480_com.android.server.clipboard.ClipboardService
08-23 08:42:25.576   518   518 D SystemServerTiming: OnBootPhase_480_com.android.server.appbinding.AppBindingService$Lifecycle
08-23 08:42:25.576   518   518 D SystemServerTiming: OnBootPhase_480_com.android.server.tracing.TracingServiceProxy
08-23 08:42:25.576   518   518 D SystemServerTiming: StartBootPhaseSystemServicesReady
08-23 08:42:25.576   518   518 I SystemServiceManager: Starting phase 500
08-23 08:42:25.576   518   518 D SystemServerTiming: OnBootPhase_500
08-23 08:42:25.576   518   518 D SystemServerTiming: OnBootPhase_500_com.android.server.security.FileIntegrityService
08-23 08:42:25.576   518   518 D SystemServerTiming: OnBootPhase_500_com.android.server.pm.Installer
08-23 08:42:25.576   518   518 D SystemServerTiming: OnBootPhase_500_com.android.server.os.DeviceIdentifiersPolicyService
08-23 08:42:25.576   518   518 D SystemServerTiming: OnBootPhase_500_com.android.server.uri.UriGrantsManagerService$Lifecycle
08-23 08:42:25.576   518   518 D SystemServerTiming: OnBootPhase_500_com.android.server.powerstats.PowerStatsService
08-23 08:42:25.576   518   518 E StatsPullAtomCallbackImpl: Failed to start PowerStatsService statsd pullers
08-23 08:42:25.576   518   518 D SystemServerTiming: OnBootPhase_500_com.android.server.wm.ActivityTaskManagerService$Lifecycle
08-23 08:42:25.576   518   518 D SystemServerTiming: OnBootPhase_500_com.android.server.am.ActivityManagerService$Lifecycle
08-23 08:42:25.576   518   518 E BatteryStatsService: Could not register PowerStatsInternal
08-23 08:42:25.577   518   518 D SystemServerTiming: OnBootPhase_500_com.android.server.pm.DataLoaderManagerService
08-23 08:42:25.577   518   518 D SystemServerTiming: OnBootPhase_500_com.android.server.power.PowerManagerService
08-23 08:42:25.577   518   518 I AttentionDetector: readValuesFromDeviceConfig():
08-23 08:42:25.577   518   518 I AttentionDetector: mMaximumExtensionMillis=900000
08-23 08:42:25.577   518   518 I AttentionDetector: mPreDimCheckDurationMillis=2000
08-23 08:42:25.577   518   518 I AttentionDetector: mRequestedPostDimTimeoutMillis=0
08-23 08:42:25.577   518   518 W BrightnessThrottler: DeviceConfig BrightnessThrottlingData is null
08-23 08:42:25.578   518   518 E DisplayPowerController[0]: failed to set up display white-balance: java.lang.IllegalStateException: cannot find sensor com.google.sensor.color
08-23 08:42:25.578   518   518 W DisplayPowerController[0]: Screen brightness nits configuration is unavailable; falling back
08-23 08:42:25.579   518   518 I FaceDownDetector: readValuesFromDeviceConfig():
08-23 08:42:25.579   518   518 I FaceDownDetector: mAccelerationThreshold=0.2
08-23 08:42:25.579   518   518 I FaceDownDetector: mZAccelerationThreshold=-9.5
08-23 08:42:25.579   518   518 I FaceDownDetector: mTimeThreshold=PT1S
08-23 08:42:25.579   518   518 I FaceDownDetector: mIsEnabled=true
08-23 08:42:25.579   518   562 W KeyguardServiceDelegate: onScreenTurningOn(): no keyguard service!
08-23 08:42:25.579   518   562 V DisplayPowerController[0]: Brightness [0.39763778] reason changing to: 'override', previous reason: '0'.
08-23 08:42:25.579   518   562 I DisplayPowerController[0]: BrightnessEvent: disp=0, physDisp=local:0, brt=0.39763778, initBrt=NaN, rcmdBrt=NaN, preBrt=NaN, lux=0.0, preLux=0.0, hbmMax=1.0, hbmMode=off, rbcStrength=0, powerFactor=1.0, thrmMax=1.0, wasShortTermModelActive=false, flags=, reason=override, autoBrightness=false
08-23 08:42:25.579   518   562 I DisplayPowerController[0]: BrightnessEvent: disp=0, physDisp=local:0, brt=0.39763778, initBrt=0.39763778, rcmdBrt=NaN, preBrt=NaN, lux=0.0, preLux=0.0, hbmMax=1.0, hbmMode=off, rbcStrength=0, powerFactor=1.0, thrmMax=1.0, wasShortTermModelActive=false, flags=, reason=override, autoBrightness=false
08-23 08:42:25.579   518   562 I DisplayPowerController[0]: BrightnessEvent: disp=0, physDisp=local:0, brt=0.39763778, initBrt=0.39763778, rcmdBrt=NaN, preBrt=NaN, lux=0.0, preLux=0.0, hbmMax=1.0, hbmMode=off, rbcStrength=0, powerFactor=1.0, thrmMax=1.0, wasShortTermModelActive=false, flags=, reason=override, autoBrightness=false
08-23 08:42:25.580   518   538 I DisplayDeviceRepository: Display device changed state: "Built-in Screen", ON
08-23 08:42:25.580   518   518 I ScreenUndimDetector: readValuesFromDeviceConfig():
08-23 08:42:25.580   518   518 I ScreenUndimDetector: mKeepScreenOnForMillis=600000
08-23 08:42:25.580   518   518 I ScreenUndimDetector: mKeepScreenOnNotificationEnabled=true
08-23 08:42:25.580   518   518 I ScreenUndimDetector: mUndimsRequired=2
08-23 08:42:25.581   518   518 D SystemServerTiming: OnBootPhase_500_com.android.server.power.ThermalManagerService
08-23 08:42:25.581   518   518 D SystemServerTiming: OnBootPhase_500_com.android.server.power.hint.HintManagerService
08-23 08:42:25.581   518   552 E KernelCpuUidFreqTimeReader: Failed to read /proc/uid_time_in_state: java.nio.file.NoSuchFileException: /proc/uid_time_in_state
08-23 08:42:25.581   518   552 E KernelCpuSpeedReader: Failed to read cpu-freq: /sys/devices/system/cpu/cpu0/cpufreq/stats/time_in_state: open failed: ENOENT (No such file or directory)
08-23 08:42:25.581   518   518 V HintManagerService: Initializing HintManager service...
08-23 08:42:25.581   518   518 V HistoricalRegistry: Interaction before persistence initialized
08-23 08:42:25.581   518   681 E DisplayDeviceConfig: requesting nits when no mapping exists.
08-23 08:42:25.581   518   518 D SystemServerTiming: OnBootPhase_500_com.android.server.recoverysystem.RecoverySystemService$Lifecycle
08-23 08:42:25.581   518   518 D SystemServerTiming: OnBootPhase_500_com.android.server.lights.LightsService
08-23 08:42:25.581   518   518 D SystemServerTiming: OnBootPhase_500_com.android.server.display.DisplayManagerService
08-23 08:42:25.581   518   518 D SystemServerTiming: OnBootPhase_500_com.android.server.pm.verify.domain.DomainVerificationService
08-23 08:42:25.581   518   518 D SystemServerTiming: OnBootPhase_500_com.android.server.pm.PackageInstallerService$Lifecycle
08-23 08:42:25.581   518   518 D SystemServerTiming: OnBootPhase_500_com.android.server.pm.UserManagerService$LifeCycle
08-23 08:42:25.581   518   518 D SystemServerTiming: OnBootPhase_500_com.android.server.om.OverlayManagerService
08-23 08:42:25.581   518   518 D SystemServerTiming: OnBootPhase_500_com.android.server.resources.ResourcesManagerService
08-23 08:42:25.581   518   518 D SystemServerTiming: OnBootPhase_500_com.android.server.sensorprivacy.SensorPrivacyService
08-23 08:42:25.581   518   681 E DisplayDeviceConfig: requesting nits when no mapping exists.
08-23 08:42:25.582   518   545 I DropBoxManagerService: add tag=system_server_wtf isTagEnabled=true flags=0x2
08-23 08:42:25.582   518   545 W DropBoxManagerService: Dropping: system_server_wtf (1182 > 0 bytes)
08-23 08:42:25.582   518   562 I DisplayPowerController[0]: BrightnessEvent: disp=0, physDisp=local:0, brt=0.39763778, initBrt=0.39763778, rcmdBrt=NaN, preBrt=NaN, lux=0.0, preLux=0.0, hbmMax=1.0, hbmMode=off, rbcStrength=0, powerFactor=1.0, thrmMax=1.0, wasShortTermModelActive=false, flags=, reason=override, autoBrightness=false
08-23 08:42:25.582   518   518 D SystemServerTiming: OnBootPhase_500_com.android.server.sensors.SensorService
08-23 08:42:25.582   518   518 D SystemServerTiming: OnBootPhase_500_com.android.server.SystemConfigService
08-23 08:42:25.582   518   518 D SystemServerTiming: OnBootPhase_500_com.android.server.BatteryService
08-23 08:42:25.582   518   518 D SystemServerTiming: OnBootPhase_500_com.android.server.usage.UsageStatsService
08-23 08:42:25.584   360   360 W healthd : battery none chg=
08-23 08:42:25.582   518   545 I DropBoxManagerService: add tag=system_server_wtf isTagEnabled=true flags=0x2
08-23 08:42:25.582   518   545 W DropBoxManagerService: Dropping: system_server_wtf (1182 > 0 bytes)
08-23 08:42:25.582   518   518 D AppStandbyController: Setting app idle enabled state
08-23 08:42:25.583   518   518 V HistoricalRegistry: Interaction before persistence initialized
08-23 08:42:25.583   518   518 D SystemServerTiming: OnBootPhase_500_com.android.server.webkit.WebViewUpdateService
08-23 08:42:25.583   518   518 D SystemServerTiming: OnBootPhase_500_com.android.server.CachedDeviceStateService
08-23 08:42:25.583   518   518 D SystemServerTiming: OnBootPhase_500_com.android.server.BinderCallsStatsService$LifeCycle
08-23 08:42:25.584   518   518 D SystemServerTiming: OnBootPhase_500_com.android.server.LooperStatsService$Lifecycle
08-23 08:42:25.584   518   518 D SystemServerTiming: OnBootPhase_500_com.android.server.rollback.RollbackManagerService
08-23 08:42:25.584   518   518 D SystemServerTiming: OnBootPhase_500_com.android.server.os.NativeTombstoneManagerService
08-23 08:42:25.584   518   518 D SystemServerTiming: OnBootPhase_500_com.android.server.os.BugreportManagerService
08-23 08:42:25.584   518   518 D SystemServerTiming: OnBootPhase_500_com.android.server.gpu.GpuService
08-23 08:42:25.584   518   518 D SystemServerTiming: OnBootPhase_500_com.android.server.security.KeyChainSystemService
08-23 08:42:25.584   518   518 D SystemServerTiming: OnBootPhase_500_com.android.server.BinaryTransparencyService
08-23 08:42:25.584   518   518 D SystemServerTiming: OnBootPhase_500_com.android.server.telecom.TelecomLoaderService
08-23 08:42:25.584   518   518 D SystemServerTiming: OnBootPhase_500_com.android.server.accounts.AccountManagerService$Lifecycle
08-23 08:42:25.584   518   518 D SystemServerTiming: OnBootPhase_500_com.android.server.content.ContentService$Lifecycle
08-23 08:42:25.584   518   518 D SystemServerTiming: OnBootPhase_500_com.android.server.DropBoxManagerService
08-23 08:42:25.584   518   518 D SystemServerTiming: OnBootPhase_500_com.android.role.RoleService
08-23 08:42:25.584   518   518 D SystemServerTiming: OnBootPhase_500_com.android.server.vibrator.VibratorManagerService$Lifecycle
08-23 08:42:25.584   518   518 V VibratorManagerService: Initializing VibratorManager service...
08-23 08:42:25.584   518   518 V HistoricalRegistry: Interaction before persistence initialized
08-23 08:42:25.591   518   518 V VibratorManagerService: VibratorManager service initialized
08-23 08:42:25.591   518   518 D SystemServerTiming: OnBootPhase_500_com.android.server.tare.InternalResourceService
08-23 08:42:25.591   518   518 D SystemServerTiming: OnBootPhase_500_com.android.server.alarm.AlarmManagerService
08-23 08:42:25.592   518   518 D SystemServerTiming: OnBootPhase_500_com.android.server.devicestate.DeviceStateManagerService
08-23 08:42:25.592   518   518 D SystemServerTiming: OnBootPhase_500_com.android.server.camera.CameraServiceProxy
08-23 08:42:25.592   518   518 D SystemServerTiming: OnBootPhase_500_com.android.server.bluetooth.BluetoothService
08-23 08:42:25.592   518   518 D SystemServerTiming: OnBootPhase_500_com.android.server.connectivity.IpConnectivityMetrics
08-23 08:42:25.592   518   518 D SystemServerTiming: OnBootPhase_500_com.android.server.net.watchlist.NetworkWatchlistService$Lifecycle
08-23 08:42:25.592   518   518 D SystemServerTiming: OnBootPhase_500_com.android.server.PinnerService
08-23 08:42:25.592   518   518 D SystemServerTiming: OnBootPhase_500_com.android.server.integrity.AppIntegrityManagerService
08-23 08:42:25.592   518   518 D SystemServerTiming: OnBootPhase_500_com.android.server.logcat.LogcatManagerService
08-23 08:42:25.592   518   518 D SystemServerTiming: OnBootPhase_500_com.android.server.inputmethod.InputMethodManagerService$Lifecycle
08-23 08:42:25.592   518   518 D SystemServerTiming: OnBootPhase_500_com.android.server.accessibility.AccessibilityManagerService$Lifecycle
08-23 08:42:25.592   518   518 D SystemServerTiming: OnBootPhase_500_com.android.server.StorageManagerService$Lifecycle
08-23 08:42:25.592   518   518 D SystemServerTiming: OnBootPhase_500_com.android.server.usage.StorageStatsService$Lifecycle
08-23 08:42:25.592   518   518 D SystemServerTiming: OnBootPhase_500_com.android.server.UiModeManagerService
08-23 08:42:25.593   518   518 I ActivityTaskManager: Config changes=200 {1.0 ?mcc?mnc [en_US] ldltr sw720dp w1280dp h720dp 320dpi xlrg long land finger -keyb/v/h -nav/h winConfig={ mBounds=Rect(0, 0 - 2560, 1440) mAppBounds=Rect(0, 0 - 2560, 1440) mMaxBounds=Rect(0, 0 - 2560, 1440) mDisplayRotation=ROTATION_0 mWindowingMode=fullscreen mDisplayWindowingMode=fullscreen mActivityType=undefined mAlwaysOnTop=undefined mRotation=ROTATION_0} s.6 ?fontWeightAdjustment}
08-23 08:42:25.593   518   518 I WindowManager: Override config changes=200 {1.0 ?mcc?mnc [en_US] ldltr sw720dp w1280dp h720dp 320dpi xlrg long land finger -keyb/v/h -nav/h winConfig={ mBounds=Rect(0, 0 - 2560, 1440) mAppBounds=Rect(0, 0 - 2560, 1440) mMaxBounds=Rect(0, 0 - 2560, 1440) mDisplayRotation=ROTATION_0 mWindowingMode=fullscreen mDisplayWindowingMode=fullscreen mActivityType=undefined mAlwaysOnTop=undefined mRotation=ROTATION_0} s.6 ?fontWeightAdjustment} for displayId=0
08-23 08:42:25.593   518   518 D SystemServerTiming: OnBootPhase_500_com.android.server.locales.LocaleManagerService
08-23 08:42:25.593   518   518 D SystemServerTiming: OnBootPhase_500_com.android.server.locksettings.LockSettingsService$Lifecycle
08-23 08:42:25.593   518   518 D SystemServerTiming: OnBootPhase_500_com.android.server.testharness.TestHarnessModeService
08-23 08:42:25.593   518   518 D TestHarnessModeService: Setting up test harness mode
08-23 08:42:25.593   518   518 D TestHarnessModeService: Getting PersistentDataBlockManagerInternal from LocalServices
08-23 08:42:25.593   518   518 E TestHarnessModeService: Failed to start Test Harness Mode; no implementation of PersistentDataBlockManagerInternal was bound!
08-23 08:42:25.593   518   518 D SystemServerTiming: OnBootPhase_500_com.android.server.DeviceIdleController
08-23 08:42:25.594   518   518 V HistoricalRegistry: Interaction before persistence initialized
08-23 08:42:25.594   518   518 D SystemServerTiming: OnBootPhase_500_com.android.server.devicepolicy.DevicePolicyManagerService$Lifecycle
08-23 08:42:25.594   518   518 D SystemServerTiming: OnBootPhase_500_com.android.server.texttospeech.TextToSpeechManagerService
08-23 08:42:25.594   518   518 D SystemServerTiming: OnBootPhase_500_com.android.server.ambientcontext.AmbientContextManagerService
08-23 08:42:25.594   518   518 D SystemServerTiming: OnBootPhase_500_com.android.server.speech.SpeechRecognitionManagerService
08-23 08:42:25.594   518   518 D SystemServerTiming: OnBootPhase_500_com.android.server.searchui.SearchUiManagerService
08-23 08:42:25.594   518   518 D SystemServerTiming: OnBootPhase_500_com.android.server.smartspace.SmartspaceManagerService
08-23 08:42:25.594   518   518 D SystemServerTiming: OnBootPhase_500_com.android.server.graphics.fonts.FontManagerService$Lifecycle
08-23 08:42:25.594   518   518 D SystemServerTiming: OnBootPhase_500_com.android.server.textservices.TextServicesManagerService$Lifecycle
08-23 08:42:25.594   518   518 D SystemServerTiming: OnBootPhase_500_com.android.server.textclassifier.TextClassificationManagerService$Lifecycle
08-23 08:42:25.594   518   518 D SystemServerTiming: OnBootPhase_500_com.android.server.NetworkScoreService$Lifecycle
08-23 08:42:25.594   518   518 D SystemServerTiming: OnBootPhase_500_com.android.server.NetworkStatsServiceInitializer
08-23 08:42:25.594   518   518 D SystemServerTiming: OnBootPhase_500_com.android.server.wifi.WifiService
08-23 08:42:25.594   518   518 D SystemServerTiming: OnBootPhase_500_com.android.server.wifi.scanner.WifiScanningService
08-23 08:42:25.596   518   518 D SystemServerTiming: OnBootPhase_500_com.android.server.wifi.p2p.WifiP2pService
08-23 08:42:25.597   518   518 D SystemServerTiming: OnBootPhase_500_com.android.server.ConnectivityServiceInitializer
08-23 08:42:25.599   518   518 D SystemServerTiming: OnBootPhase_500_com.android.server.notification.NotificationManagerService
08-23 08:42:25.606   518   518 D SystemServerTiming: OnBootPhase_500_com.android.server.storage.DeviceStorageMonitorService
08-23 08:42:25.606   518   518 D SystemServerTiming: OnBootPhase_500_com.android.server.location.LocationManagerService$Lifecycle
08-23 08:42:25.606   518   518 V HistoricalRegistry: Interaction before persistence initialized
08-23 08:42:25.607   518   518 D SystemServerTiming: OnBootPhase_500_com.android.server.timedetector.TimeDetectorService$Lifecycle
08-23 08:42:25.607   518   518 D SystemServerTiming: OnBootPhase_500_com.android.server.timezonedetector.TimeZoneDetectorService$Lifecycle
08-23 08:42:25.607   518   518 D SystemServerTiming: OnBootPhase_500_com.android.server.timezonedetector.location.LocationTimeZoneManagerService$Lifecycle
08-23 08:42:25.607   518   518 D SystemServerTiming: OnBootPhase_500_com.android.server.search.SearchManagerService$Lifecycle
08-23 08:42:25.607   518   518 D SystemServerTiming: OnBootPhase_500_com.android.server.wallpaper.WallpaperManagerService$Lifecycle
08-23 08:42:25.607   518   518 D SystemServerTiming: OnBootPhase_500_com.android.server.wallpapereffectsgeneration.WallpaperEffectsGenerationManagerService
08-23 08:42:25.607   518   518 D SystemServerTiming: OnBootPhase_500_com.android.server.audio.AudioService$Lifecycle
08-23 08:42:25.607   518   518 D SystemServerTiming: OnBootPhase_500_com.android.server.soundtrigger_middleware.SoundTriggerMiddlewareService$Lifecycle
08-23 08:42:25.607   518   518 D SystemServerTiming: OnBootPhase_500_com.android.server.DockObserver
08-23 08:42:25.607   518   518 D SystemServerTiming: OnBootPhase_500_com.android.server.midi.MidiService$Lifecycle
08-23 08:42:25.607   518   518 D SystemServerTiming: OnBootPhase_500_com.android.server.adb.AdbService$Lifecycle
08-23 08:42:25.607   518   518 D SystemServerTiming: OnBootPhase_500_com.android.server.usb.UsbService$Lifecycle
08-23 08:42:25.607   518   518 D SystemServerTiming: OnBootPhase_500_com.android.server.twilight.TwilightService
08-23 08:42:25.607   518   518 D SystemServerTiming: OnBootPhase_500_com.android.server.display.color.ColorDisplayService
08-23 08:42:25.607   518   518 D SystemServerTiming: OnBootPhase_500_com.android.server.job.JobSchedulerService
08-23 08:42:25.608   518   518 V HistoricalRegistry: Interaction before persistence initialized
08-23 08:42:25.608   518   518 D SystemServerTiming: OnBootPhase_500_com.android.server.soundtrigger.SoundTriggerService
08-23 08:42:25.608   518   518 D SoundTriggerService: onBootPhase: 500 : false
08-23 08:42:25.608   518   518 D SystemServerTiming: OnBootPhase_500_com.android.server.trust.TrustManagerService
08-23 08:42:25.609   518   518 D SystemServerTiming: OnBootPhase_500_com.android.server.backup.BackupManagerService$Lifecycle
08-23 08:42:25.609   518   518 D SystemServerTiming: OnBootPhase_500_com.android.server.appwidget.AppWidgetService
08-23 08:42:25.609   518   518 D SystemServerTiming: OnBootPhase_500_com.android.server.voiceinteraction.VoiceInteractionManagerService
08-23 08:42:25.609   518   518 D SystemServerTiming: OnBootPhase_500_com.android.server.apphibernation.AppHibernationService
08-23 08:42:25.609   518   518 D SystemServerTiming: OnBootPhase_500_com.android.server.GestureLauncherService
08-23 08:42:25.609   518   518 D SystemServerTiming: OnBootPhase_500_com.android.server.SensorNotificationService
08-23 08:42:25.609   518   518 D SystemServerTiming: OnBootPhase_500_com.android.server.emergency.EmergencyAffordanceService
08-23 08:42:25.609   518   518 D SystemServerTiming: OnBootPhase_500_com.android.server.blob.BlobStoreManagerService
08-23 08:42:25.609   518   518 D SystemServerTiming: OnBootPhase_500_com.android.server.dreams.DreamManagerService
08-23 08:42:25.609   518   518 D SystemServerTiming: OnBootPhase_500_com.android.server.print.PrintManagerService
08-23 08:42:25.609   518   518 D SystemServerTiming: OnBootPhase_500_com.android.server.security.AttestationVerificationManagerService
08-23 08:42:25.609   518   518 D SystemServerTiming: OnBootPhase_500_com.android.server.companion.CompanionDeviceManagerService
08-23 08:42:25.609   518   518 D SystemServerTiming: OnBootPhase_500_com.android.server.companion.virtual.VirtualDeviceManagerService
08-23 08:42:25.609   518   518 D SystemServerTiming: OnBootPhase_500_com.android.server.restrictions.RestrictionsManagerService
08-23 08:42:25.609   518   518 D SystemServerTiming: OnBootPhase_500_com.android.server.media.MediaSessionService
08-23 08:42:25.609   518   518 D SystemServerTiming: OnBootPhase_500_com.android.server.media.MediaResourceMonitorService
08-23 08:42:25.609   518   518 D SystemServerTiming: OnBootPhase_500_com.android.server.biometrics.BiometricService
08-23 08:42:25.609   518   518 D SystemServerTiming: OnBootPhase_500_com.android.server.biometrics.AuthService
08-23 08:42:25.609   518   518 D SystemServerTiming: OnBootPhase_500_com.android.server.pm.ShortcutService$Lifecycle
08-23 08:42:25.609   518   518 D SystemServerTiming: OnBootPhase_500_com.android.server.pm.LauncherAppsService
08-23 08:42:25.609   518   518 D SystemServerTiming: OnBootPhase_500_com.android.server.pm.CrossProfileAppsService
08-23 08:42:25.609   518   518 D SystemServerTiming: OnBootPhase_500_com.android.server.people.PeopleService
08-23 08:42:25.609   518   518 D SystemServerTiming: OnBootPhase_500_com.android.server.media.metrics.MediaMetricsManagerService
08-23 08:42:25.609   518   518 D SystemServerTiming: OnBootPhase_500_com.android.server.media.projection.MediaProjectionManagerService
08-23 08:42:25.609   518   518 D SystemServerTiming: OnBootPhase_500_com.android.server.slice.SliceManagerService$Lifecycle
08-23 08:42:25.609   518   518 D SystemServerTiming: OnBootPhase_500_com.android.server.stats.StatsCompanion$Lifecycle
08-23 08:42:25.609   518   518 D SystemServerTiming: OnBootPhase_500_com.android.server.scheduling.RebootReadinessManagerService$Lifecycle
08-23 08:42:25.609   518   518 D SystemServerTiming: OnBootPhase_500_com.android.server.stats.pull.StatsPullAtomService
08-23 08:42:25.609   518   518 D SystemServerTiming: OnBootPhase_500_com.android.server.stats.bootstrap.StatsBootstrapAtomService$Lifecycle
08-23 08:42:25.609   518   518 D SystemServerTiming: OnBootPhase_500_com.android.server.incident.IncidentCompanionService
08-23 08:42:25.609   518   518 D SystemServerTiming: OnBootPhase_500_com.android.server.sdksandbox.SdkSandboxManagerService$Lifecycle
08-23 08:42:25.609   518   518 D SystemServerTiming: OnBootPhase_500_com.android.server.adservices.AdServicesManagerService$Lifecycle
08-23 08:42:25.609   518   518 D SystemServerTiming: OnBootPhase_500_com.android.server.MmsServiceBroker
08-23 08:42:25.609   518   518 D SystemServerTiming: OnBootPhase_500_com.android.server.autofill.AutofillManagerService
08-23 08:42:25.609   518   518 D SystemServerTiming: OnBootPhase_500_com.android.server.clipboard.ClipboardService
08-23 08:42:25.609   518   518 D SystemServerTiming: OnBootPhase_500_com.android.server.appbinding.AppBindingService$Lifecycle
08-23 08:42:25.609   518   518 D SystemServerTiming: OnBootPhase_500_com.android.server.tracing.TracingServiceProxy
08-23 08:42:25.609   518   518 D SystemServerTiming: MakeWindowManagerServiceReady
08-23 08:42:25.609   518   544 E KernelCpuThreadReader: Failed to initialize KernelCpuThreadReader
08-23 08:42:25.609   518   544 E KernelCpuThreadReader: java.io.IOException: Empty time_in_state file
08-23 08:42:25.609   518   544 E KernelCpuThreadReader: 	at com.android.internal.os.ProcTimeInStateReader.initializeTimeInStateFormat(ProcTimeInStateReader.java:185)
08-23 08:42:25.609   518   544 E KernelCpuThreadReader: 	at com.android.internal.os.ProcTimeInStateReader.<init>(ProcTimeInStateReader.java:106)
08-23 08:42:25.609   518   544 E KernelCpuThreadReader: 	at com.android.internal.os.KernelCpuThreadReader.<init>(KernelCpuThreadReader.java:138)
08-23 08:42:25.609   518   544 E KernelCpuThreadReader: 	at com.android.internal.os.KernelCpuThreadReader.create(KernelCpuThreadReader.java:151)
08-23 08:42:25.609   518   544 E KernelCpuThreadReader: 	at com.android.internal.os.KernelCpuThreadReaderSettingsObserver.<init>(KernelCpuThreadReaderSettingsObserver.java:95)
08-23 08:42:25.609   518   544 E KernelCpuThreadReader: 	at com.android.internal.os.KernelCpuThreadReaderSettingsObserver.getSettingsModifiedReader(KernelCpuThreadReaderSettingsObserver.java:80)
08-23 08:42:25.609   518   544 E KernelCpuThreadReader: 	at com.android.server.stats.pull.StatsPullAtomService.initializePullersState(StatsPullAtomService.java:798)
08-23 08:42:25.609   518   544 E KernelCpuThreadReader: 	at com.android.server.stats.pull.StatsPullAtomService.lambda$onBootPhase$0(StatsPullAtomService.java:757)
08-23 08:42:25.609   518   544 E KernelCpuThreadReader: 	at com.android.server.stats.pull.StatsPullAtomService.$r8$lambda$yIijC9wxGI486UfCqVjt5rR46-0(Unknown Source:0)
08-23 08:42:25.609   518   544 E KernelCpuThreadReader: 	at com.android.server.stats.pull.StatsPullAtomService$$ExternalSyntheticLambda0.run(Unknown Source:2)
08-23 08:42:25.609   518   544 E KernelCpuThreadReader: 	at android.os.Handler.handleCallback(Handler.java:942)
08-23 08:42:25.609   518   544 E KernelCpuThreadReader: 	at android.os.Handler.dispatchMessage(Handler.java:99)
08-23 08:42:25.609   518   544 E KernelCpuThreadReader: 	at android.os.Looper.loopOnce(Looper.java:201)
08-23 08:42:25.609   518   544 E KernelCpuThreadReader: 	at android.os.Looper.loop(Looper.java:288)
08-23 08:42:25.609   518   544 E KernelCpuThreadReader: 	at android.os.HandlerThread.run(HandlerThread.java:67)
08-23 08:42:25.610   518   544 I HealthServiceWrapperHidl: health: HealthServiceWrapper listening to instance default
08-23 08:42:25.610   518   544 D StatsPullAtomService: Registering pullers with statsd
08-23 08:42:25.611   518   544 I StatsPullAtomService: register thermal listener successfully
08-23 08:42:25.617   518   518 D SystemServerTiming: StartPermissionPolicyService
08-23 08:42:25.617   518   518 I SystemServiceManager: Starting com.android.server.policy.PermissionPolicyService
08-23 08:42:25.618   518   692 I DropBoxManagerService: add tag=system_server_wtf isTagEnabled=true flags=0x2
08-23 08:42:25.619   518   692 W DropBoxManagerService: Dropping: system_server_wtf (1349 > 0 bytes)
08-23 08:42:25.620   518   518 D SystemServerTiming: MakePackageManagerServiceReady
08-23 08:42:25.621   518   691 I DropBoxManagerService: add tag=system_server_wtf isTagEnabled=true flags=0x2
08-23 08:42:25.621   518   691 W DropBoxManagerService: Dropping: system_server_wtf (1366 > 0 bytes)
08-23 08:42:25.624   518   685 E ActivityManager: Attempt to launch receivers of broadcast intent Intent { act=android.app.action.STATSD_STARTED flg=0x1000000 } before boot completion
08-23 08:42:25.626   518   536 D CompatibilityChangeReporter: Compat change id reported: 168419799; UID 1000; state: DISABLED
08-23 08:42:25.627   518   536 D CoreBackPreview: Window{cde257b u0 PointerLocation - display 0}: Setting back callback OnBackInvokedCallbackInfo{mCallback=android.window.WindowOnBackInvokedDispatcher$OnBackInvokedCallbackWrapper@47f1d44, mPriority=0}
08-23 08:42:25.628   518   518 V UserDataPreparer: Found /data/user_de/0 with serial number 0
08-23 08:42:25.628   518   518 V UserDataPreparer: Found /data/user/0 with serial number 0
08-23 08:42:25.628   518   518 V UserDataPreparer: Found /data/system_de/0 with serial number 0
08-23 08:42:25.628   518   518 V UserDataPreparer: Found /data/system_ce/0 with serial number 0
08-23 08:42:25.628   518   518 V UserDataPreparer: Found /data/misc_ce/0 with serial number -1
08-23 08:42:25.628   518   518 D UserDataPreparer: Serial number missing on /data/misc_ce/0; assuming current is valid
08-23 08:42:25.628   518   518 I PackageManager: Permission ownership changed. Updating all permissions.
08-23 08:42:25.641   696   696 W bstpgaipc: bstpgaipc_connect: pid 518 tid 696: allocated cid 4
08-23 08:42:25.642   518   569 E DefaultPermGrantPolicy: Package not found: com.google.android.setupwizard
08-23 08:42:25.644   518   518 D SystemServerTiming: MakeDisplayManagerServiceReady
08-23 08:42:25.644   518   538 E DisplayModeDirector: Asked about unknown display, returning empty display mode specs!(id=0)
08-23 08:42:25.644   518   538 E DisplayModeDirector: Asked about unknown display, returning empty display mode specs!(id=0)
08-23 08:42:25.645   518   518 I BrightnessSynchronizer: Initial brightness readings: 102(int), 0.39763778(float)
08-23 08:42:25.646   518   518 D SystemServerTiming: StartDeviceSpecificServices
08-23 08:42:25.646   518   518 D SystemServerTiming: GameManagerService
08-23 08:42:25.646   518   518 I SystemServiceManager: Starting com.android.server.app.GameManagerService$Lifecycle
08-23 08:42:25.648   518   518 D SystemServerTiming: ArtManagerLocal
08-23 08:42:25.648   518   518 D SystemServerTiming: StartBootPhaseDeviceSpecificServicesReady
08-23 08:42:25.648   518   518 I SystemServiceManager: Starting phase 520
08-23 08:42:25.648   518   518 D SystemServerTiming: OnBootPhase_520
08-23 08:42:25.648   518   518 D SystemServerTiming: OnBootPhase_520_com.android.server.security.FileIntegrityService
08-23 08:42:25.648   518   518 D SystemServerTiming: OnBootPhase_520_com.android.server.pm.Installer
08-23 08:42:25.648   518   518 D SystemServerTiming: OnBootPhase_520_com.android.server.os.DeviceIdentifiersPolicyService
08-23 08:42:25.648   518   518 D SystemServerTiming: OnBootPhase_520_com.android.server.uri.UriGrantsManagerService$Lifecycle
08-23 08:42:25.648   518   518 D SystemServerTiming: OnBootPhase_520_com.android.server.powerstats.PowerStatsService
08-23 08:42:25.648   518   518 D SystemServerTiming: OnBootPhase_520_com.android.server.wm.ActivityTaskManagerService$Lifecycle
08-23 08:42:25.648   518   518 D SystemServerTiming: OnBootPhase_520_com.android.server.am.ActivityManagerService$Lifecycle
08-23 08:42:25.648   518   518 D SystemServerTiming: OnBootPhase_520_com.android.server.pm.DataLoaderManagerService
08-23 08:42:25.648   518   518 D SystemServerTiming: OnBootPhase_520_com.android.server.power.PowerManagerService
08-23 08:42:25.648   518   518 D SystemServerTiming: OnBootPhase_520_com.android.server.power.ThermalManagerService
08-23 08:42:25.648   518   518 D SystemServerTiming: OnBootPhase_520_com.android.server.power.hint.HintManagerService
08-23 08:42:25.648   518   518 D SystemServerTiming: OnBootPhase_520_com.android.server.recoverysystem.RecoverySystemService$Lifecycle
08-23 08:42:25.648   518   518 D SystemServerTiming: OnBootPhase_520_com.android.server.lights.LightsService
08-23 08:42:25.648   518   518 D SystemServerTiming: OnBootPhase_520_com.android.server.display.DisplayManagerService
08-23 08:42:25.648   518   518 D SystemServerTiming: OnBootPhase_520_com.android.server.pm.verify.domain.DomainVerificationService
08-23 08:42:25.648   518   518 D SystemServerTiming: OnBootPhase_520_com.android.server.pm.PackageInstallerService$Lifecycle
08-23 08:42:25.648   518   518 D SystemServerTiming: OnBootPhase_520_com.android.server.pm.UserManagerService$LifeCycle
08-23 08:42:25.648   518   518 D SystemServerTiming: OnBootPhase_520_com.android.server.om.OverlayManagerService
08-23 08:42:25.648   518   518 D SystemServerTiming: OnBootPhase_520_com.android.server.resources.ResourcesManagerService
08-23 08:42:25.648   518   518 D SystemServerTiming: OnBootPhase_520_com.android.server.sensorprivacy.SensorPrivacyService
08-23 08:42:25.648   518   518 D SystemServerTiming: OnBootPhase_520_com.android.server.sensors.SensorService
08-23 08:42:25.648   518   518 D SystemServerTiming: OnBootPhase_520_com.android.server.SystemConfigService
08-23 08:42:25.648   518   518 D SystemServerTiming: OnBootPhase_520_com.android.server.BatteryService
08-23 08:42:25.648   518   518 D SystemServerTiming: OnBootPhase_520_com.android.server.usage.UsageStatsService
08-23 08:42:25.648   518   518 D SystemServerTiming: OnBootPhase_520_com.android.server.webkit.WebViewUpdateService
08-23 08:42:25.648   518   518 D SystemServerTiming: OnBootPhase_520_com.android.server.CachedDeviceStateService
08-23 08:42:25.648   518   518 D SystemServerTiming: OnBootPhase_520_com.android.server.BinderCallsStatsService$LifeCycle
08-23 08:42:25.648   518   518 D SystemServerTiming: OnBootPhase_520_com.android.server.LooperStatsService$Lifecycle
08-23 08:42:25.648   518   518 D SystemServerTiming: OnBootPhase_520_com.android.server.rollback.RollbackManagerService
08-23 08:42:25.648   518   518 D SystemServerTiming: OnBootPhase_520_com.android.server.os.NativeTombstoneManagerService
08-23 08:42:25.648   518   518 D SystemServerTiming: OnBootPhase_520_com.android.server.os.BugreportManagerService
08-23 08:42:25.648   518   518 D SystemServerTiming: OnBootPhase_520_com.android.server.gpu.GpuService
08-23 08:42:25.648   518   518 D SystemServerTiming: OnBootPhase_520_com.android.server.security.KeyChainSystemService
08-23 08:42:25.648   518   518 D SystemServerTiming: OnBootPhase_520_com.android.server.BinaryTransparencyService
08-23 08:42:25.648   518   518 D SystemServerTiming: OnBootPhase_520_com.android.server.telecom.TelecomLoaderService
08-23 08:42:25.648   518   518 D SystemServerTiming: OnBootPhase_520_com.android.server.accounts.AccountManagerService$Lifecycle
08-23 08:42:25.648   518   518 D SystemServerTiming: OnBootPhase_520_com.android.server.content.ContentService$Lifecycle
08-23 08:42:25.648   518   518 D SystemServerTiming: OnBootPhase_520_com.android.server.DropBoxManagerService
08-23 08:42:25.648   518   518 D SystemServerTiming: OnBootPhase_520_com.android.role.RoleService
08-23 08:42:25.648   518   518 D SystemServerTiming: OnBootPhase_520_com.android.server.vibrator.VibratorManagerService$Lifecycle
08-23 08:42:25.648   518   518 D SystemServerTiming: OnBootPhase_520_com.android.server.tare.InternalResourceService
08-23 08:42:25.648   518   518 D SystemServerTiming: OnBootPhase_520_com.android.server.alarm.AlarmManagerService
08-23 08:42:25.648   518   518 D SystemServerTiming: OnBootPhase_520_com.android.server.devicestate.DeviceStateManagerService
08-23 08:42:25.648   518   518 D SystemServerTiming: OnBootPhase_520_com.android.server.camera.CameraServiceProxy
08-23 08:42:25.648   518   518 D SystemServerTiming: OnBootPhase_520_com.android.server.bluetooth.BluetoothService
08-23 08:42:25.648   518   518 D SystemServerTiming: OnBootPhase_520_com.android.server.connectivity.IpConnectivityMetrics
08-23 08:42:25.648   518   518 D SystemServerTiming: OnBootPhase_520_com.android.server.net.watchlist.NetworkWatchlistService$Lifecycle
08-23 08:42:25.648   518   518 D SystemServerTiming: OnBootPhase_520_com.android.server.PinnerService
08-23 08:42:25.648   518   518 D SystemServerTiming: OnBootPhase_520_com.android.server.integrity.AppIntegrityManagerService
08-23 08:42:25.648   518   518 D SystemServerTiming: OnBootPhase_520_com.android.server.logcat.LogcatManagerService
08-23 08:42:25.648   518   518 D SystemServerTiming: OnBootPhase_520_com.android.server.inputmethod.InputMethodManagerService$Lifecycle
08-23 08:42:25.648   518   518 D SystemServerTiming: OnBootPhase_520_com.android.server.accessibility.AccessibilityManagerService$Lifecycle
08-23 08:42:25.648   518   518 D SystemServerTiming: OnBootPhase_520_com.android.server.StorageManagerService$Lifecycle
08-23 08:42:25.648   518   518 D SystemServerTiming: OnBootPhase_520_com.android.server.usage.StorageStatsService$Lifecycle
08-23 08:42:25.648   518   518 D SystemServerTiming: OnBootPhase_520_com.android.server.UiModeManagerService
08-23 08:42:25.648   518   518 D SystemServerTiming: OnBootPhase_520_com.android.server.locales.LocaleManagerService
08-23 08:42:25.648   518   518 D SystemServerTiming: OnBootPhase_520_com.android.server.locksettings.LockSettingsService$Lifecycle
08-23 08:42:25.648   518   518 D SystemServerTiming: OnBootPhase_520_com.android.server.testharness.TestHarnessModeService
08-23 08:42:25.648   518   518 D SystemServerTiming: OnBootPhase_520_com.android.server.DeviceIdleController
08-23 08:42:25.648   518   518 D SystemServerTiming: OnBootPhase_520_com.android.server.devicepolicy.DevicePolicyManagerService$Lifecycle
08-23 08:42:25.648   518   518 D SystemServerTiming: OnBootPhase_520_com.android.server.texttospeech.TextToSpeechManagerService
08-23 08:42:25.648   518   518 D SystemServerTiming: OnBootPhase_520_com.android.server.ambientcontext.AmbientContextManagerService
08-23 08:42:25.648   518   518 D SystemServerTiming: OnBootPhase_520_com.android.server.speech.SpeechRecognitionManagerService
08-23 08:42:25.648   518   518 D SystemServerTiming: OnBootPhase_520_com.android.server.searchui.SearchUiManagerService
08-23 08:42:25.648   518   518 D SystemServerTiming: OnBootPhase_520_com.android.server.smartspace.SmartspaceManagerService
08-23 08:42:25.648   518   518 D SystemServerTiming: OnBootPhase_520_com.android.server.graphics.fonts.FontManagerService$Lifecycle
08-23 08:42:25.648   518   518 D SystemServerTiming: OnBootPhase_520_com.android.server.textservices.TextServicesManagerService$Lifecycle
08-23 08:42:25.648   518   518 D SystemServerTiming: OnBootPhase_520_com.android.server.textclassifier.TextClassificationManagerService$Lifecycle
