08-23 08:42:25.222   518   518 D SystemServerTiming: StartUsageService
08-23 08:42:25.222   518   518 I SystemServiceManager: Starting com.android.server.usage.UsageStatsService
08-23 08:42:25.222   360   360 W healthd : battery none chg=
08-23 08:42:25.223   518   552 E KernelCpuUidFreqTimeReader: Failed to read /proc/uid_time_in_state: java.nio.file.NoSuchFileException: /proc/uid_time_in_state
08-23 08:42:25.223   518   552 E KernelCpuSpeedReader: Failed to read cpu-freq: /sys/devices/system/cpu/cpu0/cpufreq/stats/time_in_state: open failed: ENOENT (No such file or directory)
08-23 08:42:25.224   518   552 E KernelCpuUidFreqTimeReader: Failed to read /proc/uid_time_in_state: java.nio.file.NoSuchFileException: /proc/uid_time_in_state
08-23 08:42:25.224   518   552 E KernelCpuSpeedReader: Failed to read cpu-freq: /sys/devices/system/cpu/cpu0/cpufreq/stats/time_in_state: open failed: ENOENT (No such file or directory)
08-23 08:42:25.224   518   518 D SystemServerTiming: StartWebViewUpdateService
08-23 08:42:25.224   518   518 I SystemServiceManager: Starting com.android.server.webkit.WebViewUpdateService
08-23 08:42:25.225   518   518 D SystemServerTiming: StartCachedDeviceStateService
08-23 08:42:25.225   518   518 I SystemServiceManager: Starting com.android.server.CachedDeviceStateService
08-23 08:42:25.225   518   518 D SystemServerTiming: StartBinderCallsStatsService
08-23 08:42:25.225   518   518 I SystemServiceManager: Starting com.android.server.BinderCallsStatsService$LifeCycle
08-23 08:42:25.225   518   518 D SystemServerTiming: StartLooperStatsService
08-23 08:42:25.225   518   518 I SystemServiceManager: Starting com.android.server.LooperStatsService$Lifecycle
08-23 08:42:25.226   518   518 D SystemServerTiming: StartRollbackManagerService
08-23 08:42:25.226   518   518 I SystemServiceManager: Starting com.android.server.rollback.RollbackManagerService
08-23 08:42:25.226   360   360 W healthd : battery none chg=
08-23 08:42:25.226   518   518 I PackageWatchdog: Syncing state, reason: added new observer
08-23 08:42:25.226   518   518 I PackageWatchdog: Not pruning observers, elapsed time: 0ms
08-23 08:42:25.226   518   518 I PackageWatchdog: Cancelling state sync, nothing to sync
08-23 08:42:25.226   518   544 I PackageWatchdog: Saving observer state to file
08-23 08:42:25.231   518   518 D SystemServerTiming: StartNativeTombstoneManagerService
08-23 08:42:25.231   518   518 I SystemServiceManager: Starting com.android.server.os.NativeTombstoneManagerService
08-23 08:42:25.234   518   518 D SystemServerTiming: StartBugreportManagerService
08-23 08:42:25.234   518   518 I SystemServiceManager: Starting com.android.server.os.BugreportManagerService
08-23 08:42:25.234   518   518 D SystemServerTiming: GpuService
08-23 08:42:25.234   518   518 I SystemServiceManager: Starting com.android.server.gpu.GpuService
08-23 08:42:25.235   518   518 D SystemServerTiming: startOtherServices
08-23 08:42:25.235   518   518 D SystemServerTiming: StartKeyAttestationApplicationIdProviderService
08-23 08:42:25.236   518   592 D SystemServerTimingAsync: InitThreadPoolExec:SecondaryZygotePreload
08-23 08:42:25.236   518   592 D SystemServerInitThreadPool: Started executing SecondaryZygotePreload
08-23 08:42:25.236   518   592 I SystemServer: SecondaryZygotePreload
08-23 08:42:25.236   518   592 D SystemServerTimingAsync: SecondaryZygotePreload
08-23 08:42:25.236   518   592 D SystemServerInitThreadPool: Finished executing SecondaryZygotePreload
08-23 08:42:25.236   518   518 D SystemServerTiming: StartKeyChainSystemService
08-23 08:42:25.236   518   518 I SystemServiceManager: Starting com.android.server.security.KeyChainSystemService
08-23 08:42:25.236   518   518 D SystemServerTiming: StartBinaryTransparencyService
08-23 08:42:25.236   518   518 I SystemServiceManager: Starting com.android.server.BinaryTransparencyService
08-23 08:42:25.237   518   518 I TransparencyService: Started BinaryTransparencyService
08-23 08:42:25.237   518   518 D SystemServerTiming: StartSchedulingPolicyService
08-23 08:42:25.237   518   542 D SystemServerTimingAsync: InitThreadPoolExec:SchedulingPolicyService.<init>
08-23 08:42:25.237   518   542 D SystemServerInitThreadPool: Started executing SchedulingPolicyService.<init>
08-23 08:42:25.240   518   542 D SystemServerInitThreadPool: Finished executing SchedulingPolicyService.<init>
08-23 08:42:25.240   518   518 D SystemServerTiming: StartTelecomLoaderService
08-23 08:42:25.240   518   518 I SystemServiceManager: Starting com.android.server.telecom.TelecomLoaderService
08-23 08:42:25.243   518   575 I PackageManager: Deferred reconcileAppsData finished 84 packages
08-23 08:42:25.243   518   575 D SystemServerInitThreadPool: Finished executing prepareAppData
08-23 08:42:25.245   518   518 D SystemServerTiming: StartTelephonyRegistry
08-23 08:42:25.246   518   518 D SystemServerTiming: StartEntropyMixer
08-23 08:42:25.247   518   518 I EntropyMixer: Loaded existing seed file
08-23 08:42:25.252   518   518 I EntropyMixer: Updated seed file
08-23 08:42:25.252   518   518 D SystemServerTiming: StartAccountManagerService
08-23 08:42:25.252   518   518 I SystemServiceManager: Starting com.android.server.accounts.AccountManagerService$Lifecycle
08-23 08:42:25.257   518   518 D SystemServerTiming: StartContentService
08-23 08:42:25.257   518   518 I SystemServiceManager: Starting com.android.server.content.ContentService$Lifecycle
08-23 08:42:25.258   518   518 D SystemServerTiming: InstallSystemProviders
08-23 08:42:25.270   518   518 W SettingsState: No settings state /data/system/users/0/settings_config.xml
08-23 08:42:25.272   518   518 D SettingsProvider: savedAndroidId = 2998b142b6f0bb7b
08-23 08:42:25.272   518   518 D SettingsProvider: newAndroidId = 2998b142b6f0bb7b
08-23 08:42:25.280   518   545 D ActivityManager: Freezer enabled
08-23 08:42:25.280   518   545 D ActivityManager: freezer override set to false
08-23 08:42:25.280   518   518 D SystemServerTiming: UpdateWatchdogTimeout
08-23 08:42:25.280   518   518 I Watchdog: Watchdog timeout updated to 60000 millis
08-23 08:42:25.280   518   518 D SystemServerTiming: StartDropBoxManager
08-23 08:42:25.280   518   518 I SystemServiceManager: Starting com.android.server.DropBoxManagerService
08-23 08:42:25.281   518   518 D SystemServerTiming: StartRoleManagerService
08-23 08:42:25.281   518   518 I SystemServiceManager: Starting com.android.role.RoleService
08-23 08:42:25.285   518   518 D SystemServerTiming: StartVibratorManagerService
08-23 08:42:25.285   518   518 I SystemServiceManager: Starting com.android.server.vibrator.VibratorManagerService$Lifecycle
08-23 08:42:25.286   518   518 D SystemServerTiming: StartDynamicSystemService
08-23 08:42:25.287   518   518 D SystemServerTiming: StartConsumerIrService
08-23 08:42:25.287   518   518 D SystemServerTiming: StartResourceEconomy
08-23 08:42:25.287   518   518 I SystemServiceManager: Starting com.android.server.tare.InternalResourceService
08-23 08:42:25.288   518   518 D SystemServerTiming: StartAlarmManagerService
08-23 08:42:25.288   518   518 I SystemServiceManager: Starting com.android.server.alarm.AlarmManagerService
08-23 08:42:25.291   518   518 D SystemServerTiming: StartInputManagerService
08-23 08:42:25.293   518   518 I InputManager: Initializing input manager, mUseDevInputEventForAudioJack=true
08-23 08:42:25.293   518   518 D SystemServerTiming: DeviceStateManagerService
08-23 08:42:25.293   518   518 I SystemServiceManager: Starting com.android.server.devicestate.DeviceStateManagerService
08-23 08:42:25.295   518   518 D SystemServerTiming: StartCameraServiceProxy
08-23 08:42:25.295   518   518 I SystemServiceManager: Starting com.android.server.camera.CameraServiceProxy
08-23 08:42:25.296   518   518 D SystemServerTiming: StartWindowManagerService
08-23 08:42:25.296   518   518 I SystemServiceManager: Starting phase 200
08-23 08:42:25.296   518   518 D SystemServerTiming: OnBootPhase_200
08-23 08:42:25.296   518   518 D SystemServerTiming: OnBootPhase_200_com.android.server.security.FileIntegrityService
08-23 08:42:25.296   518   518 D SystemServerTiming: OnBootPhase_200_com.android.server.pm.Installer
08-23 08:42:25.296   518   518 D SystemServerTiming: OnBootPhase_200_com.android.server.os.DeviceIdentifiersPolicyService
08-23 08:42:25.296   518   518 D SystemServerTiming: OnBootPhase_200_com.android.server.uri.UriGrantsManagerService$Lifecycle
08-23 08:42:25.296   518   518 D SystemServerTiming: OnBootPhase_200_com.android.server.powerstats.PowerStatsService
08-23 08:42:25.296   518   518 D SystemServerTiming: OnBootPhase_200_com.android.server.wm.ActivityTaskManagerService$Lifecycle
08-23 08:42:25.296   518   518 D SystemServerTiming: OnBootPhase_200_com.android.server.am.ActivityManagerService$Lifecycle
08-23 08:42:25.296   518   518 D SystemServerTiming: OnBootPhase_200_com.android.server.pm.DataLoaderManagerService
08-23 08:42:25.296   518   518 D SystemServerTiming: OnBootPhase_200_com.android.server.power.PowerManagerService
08-23 08:42:25.296   518   518 D SystemServerTiming: OnBootPhase_200_com.android.server.power.ThermalManagerService
08-23 08:42:25.296   518   518 D SystemServerTiming: OnBootPhase_200_com.android.server.power.hint.HintManagerService
08-23 08:42:25.296   518   518 D SystemServerTiming: OnBootPhase_200_com.android.server.recoverysystem.RecoverySystemService$Lifecycle
08-23 08:42:25.296   518   518 D SystemServerTiming: OnBootPhase_200_com.android.server.lights.LightsService
08-23 08:42:25.296   518   518 D SystemServerTiming: OnBootPhase_200_com.android.server.display.DisplayManagerService
08-23 08:42:25.296   518   518 D SystemServerTiming: OnBootPhase_200_com.android.server.pm.verify.domain.DomainVerificationService
08-23 08:42:25.296   518   518 D SystemServerTiming: OnBootPhase_200_com.android.server.pm.PackageInstallerService$Lifecycle
08-23 08:42:25.296   518   518 D SystemServerTiming: OnBootPhase_200_com.android.server.pm.UserManagerService$LifeCycle
08-23 08:42:25.296   518   518 D SystemServerTiming: OnBootPhase_200_com.android.server.om.OverlayManagerService
08-23 08:42:25.296   518   518 D SystemServerTiming: OnBootPhase_200_com.android.server.resources.ResourcesManagerService
08-23 08:42:25.296   518   518 D SystemServerTiming: OnBootPhase_200_com.android.server.sensorprivacy.SensorPrivacyService
08-23 08:42:25.296   518   518 D SystemServerTiming: OnBootPhase_200_com.android.server.sensors.SensorService
08-23 08:42:25.296   518   518 D SystemServerTiming: OnBootPhase_200_com.android.server.SystemConfigService
08-23 08:42:25.296   518   518 D SystemServerTiming: OnBootPhase_200_com.android.server.BatteryService
08-23 08:42:25.296   518   518 D SystemServerTiming: OnBootPhase_200_com.android.server.usage.UsageStatsService
08-23 08:42:25.296   518   518 D SystemServerTiming: OnBootPhase_200_com.android.server.webkit.WebViewUpdateService
08-23 08:42:25.296   518   518 D SystemServerTiming: OnBootPhase_200_com.android.server.CachedDeviceStateService
08-23 08:42:25.296   518   518 D SystemServerTiming: OnBootPhase_200_com.android.server.BinderCallsStatsService$LifeCycle
08-23 08:42:25.296   518   518 D SystemServerTiming: OnBootPhase_200_com.android.server.LooperStatsService$Lifecycle
08-23 08:42:25.296   518   518 D SystemServerTiming: OnBootPhase_200_com.android.server.rollback.RollbackManagerService
08-23 08:42:25.296   518   518 D SystemServerTiming: OnBootPhase_200_com.android.server.os.NativeTombstoneManagerService
08-23 08:42:25.296   518   518 D SystemServerTiming: OnBootPhase_200_com.android.server.os.BugreportManagerService
08-23 08:42:25.296   518   518 D SystemServerTiming: OnBootPhase_200_com.android.server.gpu.GpuService
08-23 08:42:25.296   518   518 D SystemServerTiming: OnBootPhase_200_com.android.server.security.KeyChainSystemService
08-23 08:42:25.296   518   518 D SystemServerTiming: OnBootPhase_200_com.android.server.BinaryTransparencyService
08-23 08:42:25.296   518   518 D SystemServerTiming: OnBootPhase_200_com.android.server.telecom.TelecomLoaderService
08-23 08:42:25.296   518   518 D SystemServerTiming: OnBootPhase_200_com.android.server.accounts.AccountManagerService$Lifecycle
08-23 08:42:25.296   518   518 D SystemServerTiming: OnBootPhase_200_com.android.server.content.ContentService$Lifecycle
08-23 08:42:25.296   518   518 D SystemServerTiming: OnBootPhase_200_com.android.server.DropBoxManagerService
08-23 08:42:25.296   518   518 D SystemServerTiming: OnBootPhase_200_com.android.role.RoleService
08-23 08:42:25.296   518   518 D SystemServerTiming: OnBootPhase_200_com.android.server.vibrator.VibratorManagerService$Lifecycle
08-23 08:42:25.296   518   518 D SystemServerTiming: OnBootPhase_200_com.android.server.tare.InternalResourceService
08-23 08:42:25.296   518   518 D SystemServerTiming: OnBootPhase_200_com.android.server.alarm.AlarmManagerService
08-23 08:42:25.296   518   518 D SystemServerTiming: OnBootPhase_200_com.android.server.devicestate.DeviceStateManagerService
08-23 08:42:25.296   518   518 D SystemServerTiming: OnBootPhase_200_com.android.server.camera.CameraServiceProxy
08-23 08:42:25.297   518   518 I WindowManager: No existing display settings, starting empty
08-23 08:42:25.297   518   518 I WindowManager: No existing display settings, starting empty
08-23 08:42:25.299   518   538 E WindowManager: Error reading from LetterboxConfigurationPersister. Using default values!
08-23 08:42:25.299   518   538 E WindowManager: java.io.FileNotFoundException: /data/system/letterbox_config: open failed: ENOENT (No such file or directory)
08-23 08:42:25.299   518   538 E WindowManager: 	at libcore.io.IoBridge.open(IoBridge.java:574)
08-23 08:42:25.299   518   538 E WindowManager: 	at java.io.FileInputStream.<init>(FileInputStream.java:160)
08-23 08:42:25.299   518   538 E WindowManager: 	at android.util.AtomicFile.openRead(AtomicFile.java:260)
08-23 08:42:25.299   518   538 E WindowManager: 	at com.android.server.wm.LetterboxConfigurationPersister.readCurrentConfiguration(LetterboxConfigurationPersister.java:221)
08-23 08:42:25.299   518   538 E WindowManager: 	at com.android.server.wm.LetterboxConfigurationPersister.<init>(LetterboxConfigurationPersister.java:128)
08-23 08:42:25.299   518   538 E WindowManager: 	at com.android.server.wm.LetterboxConfigurationPersister.<init>(LetterboxConfigurationPersister.java:101)
08-23 08:42:25.299   518   538 E WindowManager: 	at com.android.server.wm.LetterboxConfiguration.<init>(LetterboxConfiguration.java:242)
08-23 08:42:25.299   518   538 E WindowManager: 	at com.android.server.wm.WindowManagerService.<init>(WindowManagerService.java:1235)
08-23 08:42:25.299   518   538 E WindowManager: 	at com.android.server.wm.WindowManagerService.lambda$main$1(WindowManagerService.java:1179)
08-23 08:42:25.299   518   538 E WindowManager: 	at com.android.server.wm.WindowManagerService.$r8$lambda$mdM6IEP25omWg9Thw5NvWNLhRLE(Unknown Source:0)
08-23 08:42:25.299   518   538 E WindowManager: 	at com.android.server.wm.WindowManagerService$$ExternalSyntheticLambda3.run(Unknown Source:20)
08-23 08:42:25.299   518   538 E WindowManager: 	at android.os.Handler$BlockingRunnable.run(Handler.java:965)
08-23 08:42:25.299   518   538 E WindowManager: 	at android.os.Handler.handleCallback(Handler.java:942)
08-23 08:42:25.299   518   538 E WindowManager: 	at android.os.Handler.dispatchMessage(Handler.java:99)
08-23 08:42:25.299   518   538 E WindowManager: 	at android.os.Looper.loopOnce(Looper.java:201)
08-23 08:42:25.299   518   538 E WindowManager: 	at android.os.Looper.loop(Looper.java:288)
08-23 08:42:25.299   518   538 E WindowManager: 	at android.os.HandlerThread.run(HandlerThread.java:67)
08-23 08:42:25.299   518   538 E WindowManager: 	at com.android.server.ServiceThread.run(ServiceThread.java:44)
08-23 08:42:25.299   518   538 E WindowManager: Caused by: android.system.ErrnoException: open failed: ENOENT (No such file or directory)
08-23 08:42:25.299   518   538 E WindowManager: 	at libcore.io.Linux.open(Native Method)
08-23 08:42:25.299   518   538 E WindowManager: 	at libcore.io.ForwardingOs.open(ForwardingOs.java:563)
08-23 08:42:25.299   518   538 E WindowManager: 	at libcore.io.BlockGuardOs.open(BlockGuardOs.java:274)
08-23 08:42:25.299   518   538 E WindowManager: 	at libcore.io.IoBridge.open(IoBridge.java:560)
08-23 08:42:25.299   518   538 E WindowManager: 	... 17 more
08-23 08:42:25.301   518   538 D WindowManager: sendOrientationToHostAsync: calling BstHostCallManagerService onOrientationChange method, orientation: 0
08-23 08:42:25.301   518   538 D WindowManager: sendOrientationToHostAsync: BstHostCallManagerService onOrientationChange method returned: 0
08-23 08:42:25.305   518   518 D SystemServerTiming: SetWindowManagerService
08-23 08:42:25.319   518   518 I ActivityTaskManager: Loaded persisted task ids for user 0
08-23 08:42:25.321   518   518 D SystemServerTiming: WindowManagerServiceOnInitReady
08-23 08:42:25.324   518   518 D SystemServerTiming: StartInputManager
08-23 08:42:25.324   518   518 I InputManager: Starting input manager
08-23 08:42:25.324   518   581 D SystemServerTimingAsync: InitThreadPoolExec:StartHidlServices
08-23 08:42:25.324   518   581 D SystemServerInitThreadPool: Started executing StartHidlServices
08-23 08:42:25.324   518   581 D SystemServerTimingAsync: StartHidlServices
08-23 08:42:25.325   518   581 D SystemServerInitThreadPool: Finished executing StartHidlServices
08-23 08:42:25.325   518   518 D SystemServerTiming: DisplayManagerWindowManagerAndInputReady
08-23 08:42:25.325   518   518 D SystemServerTiming: StartBluetoothService
08-23 08:42:25.325   518   538 I LogicalDisplayMapper: Requesting Transition to state: 0, from state=-1, interactive=true, mBootCompleted=false
08-23 08:42:25.325   518   538 I LogicalDisplayMapper: Applying layout: [{addr: {port=0}, dispId: 0(ON)}], Previous layout: [{addr: {port=0}, dispId: 0(ON)}]
08-23 08:42:25.329   518   518 I SystemServiceManager: Starting com.android.server.bluetooth.BluetoothService
08-23 08:42:25.331   518   518 D SystemServerTiming: IpConnectivityMetrics
08-23 08:42:25.331   518   518 I SystemServiceManager: Starting com.android.server.connectivity.IpConnectivityMetrics
08-23 08:42:25.332   518   518 D SystemServerTiming: NetworkWatchlistService
08-23 08:42:25.332   518   518 I SystemServiceManager: Starting com.android.server.net.watchlist.NetworkWatchlistService$Lifecycle
08-23 08:42:25.334   518   518 I WatchlistSettings: Reload watchlist settings done
08-23 08:42:25.334   518   518 D SystemServerTiming: PinnerService
08-23 08:42:25.334   518   518 I SystemServiceManager: Starting com.android.server.PinnerService
08-23 08:42:25.334   518   612 I WatchlistLoggingHandler: No need to aggregate record yet.
08-23 08:42:25.334   518   612 I WatchlistLoggingHandler: Milliseconds spent on tryAggregateRecords(): 0
08-23 08:42:25.334   518   518 V HistoricalRegistry: Interaction before persistence initialized
08-23 08:42:25.334   518   518 D SystemServerTiming: SignedConfigService
08-23 08:42:25.335   518   518 D SystemServerTiming: AppIntegrityService
08-23 08:42:25.335   518   518 I SystemServiceManager: Starting com.android.server.integrity.AppIntegrityManagerService
08-23 08:42:25.335   518   518 E IntegrityFileManager: Error creating staging and rules directory
08-23 08:42:25.336   518   518 D SystemServerTiming: StartLogcatManager
08-23 08:42:25.336   518   518 I SystemServiceManager: Starting com.android.server.logcat.LogcatManagerService
08-23 08:42:25.337   518   518 I WindowManager: SAFE MODE not enabled
08-23 08:42:25.337   518   518 D SystemServerTiming: StartInputMethodManagerLifecycle
08-23 08:42:25.337   518   518 I SystemServiceManager: Starting com.android.server.inputmethod.InputMethodManagerService$Lifecycle
08-23 08:42:25.338   518   518 D SystemServerTiming: StartAccessibilityManagerService
08-23 08:42:25.338   518   518 I SystemServiceManager: Starting com.android.server.accessibility.AccessibilityManagerService$Lifecycle
08-23 08:42:25.339   518   518 D SystemServerTiming: MakeDisplayReady
08-23 08:42:25.341   518   518 I ActivityTaskManager: Config changes=20005df8 {1.0 ?mcc?mnc [en_US] ldltr sw720dp w1280dp h720dp 320dpi xlrg long land ?uimode ?night -touch -keyb/v/h -nav/h winConfig={ mBounds=Rect(0, 0 - 2560, 1440) mAppBounds=Rect(0, 0 - 2560, 1440) mMaxBounds=Rect(0, 0 - 2560, 1440) mDisplayRotation=ROTATION_0 mWindowingMode=fullscreen mDisplayWindowingMode=fullscreen mActivityType=undefined mAlwaysOnTop=undefined mRotation=ROTATION_0} s.2 ?fontWeightAdjustment}
08-23 08:42:25.341   518   518 I WindowManager: Override config changes=60007dfc {1.0 ?mcc?mnc [en_US] ldltr sw720dp w1280dp h720dp 320dpi xlrg long land ?uimode ?night -touch -keyb/v/h -nav/h winConfig={ mBounds=Rect(0, 0 - 2560, 1440) mAppBounds=Rect(0, 0 - 2560, 1440) mMaxBounds=Rect(0, 0 - 2560, 1440) mDisplayRotation=ROTATION_0 mWindowingMode=fullscreen mDisplayWindowingMode=fullscreen mActivityType=undefined mAlwaysOnTop=undefined mRotation=ROTATION_0} s.2 ?fontWeightAdjustment} for displayId=0
08-23 08:42:25.342   518   518 I ActivityTaskManager: Config changes=8 {1.0 ?mcc?mnc [en_US] ldltr sw720dp w1280dp h720dp 320dpi xlrg long land ?uimode ?night finger -keyb/v/h -nav/h winConfig={ mBounds=Rect(0, 0 - 2560, 1440) mAppBounds=Rect(0, 0 - 2560, 1440) mMaxBounds=Rect(0, 0 - 2560, 1440) mDisplayRotation=ROTATION_0 mWindowingMode=fullscreen mDisplayWindowingMode=fullscreen mActivityType=undefined mAlwaysOnTop=undefined mRotation=ROTATION_0} s.4 ?fontWeightAdjustment}
08-23 08:42:25.342   518   518 I WindowManager: Override config changes=8 {1.0 ?mcc?mnc [en_US] ldltr sw720dp w1280dp h720dp 320dpi xlrg long land ?uimode ?night finger -keyb/v/h -nav/h winConfig={ mBounds=Rect(0, 0 - 2560, 1440) mAppBounds=Rect(0, 0 - 2560, 1440) mMaxBounds=Rect(0, 0 - 2560, 1440) mDisplayRotation=ROTATION_0 mWindowingMode=fullscreen mDisplayWindowingMode=fullscreen mActivityType=undefined mAlwaysOnTop=undefined mRotation=ROTATION_0} s.4 ?fontWeightAdjustment} for displayId=0
08-23 08:42:25.342   518   518 D SystemServerTiming: StartStorageManagerService
08-23 08:42:25.342   518   518 I SystemServiceManager: Starting com.android.server.StorageManagerService$Lifecycle
08-23 08:42:25.343   518   615 D StorageManagerService: Thinking about init, mBootCompleted=false, mDaemonConnected=true
08-23 08:42:25.343   518   615 D StorageManagerService: Thinking about reset, mBootCompleted=false, mDaemonConnected=true
08-23 08:42:25.344   518   615 D StorageManagerService: Thinking about init, mBootCompleted=false, mDaemonConnected=true
08-23 08:42:25.344   518   615 D StorageManagerService: Thinking about reset, mBootCompleted=false, mDaemonConnected=true
08-23 08:42:25.344   518   518 D SystemServerTiming: StartStorageStatsService
08-23 08:42:25.344   518   518 I SystemServiceManager: Starting com.android.server.usage.StorageStatsService$Lifecycle
08-23 08:42:25.345   518   518 D SystemServerTiming: StartUiModeManager
08-23 08:42:25.345   518   518 I SystemServiceManager: Starting com.android.server.UiModeManagerService
08-23 08:42:25.345   518   518 D SystemServerTiming: StartLocaleManagerService
08-23 08:42:25.345   518   518 I SystemServiceManager: Starting com.android.server.locales.LocaleManagerService
08-23 08:42:25.345   518   592 D SystemServerTimingAsync: InitThreadPoolExec:UiModeManager.onStart
08-23 08:42:25.345   518   592 D SystemServerInitThreadPool: Started executing UiModeManager.onStart
08-23 08:42:25.347   518   518 D SystemServerTiming: UpdatePackagesIfNeeded
08-23 08:42:25.347   518   518 I Watchdog: Pausing HandlerChecker: main thread for reason: dexopt. Pause count: 1
08-23 08:42:25.346     1     1 I init    : processing action (sys.sysctl.extra_free_kbytes=*) from (/system/etc/init/hw/init.rc:1208)
08-23 08:42:25.346     1     1 I init    : starting service 'exec 20 (/system/bin/extra_free_kbytes.sh 43200)'...
08-23 08:42:25.348     1     1 I init    : SVC_EXEC service 'exec 20 (/system/bin/extra_free_kbytes.sh 43200)' pid 616 (uid 0 gid 0+0 context default) started; waiting...
08-23 08:42:25.349   518   518 I Watchdog: Resuming HandlerChecker: main thread for reason: dexopt. Pause count: 0
08-23 08:42:25.349   518   518 D SystemServerTiming: PerformFstrimIfNeeded
08-23 08:42:25.349   518   518 D SystemServerTiming: StartLockSettingsService
08-23 08:42:25.349   518   518 I SystemServiceManager: Starting com.android.server.locksettings.LockSettingsService$Lifecycle
08-23 08:42:25.349   518   592 D SystemServerInitThreadPool: Finished executing UiModeManager.onStart
08-23 08:42:25.356   518   518 D SystemServerTiming: StartTestHarnessMode
08-23 08:42:25.356   518   518 I SystemServiceManager: Starting com.android.server.testharness.TestHarnessModeService
08-23 08:42:25.356   518   518 I OemLock : OemLock HAL not present on device
08-23 08:42:25.356   518   518 D SystemServerTiming: StartDeviceIdleController
08-23 08:42:25.356   518   518 I SystemServiceManager: Starting com.android.server.DeviceIdleController
08-23 08:42:25.357   518   518 D SystemServerTiming: StartDevicePolicyManager
08-23 08:42:25.357   518   518 I SystemServiceManager: Starting com.android.server.devicepolicy.DevicePolicyManagerService$Lifecycle
08-23 08:42:25.361   518   518 I DevicePolicyManager: Current version 3, latest version 3, not upgrading.
08-23 08:42:25.362   518   518 I DevicePolicyManager: Set ro.organization_owned property to false
08-23 08:42:25.363   518   518 D SystemServerTiming: StartStatusBarManagerService
08-23 08:42:25.364   518   518 D SystemServer: MusicRecognitionManagerService not defined by OEM or disabled by flag
08-23 08:42:25.364   518   518 D SystemServer: ContentCaptureService disabled because resource is not overlaid
08-23 08:42:25.364   518   518 D SystemServer: AttentionService is not configured on this device
08-23 08:42:25.364   518   518 D SystemServer: RotationResolverService is not configured on this device
08-23 08:42:25.364   518   518 D SystemServer: SystemCaptionsManagerService disabled because resource is not overlaid
08-23 08:42:25.364   518   518 D SystemServerTiming: StartTextToSpeechManagerService
08-23 08:42:25.364   518   518 I SystemServiceManager: Starting com.android.server.texttospeech.TextToSpeechManagerService
08-23 08:42:25.365   518   518 D SystemServerTiming: StartAmbientContextService
08-23 08:42:25.365   518   518 I SystemServiceManager: Starting com.android.server.ambientcontext.AmbientContextManagerService
08-23 08:42:25.365   518   518 D SystemServerTiming: StartSpeechRecognitionManagerService
08-23 08:42:25.365   518   518 I SystemServiceManager: Starting com.android.server.speech.SpeechRecognitionManagerService
08-23 08:42:25.366   518   518 D SystemServer: AppPredictionService not defined by OEM
08-23 08:42:25.366   518   518 D SystemServer: ContentSuggestionsService not defined by OEM
08-23 08:42:25.366   518   518 D SystemServerTiming: StartSearchUiService
08-23 08:42:25.366   518   518 I SystemServiceManager: Starting com.android.server.searchui.SearchUiManagerService
08-23 08:42:25.366   518   518 D SystemServerTiming: StartSmartspaceService
08-23 08:42:25.366   518   518 I SystemServiceManager: Starting com.android.server.smartspace.SmartspaceManagerService
08-23 08:42:25.366   518   518 D SystemServerTiming: InitConnectivityModuleConnector
08-23 08:42:25.366   518   518 D ConnectivityModuleConnector: Network stack init
08-23 08:42:25.367   518   518 D SystemServerTiming: InitNetworkStackClient
08-23 08:42:25.367   518   518 D SystemServerTiming: StartNetworkManagementService
08-23 08:42:25.368   518   518 D SystemServerTiming: StartFontManagerService
08-23 08:42:25.375     1     1 I init    : Service 'exec 20 (/system/bin/extra_free_kbytes.sh 43200)' (pid 616) exited with status 0 waiting took 0.026000 seconds
08-23 08:42:25.375     1     1 I init    : Sending signal 9 to service 'exec 20 (/system/bin/extra_free_kbytes.sh 43200)' (pid 616) process group...
08-23 08:42:25.376     1     1 I libprocessgroup: Successfully killed process cgroup uid 0 pid 616 in 0ms
08-23 08:42:25.389   518   518 D SystemServerTiming: StartTextServicesManager
08-23 08:42:25.389   518   518 I SystemServiceManager: Starting com.android.server.textservices.TextServicesManagerService$Lifecycle
08-23 08:42:25.390   518   518 D SystemServerTiming: StartTextClassificationManagerService
08-23 08:42:25.390   518   518 I SystemServiceManager: Starting com.android.server.textclassifier.TextClassificationManagerService$Lifecycle
08-23 08:42:25.390   518   518 D SystemServerTiming: StartNetworkScoreService
08-23 08:42:25.390   518   518 I SystemServiceManager: Starting com.android.server.NetworkScoreService$Lifecycle
08-23 08:42:25.390   518   518 D SystemServerTiming: StartNetworkStatsService
08-23 08:42:25.398   518   518 I SystemServiceManager: Starting com.android.server.NetworkStatsServiceInitializer
08-23 08:42:25.411   518   518 D SystemServerTiming: StartNetworkPolicyManagerService
08-23 08:42:25.412   518   518 D SystemServerTiming: StartWifi
08-23 08:42:25.417   518   518 I SystemServiceManager: Starting com.android.server.wifi.WifiService
08-23 08:42:25.443   518   545 I DropBoxManagerService: add tag=system_server_wtf isTagEnabled=true flags=0x2
08-23 08:42:25.444   518   545 W DropBoxManagerService: Dropping: system_server_wtf (1271 > 0 bytes)
08-23 08:42:25.447   518   545 I DropBoxManagerService: add tag=system_server_wtf isTagEnabled=true flags=0x2
08-23 08:42:25.447   518   545 W DropBoxManagerService: Dropping: system_server_wtf (1274 > 0 bytes)
08-23 08:42:25.459   518   518 V HistoricalRegistry: Interaction before persistence initialized
08-23 08:42:25.460   518   518 D SystemServerTiming: StartWifiScanning
08-23 08:42:25.460   518   518 I SystemServiceManager: Starting com.android.server.wifi.scanner.WifiScanningService
08-23 08:42:25.462   518   518 D SystemServerTiming: StartWifiP2P
08-23 08:42:25.462   518   518 I SystemServiceManager: Starting com.android.server.wifi.p2p.WifiP2pService
08-23 08:42:25.463   518   518 D SystemServerTiming: StartPacProxyService
08-23 08:42:25.464   518   518 D SystemServerTiming: StartConnectivityService
08-23 08:42:25.464   518   518 I SystemServiceManager: Starting com.android.server.ConnectivityServiceInitializer
08-23 08:42:25.473   518   518 D CompatibilityChangeReporter: Compat change id reported: 182478738; UID 1000; state: ENABLED
08-23 08:42:25.482   518   518 D SystemServerTiming: StartVpnManagerService
08-23 08:42:25.512   518   518 D SystemServerTiming: StartVcnManagementService
08-23 08:42:25.512   518   518 D SystemServerTiming: StartSystemUpdateManagerService
08-23 08:42:25.512   518   518 I SystemUpdateManagerService: No existing info file /data/system/system-update-info.xml
08-23 08:42:25.513   518   518 D SystemServerTiming: StartUpdateLockService
08-23 08:42:25.513   518   518 D SystemServerTiming: StartNotificationManager
08-23 08:42:25.513   518   518 I SystemServiceManager: Starting com.android.server.notification.NotificationManagerService
08-23 08:42:25.517   518   518 D ConditionProviders.SCP: new ScheduleConditionProvider()
08-23 08:42:25.522   518   518 I NotificationAssistants: Read notification assistant permissions from xml
08-23 08:42:25.522   518   518 I ConditionProviders: Read condition provider permissions from xml
08-23 08:42:25.522   518   518 I ConditionProviders: Read condition provider permissions from xml
08-23 08:42:25.522   518   518 D NotificationAssistants: Approving default notification assistant for user 0
08-23 08:42:25.523   518   518 I ConditionProviders:  Allowing condition provider android.ext.services/android.ext.services.notification.Assistant (userSet: true)
08-23 08:42:25.523   518   518 D CompatibilityChangeReporter: Compat change id reported: 157233955; UID 1000; state: DISABLED
08-23 08:42:25.524   518   518 D SystemServerTiming: StartDeviceMonitor
08-23 08:42:25.524   518   518 I SystemServiceManager: Starting com.android.server.storage.DeviceStorageMonitorService
08-23 08:42:25.525   518   518 D SystemServerTiming: StartLocationManagerService
08-23 08:42:25.525   518   518 I SystemServiceManager: Starting com.android.server.location.LocationManagerService$Lifecycle
08-23 08:42:25.526   518   518 D SystemServerTiming: StartCountryDetectorService
08-23 08:42:25.526   518   518 D SystemServerTiming: StartTimeDetectorService
08-23 08:42:25.526   518   518 I SystemServiceManager: Starting com.android.server.timedetector.TimeDetectorService$Lifecycle
08-23 08:42:25.527   518   518 D SystemServerTiming: StartTimeZoneDetectorService
08-23 08:42:25.527   518   518 I SystemServiceManager: Starting com.android.server.timezonedetector.TimeZoneDetectorService$Lifecycle
08-23 08:42:25.527   518   518 D SystemServerTiming: StartLocationTimeZoneManagerService
08-23 08:42:25.527   518   518 I SystemServiceManager: Starting com.android.server.timezonedetector.location.LocationTimeZoneManagerService$Lifecycle
08-23 08:42:25.527   518   518 D SystemServerTiming: StartSearchManagerService
08-23 08:42:25.527   518   518 I SystemServiceManager: Starting com.android.server.search.SearchManagerService$Lifecycle
08-23 08:42:25.527   518   518 D SystemServerTiming: StartWallpaperManagerService
08-23 08:42:25.527   518   518 I SystemServiceManager: Starting com.android.server.wallpaper.WallpaperManagerService$Lifecycle
08-23 08:42:25.528   518   518 D SystemServerTiming: StartWallpaperEffectsGenerationService
08-23 08:42:25.528   518   518 I SystemServiceManager: Starting com.android.server.wallpapereffectsgeneration.WallpaperEffectsGenerationManagerService
08-23 08:42:25.528   518   518 D SystemServerTiming: StartAudioService
08-23 08:42:25.528   518   518 I SystemServiceManager: Starting com.android.server.audio.AudioService$Lifecycle
08-23 08:42:25.543   518   518 D SystemServerTiming: StartSoundTriggerMiddlewareService
08-23 08:42:25.543   518   518 I SystemServiceManager: Starting com.android.server.soundtrigger_middleware.SoundTriggerMiddlewareService$Lifecycle
08-23 08:42:25.545   518   518 D SystemServerTiming: StartDockObserver
08-23 08:42:25.545   518   518 I SystemServiceManager: Starting com.android.server.DockObserver
08-23 08:42:25.545   518   518 I DockObserver: No extcon dock device found in this kernel.
08-23 08:42:25.545   518   518 D SystemServerTiming: StartWiredAccessoryManager
08-23 08:42:25.545   518   518 W WiredAccessoryManager: This kernel does not have usb audio support
08-23 08:42:25.545   518   518 W WiredAccessoryManager: This kernel does not have HDMI audio support
08-23 08:42:25.545   518   518 D SystemServerTiming: StartMidiManager
08-23 08:42:25.545   518   518 I SystemServiceManager: Starting com.android.server.midi.MidiService$Lifecycle
08-23 08:42:25.546   518   518 D SystemServerTiming: StartAdbService
08-23 08:42:25.546   518   518 I SystemServiceManager: Starting com.android.server.adb.AdbService$Lifecycle
08-23 08:42:25.546   518   518 D SystemServerTiming: StartUsbService
08-23 08:42:25.546   518   518 I SystemServiceManager: Starting com.android.server.usb.UsbService$Lifecycle
08-23 08:42:25.546   518   518 D SystemServerTiming: StartSerialService
08-23 08:42:25.546   518   542 D SystemServerTimingAsync: InitThreadPoolExec:UsbService$Lifecycle#onStart
08-23 08:42:25.546   518   542 D SystemServerInitThreadPool: Started executing UsbService$Lifecycle#onStart
08-23 08:42:25.546   518   518 D SystemServerTiming: StartHardwarePropertiesManagerService
08-23 08:42:25.546   518   518 D SystemServerTiming: StartTwilightService
08-23 08:42:25.546   518   518 I SystemServiceManager: Starting com.android.server.twilight.TwilightService
08-23 08:42:25.546   518   518 D SystemServerTiming: StartColorDisplay
08-23 08:42:25.546   518   518 I SystemServiceManager: Starting com.android.server.display.color.ColorDisplayService
08-23 08:42:25.547   518   518 D SystemServerTiming: StartJobScheduler
08-23 08:42:25.547   518   518 I SystemServiceManager: Starting com.android.server.job.JobSchedulerService
08-23 08:42:25.547   518   542 D UsbPortManager: Querying USB HAL version
08-23 08:42:25.548   518   518 D JobStore: Start tag: job-info
08-23 08:42:25.549   518   542 I UsbPortManager: USB HAL HIDL present
08-23 08:42:25.549   518   518 I JobStore: Read 10 jobs
08-23 08:42:25.550   518   543 I UsbPortManager: Usb hal service started android.hardware.usb@1.0::IUsb default
08-23 08:42:25.551   518   542 D UsbPortManager: getInstance done
08-23 08:42:25.551   518   542 D SystemServerInitThreadPool: Finished executing UsbService$Lifecycle#onStart
08-23 08:42:25.552   518   518 V HistoricalRegistry: Interaction before persistence initialized
08-23 08:42:25.552   518   518 V HistoricalRegistry: Interaction before persistence initialized
08-23 08:42:25.552   518   518 D SystemServerTiming: StartSoundTrigger
08-23 08:42:25.552   518   518 I SystemServiceManager: Starting com.android.server.soundtrigger.SoundTriggerService
08-23 08:42:25.552   518   518 D SystemServerTiming: StartTrustManager
08-23 08:42:25.552   518   518 I SystemServiceManager: Starting com.android.server.trust.TrustManagerService
08-23 08:42:25.552   518   518 D SystemServerTiming: StartBackupManager
08-23 08:42:25.552   518   518 I SystemServiceManager: Starting com.android.server.backup.BackupManagerService$Lifecycle
08-23 08:42:25.553   518   518 D SystemServerTiming: StartAppWidgetService
08-23 08:42:25.553   518   518 I SystemServiceManager: Starting com.android.server.appwidget.AppWidgetService
08-23 08:42:25.554   518   518 D SystemServerTiming: StartVoiceRecognitionManager
08-23 08:42:25.554   518   518 I SystemServiceManager: Starting com.android.server.voiceinteraction.VoiceInteractionManagerService
08-23 08:42:25.555   518   518 D SystemServerTiming: StartAppHibernationService
08-23 08:42:25.555   518   518 I SystemServiceManager: Starting com.android.server.apphibernation.AppHibernationService
08-23 08:42:25.556   518   518 D SystemServerTiming: StartGestureLauncher
08-23 08:42:25.556   518   518 I SystemServiceManager: Starting com.android.server.GestureLauncherService
08-23 08:42:25.556   518   518 D SystemServerTiming: StartSensorNotification
08-23 08:42:25.556   518   518 I SystemServiceManager: Starting com.android.server.SensorNotificationService
08-23 08:42:25.556   518   518 D SystemServerTiming: StartDiskStatsService
08-23 08:42:25.556   518   518 D CompatibilityChangeReporter: Compat change id reported: 194532703; UID 1000; state: ENABLED
08-23 08:42:25.556   518   518 D SystemServerTiming: RuntimeService
08-23 08:42:25.556   518   518 D SystemServerTiming: StartNetworkTimeUpdateService
08-23 08:42:25.556   518   518 D SystemServerTiming: CertBlacklister
08-23 08:42:25.556   518   518 D SystemServerTiming: StartEmergencyAffordanceService
08-23 08:42:25.556   518   518 I SystemServiceManager: Starting com.android.server.emergency.EmergencyAffordanceService
08-23 08:42:25.557   518   518 D SystemServerTiming: startBlobStoreManagerService
08-23 08:42:25.557   518   518 I SystemServiceManager: Starting com.android.server.blob.BlobStoreManagerService
08-23 08:42:25.557   518   518 D SystemServerTiming: StartDreamManager
08-23 08:42:25.557   518   518 I SystemServiceManager: Starting com.android.server.dreams.DreamManagerService
08-23 08:42:25.557   518   518 D SystemServerTiming: AddGraphicsStatsService
08-23 08:42:25.558   518   518 D SystemServerTiming: StartPrintManager
08-23 08:42:25.558   518   518 I SystemServiceManager: Starting com.android.server.print.PrintManagerService
08-23 08:42:25.559   518   518 D SystemServerTiming: StartAttestationVerificationService
08-23 08:42:25.559   518   518 I SystemServiceManager: Starting com.android.server.security.AttestationVerificationManagerService
08-23 08:42:25.559   518   518 D AVF     : Started
08-23 08:42:25.559   518   518 D SystemServerTiming: StartCompanionDeviceManager
08-23 08:42:25.559   518   518 I SystemServiceManager: Starting com.android.server.companion.CompanionDeviceManagerService
08-23 08:42:25.559   518   518 I CompanionDevice_PersistentDataStore: Reading associations for user 0 from disk
08-23 08:42:25.559   518   518 D SystemServerTiming: StartVirtualDeviceManager
08-23 08:42:25.559   518   518 I SystemServiceManager: Starting com.android.server.companion.virtual.VirtualDeviceManagerService
08-23 08:42:25.560   518   518 D SystemServerTiming: StartRestrictionManager
08-23 08:42:25.560   518   518 I SystemServiceManager: Starting com.android.server.restrictions.RestrictionsManagerService
08-23 08:42:25.560   518   518 D SystemServerTiming: StartMediaSessionService
08-23 08:42:25.560   518   518 I SystemServiceManager: Starting com.android.server.media.MediaSessionService
08-23 08:42:25.560   518   518 D SystemServerTiming: StartMediaResourceMonitor
08-23 08:42:25.560   518   518 I SystemServiceManager: Starting com.android.server.media.MediaResourceMonitorService
08-23 08:42:25.560   518   518 D SystemServerTiming: StartMediaRouterService
08-23 08:42:25.560   518   518 V HistoricalRegistry: Interaction before persistence initialized
08-23 08:42:25.561   518   518 D SystemServerTiming: StartBiometricService
08-23 08:42:25.561   518   518 I SystemServiceManager: Starting com.android.server.biometrics.BiometricService
08-23 08:42:25.561   518   518 D SystemServerTiming: StartAuthService
08-23 08:42:25.561   518   518 I SystemServiceManager: Starting com.android.server.biometrics.AuthService
08-23 08:42:25.562   518   518 D SystemServerTiming: StartDynamicCodeLoggingService
08-23 08:42:25.562   518   518 D SystemServerTiming: StartPruneInstantAppsJobService
08-23 08:42:25.562   518   518 D SystemServerTiming: StartShortcutServiceLifecycle
08-23 08:42:25.562   518   518 I SystemServiceManager: Starting com.android.server.pm.ShortcutService$Lifecycle
08-23 08:42:25.562   518   518 V HistoricalRegistry: Interaction before persistence initialized
08-23 08:42:25.562   518   518 D SystemServerTiming: StartLauncherAppsService
08-23 08:42:25.562   518   518 I SystemServiceManager: Starting com.android.server.pm.LauncherAppsService
08-23 08:42:25.563   518   518 D SystemServerTiming: StartCrossProfileAppsService
08-23 08:42:25.563   518   518 I SystemServiceManager: Starting com.android.server.pm.CrossProfileAppsService
08-23 08:42:25.563   518   518 D SystemServerTiming: StartPeopleService
08-23 08:42:25.563   518   518 I SystemServiceManager: Starting com.android.server.people.PeopleService
08-23 08:42:25.563   518   518 D SystemServerTiming: StartMediaMetricsManager
08-23 08:42:25.563   518   518 I SystemServiceManager: Starting com.android.server.media.metrics.MediaMetricsManagerService
08-23 08:42:25.563   518   518 D SystemServerTiming: StartMediaProjectionManager
08-23 08:42:25.563   518   518 I SystemServiceManager: Starting com.android.server.media.projection.MediaProjectionManagerService
08-23 08:42:25.564   518   518 D SystemServerTiming: StartSliceManagerService
08-23 08:42:25.564   518   518 I SystemServiceManager: Starting com.android.server.slice.SliceManagerService$Lifecycle
08-23 08:42:25.564   518   518 D SystemServerTiming: StartStatsCompanion
08-23 08:42:25.564   518   518 I SystemServiceManager: Starting com.android.server.stats.StatsCompanion$Lifecycle
08-23 08:42:25.565   518   518 D SystemServerTiming: StartRebootReadinessManagerService
08-23 08:42:25.565   518   518 I SystemServiceManager: Starting com.android.server.scheduling.RebootReadinessManagerService$Lifecycle
08-23 08:42:25.567   518   518 D SystemServerTiming: StartStatsPullAtomService
08-23 08:42:25.567   518   518 I SystemServiceManager: Starting com.android.server.stats.pull.StatsPullAtomService
08-23 08:42:25.567   518   518 D SystemServerTiming: StatsBootstrapAtomService
08-23 08:42:25.567   518   518 I SystemServiceManager: Starting com.android.server.stats.bootstrap.StatsBootstrapAtomService$Lifecycle
08-23 08:42:25.567   518   518 D SystemServerTiming: StartIncidentCompanionService
08-23 08:42:25.567   518   518 I SystemServiceManager: Starting com.android.server.incident.IncidentCompanionService
08-23 08:42:25.567   518   518 D SystemServerTiming: StarSdkSandboxManagerService
08-23 08:42:25.567   518   518 I SystemServiceManager: Starting com.android.server.sdksandbox.SdkSandboxManagerService$Lifecycle
08-23 08:42:25.568   518   518 D SystemServerTiming: StartAdServicesManagerService
08-23 08:42:25.568   518   518 I SystemServiceManager: Starting com.android.server.adservices.AdServicesManagerService$Lifecycle
08-23 08:42:25.568   518   518 D SystemServerTiming: StartMmsService
08-23 08:42:25.568   518   518 I SystemServiceManager: Starting com.android.server.MmsServiceBroker
08-23 08:42:25.568   518   518 D SystemServerTiming: StartAutoFillService
08-23 08:42:25.568   518   518 I SystemServiceManager: Starting com.android.server.autofill.AutofillManagerService
08-23 08:42:25.568   518   518 D AutofillManagerService: setLogLevelFromSettings(): level=2, debug=true, verbose=false
08-23 08:42:25.568   518   518 D AutofillManagerService: setMaxPartitionsFromSettings(): 10
08-23 08:42:25.568   518   518 D AutofillManagerService: setMaxVisibleDatasetsFromSettings(): 0
08-23 08:42:25.568   518   518 D AutofillManagerServiceImpl: Reset component for user 0:
08-23 08:42:25.568   518   536 D AutofillUI: destroySaveUiUiThread(): already destroyed
08-23 08:42:25.569   518   518 D SystemServer: TranslationService not defined by OEM
08-23 08:42:25.569   518   518 D SystemServerTiming: StartClipboardService
08-23 08:42:25.569   518   518 I SystemServiceManager: Starting com.android.server.clipboard.ClipboardService
08-23 08:42:25.569   518   518 D SystemServerTiming: AppServiceManager
08-23 08:42:25.569   518   518 I SystemServiceManager: Starting com.android.server.appbinding.AppBindingService$Lifecycle
08-23 08:42:25.569   518   518 D SystemServerTiming: startTracingServiceProxy
08-23 08:42:25.569   518   518 I SystemServiceManager: Starting com.android.server.tracing.TracingServiceProxy
08-23 08:42:25.570   518   518 D SystemServerTiming: MakeLockSettingsServiceReady
08-23 08:42:25.571   518   518 I SyntheticPasswordManager: Device does not support weaver
08-23 08:42:25.571   518   518 I LockSettingsService: Device doesn't implement AuthSecret HAL
08-23 08:42:25.571   518   518 D SystemServerTiming: StartBootPhaseLockSettingsReady
08-23 08:42:25.571   518   518 I SystemServiceManager: Starting phase 480
08-23 08:42:25.571   518   518 D SystemServerTiming: OnBootPhase_480
08-23 08:42:25.571   518   518 D SystemServerTiming: OnBootPhase_480_com.android.server.security.FileIntegrityService
08-23 08:42:25.571   518   518 D SystemServerTiming: OnBootPhase_480_com.android.server.pm.Installer
08-23 08:42:25.571   518   518 D SystemServerTiming: OnBootPhase_480_com.android.server.os.DeviceIdentifiersPolicyService
08-23 08:42:25.571   518   518 D SystemServerTiming: OnBootPhase_480_com.android.server.uri.UriGrantsManagerService$Lifecycle
08-23 08:42:25.571   518   518 D SystemServerTiming: OnBootPhase_480_com.android.server.powerstats.PowerStatsService
08-23 08:42:25.571   518   518 D SystemServerTiming: OnBootPhase_480_com.android.server.wm.ActivityTaskManagerService$Lifecycle
08-23 08:42:25.571   518   518 D SystemServerTiming: OnBootPhase_480_com.android.server.am.ActivityManagerService$Lifecycle
08-23 08:42:25.571   518   518 D SystemServerTiming: OnBootPhase_480_com.android.server.pm.DataLoaderManagerService
08-23 08:42:25.571   518   518 D SystemServerTiming: OnBootPhase_480_com.android.server.power.PowerManagerService
08-23 08:42:25.571   518   518 D SystemServerTiming: OnBootPhase_480_com.android.server.power.ThermalManagerService
08-23 08:42:25.571   518   518 D SystemServerTiming: OnBootPhase_480_com.android.server.power.hint.HintManagerService
08-23 08:42:25.571   518   518 D SystemServerTiming: OnBootPhase_480_com.android.server.recoverysystem.RecoverySystemService$Lifecycle
08-23 08:42:25.571   518   518 D SystemServerTiming: OnBootPhase_480_com.android.server.lights.LightsService
08-23 08:42:25.571   518   518 D SystemServerTiming: OnBootPhase_480_com.android.server.display.DisplayManagerService
08-23 08:42:25.571   518   518 D SystemServerTiming: OnBootPhase_480_com.android.server.pm.verify.domain.DomainVerificationService
08-23 08:42:25.571   518   518 D SystemServerTiming: OnBootPhase_480_com.android.server.pm.PackageInstallerService$Lifecycle
08-23 08:42:25.571   518   518 D SystemServerTiming: OnBootPhase_480_com.android.server.pm.UserManagerService$LifeCycle
08-23 08:42:25.571   518   518 D SystemServerTiming: OnBootPhase_480_com.android.server.om.OverlayManagerService
08-23 08:42:25.571   518   518 D SystemServerTiming: OnBootPhase_480_com.android.server.resources.ResourcesManagerService
08-23 08:42:25.571   518   518 D SystemServerTiming: OnBootPhase_480_com.android.server.sensorprivacy.SensorPrivacyService
08-23 08:42:25.571   518   518 D SystemServerTiming: OnBootPhase_480_com.android.server.sensors.SensorService
08-23 08:42:25.571   518   518 D SystemServerTiming: OnBootPhase_480_com.android.server.SystemConfigService
08-23 08:42:25.571   518   518 D SystemServerTiming: OnBootPhase_480_com.android.server.BatteryService
08-23 08:42:25.571   518   518 D SystemServerTiming: OnBootPhase_480_com.android.server.usage.UsageStatsService
08-23 08:42:25.571   518   518 D SystemServerTiming: OnBootPhase_480_com.android.server.webkit.WebViewUpdateService
08-23 08:42:25.571   518   518 D SystemServerTiming: OnBootPhase_480_com.android.server.CachedDeviceStateService
08-23 08:42:25.571   518   518 D SystemServerTiming: OnBootPhase_480_com.android.server.BinderCallsStatsService$LifeCycle
08-23 08:42:25.571   518   518 D SystemServerTiming: OnBootPhase_480_com.android.server.LooperStatsService$Lifecycle
