08-23 08:42:24.661   518   542 I SystemConfig: Reading permissions from /system/etc/permissions/android.hardware.opengles.aep.xml
08-23 08:42:24.661   518   518 D CompatConfig: Adding: com.android.server.compat.config.Change@37369c
08-23 08:42:24.661   518   542 I SystemConfig: Reading permissions from /system/etc/permissions/org.apache.http.legacy.xml
08-23 08:42:24.661   518   542 I SystemConfig: Reading permissions from /system/etc/permissions/android.hardware.sensor.gyroscope.xml
08-23 08:42:24.661   518   518 D CompatConfig: Found a config file: /apex/com.android.art/etc/compatconfig/libcore-platform-compat-config.xml
08-23 08:42:24.661   518   542 I SystemConfig: Reading permissions from /system/etc/permissions/com.android.media.remotedisplay.xml
08-23 08:42:24.661   518   518 D CompatConfig: Adding: com.android.server.compat.config.Change@e4a7a21
08-23 08:42:24.661   518   518 D CompatConfig: Adding: com.android.server.compat.config.Change@d723e46
08-23 08:42:24.661   518   518 D CompatConfig: Adding: com.android.server.compat.config.Change@8c20807
08-23 08:42:24.661   518   518 D CompatConfig: Adding: com.android.server.compat.config.Change@579bd34
08-23 08:42:24.661   518   518 D CompatConfig: Adding: com.android.server.compat.config.Change@6b3975d
08-23 08:42:24.661   518   518 D CompatConfig: Adding: com.android.server.compat.config.Change@183f8d2
08-23 08:42:24.662   518   542 I SystemConfig: Reading permissions from /system/etc/permissions/privapp_allowlist_com.android.providers.media.module.xml
08-23 08:42:24.662   518   518 D CompatConfig: No directory /apex/com.android.appsearch/etc/compatconfig, skipping
08-23 08:42:24.662   518   518 D CompatConfig: No directory /apex/com.android.adservices/etc/compatconfig, skipping
08-23 08:42:24.662   518   518 D CompatConfig: No directory /apex/com.android.adbd/etc/compatconfig, skipping
08-23 08:42:24.662   518   542 I SystemConfig: Reading permissions from /system/etc/permissions/android.hardware.usb.accessory.xml
08-23 08:42:24.662   518   542 I SystemConfig: Reading permissions from /system/etc/permissions/android.hardware.vulkan.version-1_1.xml
08-23 08:42:24.662   518   542 I SystemConfig: Reading permissions from /system/etc/permissions/android.hardware.usb.host.xml
08-23 08:42:24.663   518   542 I SystemConfig: Reading permissions from /system/etc/permissions/android.hardware.wifi.direct.xml
08-23 08:42:24.663   518   542 I SystemConfig: Reading permissions from /system/etc/permissions/android.software.print.xml
08-23 08:42:24.663   518   542 I SystemConfig: Reading permissions from /system/etc/permissions/android.hardware.bluetooth_le.xml
08-23 08:42:24.663   518   542 I SystemConfig: Reading permissions from /system/etc/permissions/android.hardware.sensor.stepcounter.xml
08-23 08:42:24.663   518   542 I SystemConfig: Reading permissions from /system/etc/permissions/android.hardware.location.xml
08-23 08:42:24.664   518   542 I SystemConfig: Reading permissions from /system/etc/permissions/android.hardware.sensor.stepdetector.xml
08-23 08:42:24.664   518   518 D SystemServerTiming: StartFileIntegrityService
08-23 08:42:24.664   518   542 I SystemConfig: Reading permissions from /system/etc/permissions/android.hardware.camera.xml
08-23 08:42:24.664   518   518 I SystemServiceManager: Starting com.android.server.security.FileIntegrityService
08-23 08:42:24.664   518   542 I SystemConfig: Reading permissions from /system/etc/permissions/android.software.webview.xml
08-23 08:42:24.664   518   542 I SystemConfig: Reading permissions from /system/etc/permissions/android.software.picture_in_picture.xml
08-23 08:42:24.665   518   542 I SystemConfig: Reading permissions from /system/etc/permissions/android.hardware.touchscreen.multitouch.distinct.xml
08-23 08:42:24.665   518   542 I SystemConfig: Reading permissions from /system/etc/permissions/com.android.mediadrm.signer.xml
08-23 08:42:24.665   518   542 I SystemConfig: Reading permissions from /system/etc/permissions/android.hardware.location.gps.xml
08-23 08:42:24.665   518   542 I SystemConfig: Reading permissions from /system/etc/permissions/privapp_allowlist_com.android.adservices.api.xml
08-23 08:42:24.666   518   518 D SystemServerTiming: StartInstaller
08-23 08:42:24.666   518   518 I SystemServiceManager: Starting com.android.server.pm.Installer
08-23 08:42:24.666   518   542 I SystemConfig: Reading permissions from /system/etc/permissions/platform.xml
08-23 08:42:24.667   518   542 I SystemConfig: Reading permissions from /vendor/etc/permissions/android.hardware.hardware_keystore.km41.xml
08-23 08:42:24.667   518   542 I SystemConfig: Reading permissions from /vendor/etc/permissions/android.hardware.hardware_keystore.xml
08-23 08:42:24.667   518   518 D SystemServerTiming: DeviceIdentifiersPolicyService
08-23 08:42:24.667   518   518 I SystemServiceManager: Starting com.android.server.os.DeviceIdentifiersPolicyService
08-23 08:42:24.668   518   518 D SystemServerTiming: UriGrantsManagerService
08-23 08:42:24.668   518   518 I SystemServiceManager: Starting com.android.server.uri.UriGrantsManagerService$Lifecycle
08-23 08:42:24.668   518   542 I SystemConfig: Reading permissions from /product/etc/sysconfig/preinstalled-packages-platform-overlays.xml
08-23 08:42:24.668   518   518 D SystemServerTiming: StartPowerStatsService
08-23 08:42:24.668   518   518 I SystemServiceManager: Starting com.android.server.powerstats.PowerStatsService
08-23 08:42:24.669   518   542 I SystemConfig: Reading permissions from /product/etc/sysconfig/preinstalled-packages-platform-handheld-product.xml
08-23 08:42:24.669   518   542 W SystemConfig: No directory /system_ext/etc/sysconfig, skipping
08-23 08:42:24.669   518   542 I SystemConfig: Reading permissions from /system_ext/etc/permissions/com.android.provision.xml
08-23 08:42:24.670   518   542 I SystemConfig: Reading permissions from /system_ext/etc/permissions/com.android.carrierconfig.xml
08-23 08:42:24.670   518   542 I SystemConfig: Reading permissions from /system_ext/etc/permissions/com.android.storagemanager.xml
08-23 08:42:24.670   518   542 I SystemConfig: Reading permissions from /system_ext/etc/permissions/com.android.settings.xml
08-23 08:42:24.670   518   518 D SystemServerTiming: StartIStatsService
08-23 08:42:24.670   518   542 I SystemConfig: Reading permissions from /system_ext/etc/permissions/com.android.systemui.xml
08-23 08:42:24.671   518   518 D SystemServerTiming: MemtrackProxyService
08-23 08:42:24.671   518   542 I SystemConfig: Reading permissions from /system_ext/etc/permissions/com.android.launcher3.xml
08-23 08:42:24.671   518   542 I SystemConfig: Reading permissions from /apex/com.android.tethering/etc/permissions/permissions.xml
08-23 08:42:24.672   518   518 D SystemServerTiming: StartActivityManager
08-23 08:42:24.672   518   518 I SystemServiceManager: Starting com.android.server.wm.ActivityTaskManagerService$Lifecycle
08-23 08:42:24.672   518   542 I SystemConfig: Reading permissions from /apex/com.android.permission/etc/permissions/privapp_allowlist_com.android.permissioncontroller.xml
08-23 08:42:24.672   518   542 I SystemConfig: Reading permissions from /apex/com.android.mediaprovider/etc/permissions/privapp_allowlist_com.android.providers.media.module.xml
08-23 08:42:24.673   518   542 I SystemConfig: Reading permissions from /apex/com.android.ipsec/etc/permissions/android.net.ipsec.ike.xml
08-23 08:42:24.674   518   542 I SystemConfig: Reading permissions from /apex/com.android.extservices/etc/permissions/privapp_allowlist_android.ext.services.xml
08-23 08:42:24.674   518   542 I SystemConfig: Reading permissions from /apex/com.android.btservices/etc/permissions/privapp_allowlist_com.android.bluetooth.xml
08-23 08:42:24.675   518   542 I SystemConfig: Reading permissions from /apex/com.android.adservices/etc/permissions/privapp_allowlist_com.android.adservices.api.xml
08-23 08:42:24.675   518   518 I SystemServiceManager: Starting com.android.server.am.ActivityManagerService$Lifecycle
08-23 08:42:24.677   518   542 W SystemConfig: Failed to read public libraries file /vendor/etc/public.libraries.txt
08-23 08:42:24.677   518   542 W SystemConfig: java.io.FileNotFoundException: /vendor/etc/public.libraries.txt: open failed: ENOENT (No such file or directory)
08-23 08:42:24.677   518   542 W SystemConfig: 	at libcore.io.IoBridge.open(IoBridge.java:574)
08-23 08:42:24.677   518   542 W SystemConfig: 	at java.io.FileInputStream.<init>(FileInputStream.java:160)
08-23 08:42:24.677   518   542 W SystemConfig: 	at java.io.FileReader.<init>(FileReader.java:75)
08-23 08:42:24.677   518   542 W SystemConfig: 	at com.android.server.SystemConfig.readPublicLibrariesListFile(SystemConfig.java:1825)
08-23 08:42:24.677   518   542 W SystemConfig: 	at com.android.server.SystemConfig.readPublicNativeLibrariesList(SystemConfig.java:1807)
08-23 08:42:24.677   518   542 W SystemConfig: 	at com.android.server.SystemConfig.<init>(SystemConfig.java:605)
08-23 08:42:24.677   518   542 W SystemConfig: 	at com.android.server.SystemConfig.getInstance(SystemConfig.java:369)
08-23 08:42:24.677   518   542 W SystemConfig: 	at com.android.server.SystemServer$$ExternalSyntheticLambda2.run(Unknown Source:0)
08-23 08:42:24.677   518   542 W SystemConfig: 	at com.android.server.SystemServerInitThreadPool.lambda$submitTask$0(SystemServerInitThreadPool.java:106)
08-23 08:42:24.677   518   542 W SystemConfig: 	at com.android.server.SystemServerInitThreadPool.$r8$lambda$aGlXt69ihU44Qi7EB_RNeu8pnrY(Unknown Source:0)
08-23 08:42:24.677   518   542 W SystemConfig: 	at com.android.server.SystemServerInitThreadPool$$ExternalSyntheticLambda0.run(Unknown Source:6)
08-23 08:42:24.677   518   542 W SystemConfig: 	at java.util.concurrent.Executors$RunnableAdapter.call(Executors.java:463)
08-23 08:42:24.677   518   542 W SystemConfig: 	at java.util.concurrent.FutureTask.run(FutureTask.java:264)
08-23 08:42:24.677   518   542 W SystemConfig: 	at java.util.concurrent.ThreadPoolExecutor.runWorker(ThreadPoolExecutor.java:1137)
08-23 08:42:24.677   518   542 W SystemConfig: 	at java.util.concurrent.ThreadPoolExecutor$Worker.run(ThreadPoolExecutor.java:637)
08-23 08:42:24.677   518   542 W SystemConfig: 	at com.android.internal.util.ConcurrentUtils$1$1.run(ConcurrentUtils.java:65)
08-23 08:42:24.677   518   542 W SystemConfig: Caused by: android.system.ErrnoException: open failed: ENOENT (No such file or directory)
08-23 08:42:24.677   518   542 W SystemConfig: 	at libcore.io.Linux.open(Native Method)
08-23 08:42:24.677   518   542 W SystemConfig: 	at libcore.io.ForwardingOs.open(ForwardingOs.java:563)
08-23 08:42:24.677   518   542 W SystemConfig: 	at libcore.io.BlockGuardOs.open(BlockGuardOs.java:274)
08-23 08:42:24.677   518   542 W SystemConfig: 	at libcore.io.IoBridge.open(IoBridge.java:560)
08-23 08:42:24.677   518   542 W SystemConfig: 	... 15 more
08-23 08:42:24.677   518   542 D SystemServerInitThreadPool: Finished executing ReadingSystemConfig
08-23 08:42:24.678   518   518 I ActivityManager: Memory class: 192
08-23 08:42:24.679   518   545 I Binder  : Setting heavy hitter watcher config: false, 0, 0.0
08-23 08:42:24.689   518   518 E KernelSingleProcCpuThreadRdr: Failed to start tracking process CPU times for 518
08-23 08:42:24.689   518   518 D BatteryStatsImpl: Reading daily items from /data/system/batterystats-daily.xml
08-23 08:42:24.695   518   552 E KernelCpuUidFreqTimeReader: Failed to read /proc/uid_time_in_state: java.nio.file.NoSuchFileException: /proc/uid_time_in_state
08-23 08:42:24.695   518   552 W KernelCpuUidFreqTimeBpfMapReader: Failed to start tracking
08-23 08:42:24.695   518   552 W KernelCpuProcStringReader: File not found. It's normal if not implemented: /proc/uid_time_in_state
08-23 08:42:24.695   518   552 W KernelCpuUidActiveTimeBpfMapReader: Failed to start tracking
08-23 08:42:24.696   518   552 W KernelCpuProcStringReader: File not found. It's normal if not implemented: /proc/uid_concurrent_active_time
08-23 08:42:24.696   518   552 W KernelCpuUidClusterTimeBpfMapReader: Failed to start tracking
08-23 08:42:24.696   518   552 W KernelCpuProcStringReader: File not found. It's normal if not implemented: /proc/uid_concurrent_policy_time
08-23 08:42:24.696   518   552 E KernelCpuSpeedReader: Failed to read cpu-freq: /sys/devices/system/cpu/cpu0/cpufreq/stats/time_in_state: open failed: ENOENT (No such file or directory)
08-23 08:42:24.697   518   552 W KernelMemoryBandwidthStats: No kernel memory bandwidth stats available
08-23 08:42:24.725   518   518 I IntentFirewall: Read new rules (A:0 B:0 S:0)
08-23 08:42:24.728   518   518 D OomAdjuster: Not killing cached processes
08-23 08:42:24.729   518   518 D AppOps  : AppOpsService published
08-23 08:42:24.731   518   518 D SystemServerTiming: StartDataLoaderManagerService
08-23 08:42:24.731   518   518 I SystemServiceManager: Starting com.android.server.pm.DataLoaderManagerService
08-23 08:42:24.732   518   518 D SystemServerTiming: StartIncrementalService
08-23 08:42:24.734   518   518 D SystemServerTiming: StartPowerManager
08-23 08:42:24.734   518   518 I SystemServiceManager: Starting com.android.server.power.PowerManagerService
08-23 08:42:24.738   518   518 D SystemServerTiming: StartThermalManager
08-23 08:42:24.738   518   518 I SystemServiceManager: Starting com.android.server.power.ThermalManagerService
08-23 08:42:24.739   518   518 D SystemServerTiming: StartHintManager
08-23 08:42:24.739   518   518 I SystemServiceManager: Starting com.android.server.power.hint.HintManagerService
08-23 08:42:24.739   518   518 D SystemServerTiming: InitPowerManagement
08-23 08:42:24.740   518   518 D SystemServerTiming: StartBstFilterAppsService
08-23 08:42:24.742   518   564 D BstFilterAppsService: Trying to initialize whitelist and other custom AppLists
08-23 08:42:24.743   518   518 D SystemServerTiming: StartBstUtilsService
08-23 08:42:24.743   518   564 D BstFilterAppsService: reading file: /data/downloads/whitelist.db
08-23 08:42:24.743   518   564 D BstFilterAppsService: reading file: /data/downloads/.wl_user.db
08-23 08:42:24.743   518   518 D BstUtilsService: Setting bstutils context here, context = android.app.ContextImpl@d235dbe
08-23 08:42:24.743   518   518 I SystemServer: Bluestacks HostCall Services
08-23 08:42:24.743   518   518 D SystemServerTiming: StartBstHostCallService
08-23 08:42:24.749   518   518 D SystemServerTiming: StartRecoverySystemService
08-23 08:42:24.749   518   518 I SystemServiceManager: Starting com.android.server.recoverysystem.RecoverySystemService$Lifecycle
08-23 08:42:24.750   518   518 I PackageWatchdog: Syncing state, reason: added new observer
08-23 08:42:24.750   518   518 I PackageWatchdog: Not pruning observers, elapsed time: 0ms
08-23 08:42:24.750   518   518 I PackageWatchdog: Cancelling state sync, nothing to sync
08-23 08:42:24.750   518   544 I PackageWatchdog: Saving observer state to file
08-23 08:42:24.751   518   518 D SystemServerTiming: StartLightsService
08-23 08:42:24.751   518   518 I SystemServiceManager: Starting com.android.server.lights.LightsService
08-23 08:42:24.756   518   518 D SystemServerTiming: StartDisplayOffloadService
08-23 08:42:24.757   518   518 D SystemServerTiming: StartSidekickService
08-23 08:42:24.757   518   518 D SystemServerTiming: StartDisplayManager
08-23 08:42:24.757   518   518 I SystemServiceManager: Starting com.android.server.display.DisplayManagerService
08-23 08:42:24.765   518   518 D SystemServerTiming: WaitForDisplay
08-23 08:42:24.765   518   518 I SystemServiceManager: Starting phase 100
08-23 08:42:24.765   518   518 D SystemServerTiming: OnBootPhase_100
08-23 08:42:24.765   518   518 D SystemServerTiming: OnBootPhase_100_com.android.server.security.FileIntegrityService
08-23 08:42:24.765   518   518 D SystemServerTiming: OnBootPhase_100_com.android.server.pm.Installer
08-23 08:42:24.765   518   518 D SystemServerTiming: OnBootPhase_100_com.android.server.os.DeviceIdentifiersPolicyService
08-23 08:42:24.765   518   518 D SystemServerTiming: OnBootPhase_100_com.android.server.uri.UriGrantsManagerService$Lifecycle
08-23 08:42:24.765   518   518 D SystemServerTiming: OnBootPhase_100_com.android.server.powerstats.PowerStatsService
08-23 08:42:24.765   518   518 D SystemServerTiming: OnBootPhase_100_com.android.server.wm.ActivityTaskManagerService$Lifecycle
08-23 08:42:24.765   518   518 D SystemServerTiming: OnBootPhase_100_com.android.server.am.ActivityManagerService$Lifecycle
08-23 08:42:24.765   518   518 D SystemServerTiming: OnBootPhase_100_com.android.server.pm.DataLoaderManagerService
08-23 08:42:24.765   518   518 D SystemServerTiming: OnBootPhase_100_com.android.server.power.PowerManagerService
08-23 08:42:24.765   518   518 D SystemServerTiming: OnBootPhase_100_com.android.server.power.ThermalManagerService
08-23 08:42:24.765   518   518 D SystemServerTiming: OnBootPhase_100_com.android.server.power.hint.HintManagerService
08-23 08:42:24.765   518   518 D SystemServerTiming: OnBootPhase_100_com.android.server.recoverysystem.RecoverySystemService$Lifecycle
08-23 08:42:24.765   518   518 D SystemServerTiming: OnBootPhase_100_com.android.server.lights.LightsService
08-23 08:42:24.765   518   518 D SystemServerTiming: OnBootPhase_100_com.android.server.display.DisplayManagerService
08-23 08:42:24.767   518   538 E LocalDisplayAdapter: Can't find display mode with id -1
08-23 08:42:24.768   518   538 W LocalDisplayAdapter: DisplayModeSpecs base mode no longer available, using currently active mode.
08-23 08:42:24.774   518   538 I DisplayDeviceRepository: Display device added: DisplayDeviceInfo{"Built-in Screen": uniqueId="local:0", 2560 x 1440, modeId 1, defaultModeId 1, supportedModes [{id=1, width=2560, height=1440, fps=60.000004, alternativeRefreshRates=[]}], colorMode 0, supportedColorModes [0], hdrCapabilities HdrCapabilities{mSupportedHdrTypes=[], mMaxLuminance=500.0, mMaxAverageLuminance=500.0, mMinLuminance=0.0}, allmSupported false, gameContentTypeSupported true, density 320, 72.0 x 72.0 dpi, appVsyncOff 1000000, presDeadline 16666666, touch INTERNAL, rotation 0, type INTERNAL, address {port=0}, deviceProductInfo null, state UNKNOWN, frameRateOverride , brightnessMinimum 0.0, brightnessMaximum 1.0, brightnessDefault 0.39763778, FLAG_ALLOWED_TO_BE_DEFAULT_DISPLAY, FLAG_ROTATES_WITH_CONTENT, FLAG_SECURE, FLAG_SUPPORTS_PROTECTED_BUFFERS, installOrientation 0}
08-23 08:42:24.775   518   538 I LogicalDisplayMapper: Applying layout: [{addr: {port=0}, dispId: 0(ON)}], Previous layout: null
08-23 08:42:24.776   518   538 I LogicalDisplayMapper: Adding new display: 0: DisplayInfo{"Built-in Screen", displayId 0", displayGroupId -1, FLAG_SECURE, FLAG_SUPPORTS_PROTECTED_BUFFERS, FLAG_TRUSTED, real 2560 x 1440, largest app 2560 x 1440, smallest app 2560 x 1440, appVsyncOff 1000000, presDeadline 16666666, mode 1, defaultMode 1, modes [{id=1, width=2560, height=1440, fps=60.000004, alternativeRefreshRates=[]}], hdrCapabilities HdrCapabilities{mSupportedHdrTypes=[], mMaxLuminance=500.0, mMaxAverageLuminance=500.0, mMinLuminance=0.0}, userDisabledHdrTypes [], minimalPostProcessingSupported true, rotation 0, state UNKNOWN, type INTERNAL, uniqueId "local:0", app 2560 x 1440, density 320 (72.0 x 72.0) dpi, layerStack 0, colorMode 0, supportedColorModes [0], address {port=0}, deviceProductInfo null, removeMode 0, refreshRateOverride 0.0, brightnessMinimum 0.0, brightnessMaximum 1.0, brightnessDefault 0.39763778, installOrientation ROTATION_0}
08-23 08:42:24.776   518   538 I LogicalDisplayMapper: Setting new display group 0 for display 0, from previous group: null
08-23 08:42:24.776   518   538 W android.permission.PermissionManager: Missing ActivityManager; assuming 1000 holds android.permission.READ_DEVICE_CONFIG
08-23 08:42:24.779   518   518 D SystemServerTiming: StartDomainVerificationService
08-23 08:42:24.780   518   518 D SystemServerTiming: StartPackageManagerService
08-23 08:42:24.780   518   518 I Watchdog: Pausing HandlerChecker: main thread for reason: packagemanagermain. Pause count: 1
08-23 08:42:24.782   518   518 D PackageManagerTiming: create package manager
08-23 08:42:24.786   518   518 D PackageManagerTiming: createSubComponents
08-23 08:42:24.794   518   518 D PackageManagerTiming: addSharedUsers
08-23 08:42:24.794   518   518 W BackgroundDexOptService: SysProp pm.dexopt.downgrade_after_inactive_days not set
08-23 08:42:24.795   518   518 D PackageManagerTiming: get system config
08-23 08:42:24.797   518   518 D SELinuxMMAC: Using policy file /system/etc/selinux/plat_mac_permissions.xml
08-23 08:42:24.797   518   518 D SELinuxMMAC: Using policy file /vendor/etc/selinux/vendor_mac_permissions.xml
08-23 08:42:24.798   518   518 D PackageManagerTiming: loadFallbacks
08-23 08:42:24.799   518   518 D PackageManagerTiming: read user settings
08-23 08:42:24.818   518   518 E PackageManager: Package com.android.providers.telephony was user id 0 but is now user SharedUserSetting{6e958f4 android.uid.phone/1001} with id 1001; I am not changing its files so it will probably fail!
08-23 08:42:24.819   518   518 E PackageManager: Package com.android.dynsystem was user id 0 but is now user SharedUserSetting{6773c63 android.uid.system/1000} with id 1000; I am not changing its files so it will probably fail!
08-23 08:42:24.819   518   518 E PackageManager: Package com.android.providers.calendar was user id 0 but is now user SharedUserSetting{6018dde android.uid.calendar/10015} with id 10015; I am not changing its files so it will probably fail!
08-23 08:42:24.819   518   518 E PackageManager: Package com.android.providers.media was user id 0 but is now user SharedUserSetting{fb27dd5 android.media/10017} with id 10017; I am not changing its files so it will probably fail!
08-23 08:42:24.819   518   518 E PackageManager: Package com.android.providers.downloads was user id 0 but is now user SharedUserSetting{fb27dd5 android.media/10017} with id 10017; I am not changing its files so it will probably fail!
08-23 08:42:24.819   518   518 E PackageManager: Package com.android.providers.downloads.ui was user id 0 but is now user SharedUserSetting{fb27dd5 android.media/10017} with id 10017; I am not changing its files so it will probably fail!
08-23 08:42:24.819   518   518 E PackageManager: Package com.android.networkstack was user id 0 but is now user SharedUserSetting{ee724 android.uid.networkstack/1073} with id 1073; I am not changing its files so it will probably fail!
08-23 08:42:24.819   518   518 E PackageManager: Package android was user id 0 but is now user SharedUserSetting{6773c63 android.uid.system/1000} with id 1000; I am not changing its files so it will probably fail!
08-23 08:42:24.819   518   518 E PackageManager: Package com.android.ons was user id 0 but is now user SharedUserSetting{6e958f4 android.uid.phone/1001} with id 1001; I am not changing its files so it will probably fail!
08-23 08:42:24.819   518   518 E PackageManager: Package com.bluestacks.BstCommandProcessor was user id 0 but is now user SharedUserSetting{6773c63 android.uid.system/1000} with id 1000; I am not changing its files so it will probably fail!
08-23 08:42:24.819   518   518 E PackageManager: Package com.android.providers.settings was user id 0 but is now user SharedUserSetting{6773c63 android.uid.system/1000} with id 1000; I am not changing its files so it will probably fail!
08-23 08:42:24.819   518   518 E PackageManager: Package com.android.se was user id 0 but is now user SharedUserSetting{569aacb android.uid.se/1068} with id 1068; I am not changing its files so it will probably fail!
08-23 08:42:24.819   518   518 E PackageManager: Package com.android.inputdevices was user id 0 but is now user SharedUserSetting{6773c63 android.uid.system/1000} with id 1000; I am not changing its files so it will probably fail!
08-23 08:42:24.819   518   518 E PackageManager: Package com.android.server.telecom was user id 0 but is now user SharedUserSetting{6773c63 android.uid.system/1000} with id 1000; I am not changing its files so it will probably fail!
08-23 08:42:24.819   518   518 E PackageManager: Package com.android.keychain was user id 0 but is now user SharedUserSetting{6773c63 android.uid.system/1000} with id 1000; I am not changing its files so it will probably fail!
08-23 08:42:24.819   518   518 E PackageManager: Package com.google.android.gms was user id 0 but is now user SharedUserSetting{5f83ec0 com.google.uid.shared/10052} with id 10052; I am not changing its files so it will probably fail!
08-23 08:42:24.820   518   518 E PackageManager: Package com.google.android.gsf was user id 0 but is now user SharedUserSetting{5f83ec0 com.google.uid.shared/10052} with id 10052; I am not changing its files so it will probably fail!
08-23 08:42:24.820   518   518 E PackageManager: Package com.android.calllogbackup was user id 0 but is now user SharedUserSetting{2378ab5 android.uid.shared/10014} with id 10014; I am not changing its files so it will probably fail!
08-23 08:42:24.820   518   518 E PackageManager: Package com.android.localtransport was user id 0 but is now user SharedUserSetting{6773c63 android.uid.system/1000} with id 1000; I am not changing its files so it will probably fail!
08-23 08:42:24.820   518   518 E PackageManager: Package com.google.android.syncadapters.calendar was user id 0 but is now user SharedUserSetting{6be8c16 com.google.android.calendar.uid.shared/10070} with id 10070; I am not changing its files so it will probably fail!
08-23 08:42:24.820   518   518 E PackageManager: Package com.android.networkstack.tethering was user id 0 but is now user SharedUserSetting{ee724 android.uid.networkstack/1073} with id 1073; I am not changing its files so it will probably fail!
08-23 08:42:24.820   518   518 E PackageManager: Package com.android.soundpicker was user id 0 but is now user SharedUserSetting{fb27dd5 android.media/10017} with id 10017; I am not changing its files so it will probably fail!
08-23 08:42:24.820   518   518 E PackageManager: Package com.google.android.gsf.login was user id 0 but is now user SharedUserSetting{5f83ec0 com.google.uid.shared/10052} with id 10052; I am not changing its files so it will probably fail!
08-23 08:42:24.820   518   518 E PackageManager: Package com.google.android.backuptransport was user id 0 but is now user SharedUserSetting{5f83ec0 com.google.uid.shared/10052} with id 10052; I am not changing its files so it will probably fail!
08-23 08:42:24.820   518   518 E PackageManager: Package com.android.settings was user id 0 but is now user SharedUserSetting{6773c63 android.uid.system/1000} with id 1000; I am not changing its files so it will probably fail!
08-23 08:42:24.820   518   518 E PackageManager: Package com.android.phone was user id 0 but is now user SharedUserSetting{6e958f4 android.uid.phone/1001} with id 1001; I am not changing its files so it will probably fail!
08-23 08:42:24.820   518   518 E PackageManager: Package com.android.shell was user id 0 but is now user SharedUserSetting{c04b4a1 android.uid.shell/2000} with id 2000; I am not changing its files so it will probably fail!
08-23 08:42:24.820   518   518 E PackageManager: Package com.android.providers.userdictionary was user id 0 but is now user SharedUserSetting{2378ab5 android.uid.shared/10014} with id 10014; I am not changing its files so it will probably fail!
08-23 08:42:24.820   518   518 E PackageManager: Package com.android.location.fused was user id 0 but is now user SharedUserSetting{6773c63 android.uid.system/1000} with id 1000; I am not changing its files so it will probably fail!
08-23 08:42:24.820   518   518 E PackageManager: Package com.android.systemui was user id 0 but is now user SharedUserSetting{1aa1d20 android.uid.systemui/10039} with id 10039; I am not changing its files so it will probably fail!
08-23 08:42:24.820   518   518 E PackageManager: Package com.android.bluetooth was user id 0 but is now user SharedUserSetting{a4e3f7f android.uid.bluetooth/1002} with id 1002; I am not changing its files so it will probably fail!
08-23 08:42:24.820   518   518 E PackageManager: Package com.android.providers.contacts was user id 0 but is now user SharedUserSetting{2378ab5 android.uid.shared/10014} with id 10014; I am not changing its files so it will probably fail!
08-23 08:42:24.832   518   518 W PackageSettings: Missing permission state for package com.android.uwb.resources on user 0
08-23 08:42:24.832   518   518 W PackageSettings: Missing permission state for package com.android.internal.display.cutout.emulation.corner on user 0
08-23 08:42:24.832   518   518 W PackageSettings: Missing permission state for package com.android.internal.display.cutout.emulation.double on user 0
08-23 08:42:24.832   518   518 W PackageSettings: Missing permission state for package com.android.internal.systemui.navbar.gestural_wide_back on user 0
08-23 08:42:24.832   518   518 W PackageSettings: Missing permission state for package com.android.connectivity.resources on user 0
08-23 08:42:24.832   518   518 W PackageSettings: Missing permission state for package com.android.internal.display.cutout.emulation.hole on user 0
08-23 08:42:24.832   518   518 W PackageSettings: Missing permission state for package com.android.internal.display.cutout.emulation.tall on user 0
08-23 08:42:24.832   518   518 W PackageSettings: Missing permission state for package com.android.internal.systemui.navbar.threebutton on user 0
08-23 08:42:24.832   518   518 W PackageSettings: Missing permission state for package com.android.internal.systemui.navbar.gestural_extra_wide_back on user 0
08-23 08:42:24.832   518   518 W PackageSettings: Missing permission state for package android.ext.shared on user 0
08-23 08:42:24.832   518   518 W PackageSettings: Missing permission state for package com.android.wifi.resources on user 0
08-23 08:42:24.832   518   518 W PackageSettings: Missing permission state for package com.android.cameraextensions on user 0
08-23 08:42:24.832   518   518 W PackageSettings: Missing permission state for package com.android.theme.font.notoserifsource on user 0
08-23 08:42:24.832   518   518 W PackageSettings: Missing permission state for package com.google.android.trichromelibrary_541412334 on user 0
08-23 08:42:24.832   518   518 W PackageSettings: Missing permission state for package com.android.internal.display.cutout.emulation.waterfall on user 0
08-23 08:42:24.832   518   518 W PackageSettings: Missing permission state for package com.android.bookmarkprovider on user 0
08-23 08:42:24.832   518   518 W PackageSettings: Missing permission state for package com.android.internal.systemui.navbar.gestural on user 0
08-23 08:42:24.832   518   518 W PackageSettings: Missing permission state for package com.android.internal.systemui.navbar.gestural_narrow_back on user 0
08-23 08:42:24.832   518   518 W PackageSettings: Missing permission state for shared user: android.uid.log
08-23 08:42:24.832   518   518 W PackageSettings: Missing permission state for shared user: android.uid.nfc
08-23 08:42:24.832   518   518 W PackageSettings: Missing permission state for shared user: android.uid.uwb
08-23 08:42:24.837   518   518 D PackageManager: Directories scanned as system partitions: [/system:0, /system/vendor:524288, /odm:4194304, /oem:262144, /system/product:1048576, /system/system_ext:2097152, /apex/com.android.wifi:8388608, /apex/com.android.uwb:8388608, /apex/com.android.tzdata:8388608, /apex/com.android.tethering:8388608, /apex/com.android.sdkext:8388608, /apex/com.android.scheduling:8388608, /apex/com.android.runtime:8388608, /apex/com.android.resolv:8388608, /apex/com.android.permission:8388608, /apex/com.android.os.statsd:8388608, /apex/com.android.ondevicepersonalization:8388608, /apex/com.android.mediaprovider:8388608, /apex/com.android.media.swcodec:8388608, /apex/com.android.media:8388608, /apex/com.android.ipsec:8388608, /apex/com.android.i18n:8388608, /apex/com.android.extservices:8388608, /apex/com.android.conscrypt:8388608, /apex/com.android.btservices:8388608, /apex/com.android.art:8388608, /apex/com.android.appsearch:8388608, /apex/com.android.adservices:8388608, /apex/com.android.adbd:8388608]
08-23 08:42:24.837   518   518 D PackageManager: Keeping known cache 337cc988931b3bac00badf20060a38ee5510d407
08-23 08:42:24.849   518   518 D CompatibilityChangeReporter: Compat change id reported: 143539591; UID -1; state: DISABLED
08-23 08:42:24.849   518   518 D CompatibilityChangeReporter: Compat change id reported: 168782947; UID -1; state: ENABLED
08-23 08:42:24.853   518   518 W PackageManager: Failed to parse /system/framework/oat: Missing base APK in /system/framework/oat/arm64
08-23 08:42:24.853   518   518 W PackageManager: Failed to parse /system/framework/arm64: Missing base APK in /system/framework/arm64
08-23 08:42:24.977   518   518 I PackageManager: /system/priv-app/NetworkStack changed; collecting certs
08-23 08:42:24.980   518   518 W PackageManager: Failed to scan /system/priv-app/NetworkStack: Application package com.android.networkstack already installed.  Skipping duplicate.
08-23 08:42:24.984   518   518 D CompatibilityChangeReporter: Compat change id reported: 168782947; UID -1; state: DISABLED
08-23 08:42:25.000   518   573 W PackageCacher: Failed to find APEX file backing /apex/com.android.wifi/priv-app/ServiceWifiResources@TQ2B.230505.005.A1
08-23 08:42:25.000   518   572 W PackageCacher: Failed to find APEX file backing /apex/com.android.wifi/app/WifiDialog@TQ2B.230505.005.A1
08-23 08:42:25.000   518   574 W PackageCacher: Failed to find APEX file backing /apex/com.android.wifi/app/OsuLogin@TQ2B.230505.005.A1
08-23 08:42:25.002   518   571 W PackageCacher: Failed to find APEX file backing /apex/com.android.uwb/priv-app/ServiceUwbResources@TQ2B.230505.005.A1
08-23 08:42:25.003   518   573 W PackageCacher: Failed to find APEX file backing /apex/com.android.tethering/priv-app/TetheringNext@TQ2B.230505.005.A1
08-23 08:42:25.003   518   572 W PackageCacher: Failed to find APEX file backing /apex/com.android.tethering/priv-app/ServiceConnectivityResources@TQ2B.230505.005.A1
08-23 08:42:25.008   518   574 W PackageCacher: Failed to find APEX file backing /apex/com.android.permission/priv-app/SafetyCenterResources@TQ2B.230505.005.A1
08-23 08:42:25.008   518   571 W PackageCacher: Failed to find APEX file backing /apex/com.android.permission/priv-app/PermissionController@TQ2B.230505.005.A1
08-23 08:42:25.011   518   573 W PackageCacher: Failed to find APEX file backing /apex/com.android.ondevicepersonalization/app/OnDevicePersonalization@TQ2B.230505.005.A1
08-23 08:42:25.013   518   572 W PackageCacher: Failed to find APEX file backing /apex/com.android.mediaprovider/priv-app/MediaProvider@TQ2B.230505.005.A1
08-23 08:42:25.015   518   574 W PackageCacher: Failed to find APEX file backing /apex/com.android.extservices/priv-app/ExtServices@TQ2B.230505.005.A1
08-23 08:42:25.017   518   571 W PackageCacher: Failed to find APEX file backing /apex/com.android.btservices/app/Bluetooth@TQ2B.230505.005.A1
08-23 08:42:25.024   518   573 W PackageCacher: Failed to find APEX file backing /apex/com.android.adservices/priv-app/AdServicesApk@TQ2B.230505.005.A1
08-23 08:42:25.026   518   572 W PackageCacher: Failed to find APEX file backing /apex/com.android.adservices/app/SdkSandbox@TQ2B.230505.005.A1
08-23 08:42:25.033   518   518 I PackageManager: /data/priv-downloads/com.google.android.backuptransport changed; collecting certs
08-23 08:42:25.037   518   518 W PackageManager: Failed to scan /data/priv-downloads/com.google.android.backuptransport: Application package com.google.android.backuptransport already installed.  Skipping duplicate.
08-23 08:42:25.044   518   518 W PackageManager: Failed to parse /data/downloads/.hpp: Missing base APK in /data/downloads/.hpp
08-23 08:42:25.045   518   518 W PackageManager: Failed to parse /data/downloads/.dp: Missing base APK in /data/downloads/.dp
08-23 08:42:25.046   518   518 W PackageManager: Failed to parse /data/downloads/.aff: Missing base APK in /data/downloads/.aff
08-23 08:42:25.047   518   518 W PackageManager: Package com.google.android.ext.shared declares library android.ext.shared that already exists; skipping
08-23 08:42:25.048   518   518 W PackageManager: Failed to parse /data/downloads/.oh: No packages found in split
08-23 08:42:25.048   518   518 W PackageManager: Failed to parse /data/downloads/.sc: Missing base APK in /data/downloads/.sc
08-23 08:42:25.051   518   518 W PackageManager: Failed to parse /data/downloads/.tmp: Missing base APK in /data/downloads/.tmp
08-23 08:42:25.055   518   518 I PackageManager: Finished scanning system apps. Time: 218 ms, packageCount: 106 , timePerPackage: 2 , cached: 108
08-23 08:42:25.075   518   518 D CompatibilityChangeReporter: Compat change id reported: 133396946; UID -1; state: ENABLED
08-23 08:42:25.076   518   518 I PackageManager: Finished scanning non-system apps. Time: 21 ms, packageCount: 1 , timePerPackage: 21 , cached: 0
08-23 08:42:25.077   518   518 I PackageManager: Time to scan packages: 0.241 seconds
08-23 08:42:25.077   518   518 I PackageManager: Permission ownership changed. Updating all permissions.
08-23 08:42:25.093   518   518 V PackageManager: reconcileAppsData for null u0 0x3 migrateAppData=true
08-23 08:42:25.116   518   518 V PackageManager: reconcileAppsData finished 23 packages
08-23 08:42:25.117   518   518 D PackageManagerTiming: write settings
08-23 08:42:25.117   518   575 D SystemServerTimingAsync: InitThreadPoolExec:prepareAppData
08-23 08:42:25.117   518   575 D SystemServerInitThreadPool: Started executing prepareAppData
08-23 08:42:25.122   518   518 E PackageSettings: Failed to get SELinux context for /data/system/packages.list
08-23 08:42:25.126   518   518 E PackageSettings: Failed to set packages.list SELinux context
08-23 08:42:25.135   518   518 V PackageManager: Ephemeral resolver found; pkg: com.google.android.gms, info:ResolveInfo{b2efd15 com.google.android.gms/.chimera.PersistentBoundBrokerService m=0x108000}
08-23 08:42:25.135   518   518 D PackageManager: Set ephemeral resolver: ComponentInfo{com.google.android.gms/com.google.android.gms.chimera.PersistentBoundBrokerService}
08-23 08:42:25.136   518   518 D PackageManager: Set ephemeral installer activity: ComponentInfo{com.android.vending/com.google.android.finsky.instantapps.EphemeralInstallerActivity}
08-23 08:42:25.136   518   518 D PackageManagerTiming: GC
08-23 08:42:25.137   518   518 I PackageManager: Fix for b/169414761 is applied
08-23 08:42:25.137   518   518 V UserSystemPackageInstaller: Checking that all system packages are whitelisted.
08-23 08:42:25.141   518   518 W UserSystemPackageInstaller: checkWhitelistedSystemPackages(mode=d) has 53 warnings:
08-23 08:42:25.141   518   518 W UserSystemPackageInstaller: com.android.theme.color.amethyst is allowlisted but not present.
08-23 08:42:25.141   518   518 W UserSystemPackageInstaller: com.android.theme.icon.pebble is allowlisted but not present.
08-23 08:42:25.141   518   518 W UserSystemPackageInstaller: com.android.theme.color.sand is allowlisted but not present.
08-23 08:42:25.141   518   518 W UserSystemPackageInstaller: com.android.wallpapercropper is allowlisted but not present.
08-23 08:42:25.141   518   518 W UserSystemPackageInstaller: com.android.theme.icon.vessel is allowlisted but not present.
08-23 08:42:25.141   518   518 W UserSystemPackageInstaller: com.android.theme.color.cinnamon is allowlisted but not present.
08-23 08:42:25.141   518   518 W UserSystemPackageInstaller: com.android.theme.icon_pack.victor.settings is allowlisted but not present.
08-23 08:42:25.141   518   518 W UserSystemPackageInstaller: com.android.theme.icon_pack.rounded.systemui is allowlisted but not present.
08-23 08:42:25.141   518   518 W UserSystemPackageInstaller: com.android.theme.icon.taperedrect is allowlisted but not present.
08-23 08:42:25.141   518   518 W UserSystemPackageInstaller: com.android.theme.icon_pack.rounded.android is allowlisted but not present.
08-23 08:42:25.141   518   518 W UserSystemPackageInstaller: com.android.internal.systemui.onehanded.gestural is allowlisted but not present.
08-23 08:42:25.141   518   518 W UserSystemPackageInstaller: com.android.theme.icon_pack.victor.systemui is allowlisted but not present.
08-23 08:42:25.141   518   518 W UserSystemPackageInstaller: com.android.theme.icon_pack.circular.themepicker is allowlisted but not present.
08-23 08:42:25.141   518   518 W UserSystemPackageInstaller: com.android.theme.color.tangerine is allowlisted but not present.
08-23 08:42:25.141   518   518 W UserSystemPackageInstaller: com.android.theme.color.aquamarine is allowlisted but not present.
08-23 08:42:25.141   518   518 W UserSystemPackageInstaller: com.android.theme.color.black is allowlisted but not present.
08-23 08:42:25.141   518   518 W UserSystemPackageInstaller: com.android.theme.color.green is allowlisted but not present.
08-23 08:42:25.141   518   518 W UserSystemPackageInstaller: com.android.theme.color.ocean is allowlisted but not present.
08-23 08:42:25.141   518   518 W UserSystemPackageInstaller: com.android.theme.color.space is allowlisted but not present.
08-23 08:42:25.141   518   518 W UserSystemPackageInstaller: com.android.theme.icon_pack.rounded.launcher is allowlisted but not present.
08-23 08:42:25.141   518   518 W UserSystemPackageInstaller: com.android.theme.icon_pack.kai.settings is allowlisted but not present.
08-23 08:42:25.141   518   518 W UserSystemPackageInstaller: com.android.internal.systemui.navbar.twobutton is allowlisted but not present.
08-23 08:42:25.141   518   518 W UserSystemPackageInstaller: com.android.theme.icon_pack.sam.settings is allowlisted but not present.
08-23 08:42:25.141   518   518 W UserSystemPackageInstaller: com.android.theme.icon_pack.kai.themepicker is allowlisted but not present.
08-23 08:42:25.141   518   518 W UserSystemPackageInstaller: com.android.theme.icon_pack.victor.launcher is allowlisted but not present.
08-23 08:42:25.141   518   518 W UserSystemPackageInstaller: com.android.theme.icon_pack.filled.settings is allowlisted but not present.
08-23 08:42:25.141   518   518 W UserSystemPackageInstaller: com.android.theme.icon_pack.kai.systemui is allowlisted but not present.
08-23 08:42:25.141   518   518 W UserSystemPackageInstaller: com.android.theme.icon_pack.circular.settings is allowlisted but not present.
08-23 08:42:25.141   518   518 W UserSystemPackageInstaller: com.android.theme.icon_pack.sam.systemui is allowlisted but not present.
08-23 08:42:25.141   518   518 W UserSystemPackageInstaller: com.android.theme.icon.teardrop is allowlisted but not present.
08-23 08:42:25.141   518   518 W UserSystemPackageInstaller: com.android.theme.icon_pack.rounded.themepicker is allowlisted but not present.
08-23 08:42:25.141   518   518 W UserSystemPackageInstaller: com.android.theme.icon_pack.filled.systemui is allowlisted but not present.
08-23 08:42:25.141   518   518 W UserSystemPackageInstaller: com.android.theme.icon_pack.sam.android is allowlisted but not present.
08-23 08:42:25.141   518   518 W UserSystemPackageInstaller: com.android.theme.icon_pack.filled.android is allowlisted but not present.
08-23 08:42:25.141   518   518 W UserSystemPackageInstaller: com.android.theme.icon_pack.circular.systemui is allowlisted but not present.
08-23 08:42:25.141   518   518 W UserSystemPackageInstaller: com.android.theme.icon_pack.kai.android is allowlisted but not present.
08-23 08:42:25.141   518   518 W UserSystemPackageInstaller: com.android.theme.icon_pack.kai.launcher is allowlisted but not present.
08-23 08:42:25.141   518   518 W UserSystemPackageInstaller: com.android.theme.icon_pack.sam.launcher is allowlisted but not present.
08-23 08:42:25.141   518   518 W UserSystemPackageInstaller: com.android.theme.icon.squircle is allowlisted but not present.
08-23 08:42:25.141   518   518 W UserSystemPackageInstaller: com.android.theme.icon_pack.victor.android is allowlisted but not present.
08-23 08:42:25.141   518   518 W UserSystemPackageInstaller: com.android.theme.color.palette is allowlisted but not present.
08-23 08:42:25.141   518   518 W UserSystemPackageInstaller: com.android.theme.icon_pack.filled.launcher is allowlisted but not present.
08-23 08:42:25.141   518   518 W UserSystemPackageInstaller: com.android.theme.color.carbon is allowlisted but not present.
08-23 08:42:25.141   518   518 W UserSystemPackageInstaller: com.android.theme.icon_pack.circular.launcher is allowlisted but not present.
08-23 08:42:25.141   518   518 W UserSystemPackageInstaller: com.android.theme.icon_pack.filled.themepicker is allowlisted but not present.
08-23 08:42:25.141   518   518 W UserSystemPackageInstaller: com.android.wallpaperbackup is allowlisted but not present.
08-23 08:42:25.142   518   518 W UserSystemPackageInstaller: com.android.theme.icon_pack.victor.themepicker is allowlisted but not present.
08-23 08:42:25.142   518   518 W UserSystemPackageInstaller: com.android.theme.color.orchid is allowlisted but not present.
08-23 08:42:25.142   518   518 W UserSystemPackageInstaller: com.android.theme.color.purple is allowlisted but not present.
08-23 08:42:25.142   518   518 W UserSystemPackageInstaller: com.android.theme.icon_pack.sam.themepicker is allowlisted but not present.
08-23 08:42:25.142   518   518 W UserSystemPackageInstaller: com.android.theme.icon.roundedrect is allowlisted but not present.
08-23 08:42:25.142   518   518 W UserSystemPackageInstaller: com.android.theme.icon_pack.rounded.settings is allowlisted but not present.
08-23 08:42:25.142   518   518 W UserSystemPackageInstaller: com.android.theme.icon_pack.circular.android is allowlisted but not present.
08-23 08:42:25.144   518   518 I Watchdog: Resuming HandlerChecker: main thread for reason: packagemanagermain. Pause count: 0
08-23 08:42:25.145   518   518 I SystemServerDexLoadReporter: Configuring system server dex reporter
08-23 08:42:25.146   518   518 D SystemServerTiming: StartOtaDexOptService
08-23 08:42:25.146   518   518 I Watchdog: Pausing HandlerChecker: main thread for reason: moveab. Pause count: 1
08-23 08:42:25.146   518   518 D OTADexopt: No upgrade, skipping A/B artifacts check.
08-23 08:42:25.147   518   518 I Watchdog: Resuming HandlerChecker: main thread for reason: moveab. Pause count: 0
08-23 08:42:25.147   518   518 D SystemServerTiming: StartUserManagerService
08-23 08:42:25.147   518   518 I SystemServiceManager: Starting com.android.server.pm.UserManagerService$LifeCycle
08-23 08:42:25.147   518   518 D SystemServerTiming: InitAttributerCache
08-23 08:42:25.147   518   518 D SystemServerTiming: SetSystemProcess
08-23 08:42:25.151   518   547 I ActivityManager: Connection with lmkd established
08-23 08:42:25.153   518   533 V HistoricalRegistry: Interaction before persistence initialized
08-23 08:42:25.156   518   518 D CompatibilityChangeReporter: Compat change id reported: 161145287; UID 1000; state: DISABLED
08-23 08:42:25.157   518   518 D SystemServerTiming: InitWatchdog
08-23 08:42:25.157   518   518 D SystemServerTiming: StartOverlayManagerService
08-23 08:42:25.167     1     1 I init    : service 'idmap2d' requested start, but it is already running (flags: 4)
08-23 08:42:25.172     1     1 I init    : Control message: Processed ctl.start for 'idmap2d' from pid: 518 (system_server)
08-23 08:42:25.171   518   533 V HistoricalRegistry: Interaction before persistence initialized
08-23 08:42:25.195   455   579 I storaged: storaged: Start
08-23 08:42:25.195   518   518 D SystemServerTiming: StartResourcesManagerService
08-23 08:42:25.195   518   518 D SystemServerTiming: StartSensorPrivacyService
08-23 08:42:25.196   518   535 W ActivityTaskManager: Skip updateConfiguration because mWindowManager isn't set
08-23 08:42:25.209   518   575 W PackageManager: Skipping preparing app data for com.android.sdksandbox
08-23 08:42:25.210   518   575 W PackageManager: Failed to migrate com.android.sdksandbox: android.os.ServiceSpecificException: Failed to mark default storage /data/data/com.android.sdksandbox (code 2)
08-23 08:42:25.210   518   575 W PackageManager: Skipping preparing app data for com.android.sdksandbox
08-23 08:42:25.213   518   518 D SystemServerTiming: StartSensorService
08-23 08:42:25.213   518   518 I SystemServiceManager: Starting com.android.server.sensors.SensorService
08-23 08:42:25.214   518   518 D SystemServerTiming: startCoreServices
08-23 08:42:25.214   518   518 D SystemServerTiming: StartSystemConfigService
08-23 08:42:25.214   518   518 I SystemServiceManager: Starting com.android.server.SystemConfigService
08-23 08:42:25.214   518   581 D SystemServerTimingAsync: InitThreadPoolExec:StartNativeSensorService
08-23 08:42:25.214   518   581 D SystemServerInitThreadPool: Started executing StartNativeSensorService
08-23 08:42:25.214   518   581 D SystemServerTimingAsync: StartNativeSensorService
08-23 08:42:25.214   518   518 D SystemServerTiming: StartBatteryService
08-23 08:42:25.214   518   518 I SystemServiceManager: Starting com.android.server.BatteryService
08-23 08:42:25.220   518   581 V HistoricalRegistry: Interaction before persistence initialized
08-23 08:42:25.220   518   552 E KernelCpuUidFreqTimeReader: Failed to read /proc/uid_time_in_state: java.nio.file.NoSuchFileException: /proc/uid_time_in_state
08-23 08:42:25.220   518   552 E KernelCpuSpeedReader: Failed to read cpu-freq: /sys/devices/system/cpu/cpu0/cpufreq/stats/time_in_state: open failed: ENOENT (No such file or directory)
08-23 08:42:25.221   518   581 D SystemServerInitThreadPool: Finished executing StartNativeSensorService
08-23 08:42:25.221   518   518 I HealthServiceWrapperHidl: health: HealthServiceWrapper listening to instance default
08-23 08:42:25.221   518   518 I BatteryService: health: Waited 0ms and received the update.
